Component: ARM Compiler 5.06 update 4 (build 422) Tool: armlink [4d35d2]

==============================================================================

Section Cross References

    application.o(.text) refers to led.o(.text) for rt_hw_led_init
    application.o(.text) refers to thread.o(.text) for rt_thread_delay
    application.o(.text) refers to components.o(.text) for rt_components_init
    application.o(.text) refers to application.o(.bss) for led_stack
    startup.o(.text) refers to kservice.o(.text) for rt_kprintf
    startup.o(.text) refers to board.o(.text) for rt_hw_board_init
    startup.o(.text) refers to mem.o(.text) for rt_system_heap_init
    startup.o(.text) refers to scheduler.o(.text) for rt_system_scheduler_init
    startup.o(.text) refers to timer.o(.text) for rt_system_timer_init
    startup.o(.text) refers to application.o(.text) for rt_application_init
    startup.o(.text) refers to idle.o(.text) for rt_thread_idle_init
    startup.o(.text) refers to context_rvds.o(.text) for rt_hw_interrupt_disable
    board.o(.text) refers to misc.o(.text) for NVIC_SetVectorTable
    board.o(.text) refers to irq.o(.text) for rt_interrupt_enter
    board.o(.text) refers to clock.o(.text) for rt_tick_increase
    board.o(.text) refers to usart.o(.text) for rt_hw_usart_init
    board.o(.text) refers to kservice.o(.text) for rt_console_set_device
    board.o(.text) refers to components.o(.text) for rt_components_board_init
    board.o(.text) refers to system_stm32f10x.o(.data) for SystemCoreClock
    usart.o(.text) refers to kservice.o(.text) for rt_assert_handler
    usart.o(.text) refers to stm32f10x_usart.o(.text) for USART_Init
    usart.o(.text) refers to stm32f10x_rcc.o(.text) for RCC_AHBPeriphClockCmd
    usart.o(.text) refers to stm32f10x_dma.o(.text) for DMA_DeInit
    usart.o(.text) refers to misc.o(.text) for NVIC_Init
    usart.o(.text) refers to serial.o(.text) for rt_hw_serial_isr
    usart.o(.text) refers to irq.o(.text) for rt_interrupt_enter
    usart.o(.text) refers to stm32f10x_gpio.o(.text) for GPIO_Init
    usart.o(.text) refers to usart.o(.constdata) for __FUNCTION__
    usart.o(.text) refers to usart.o(.bss) for serial1
    usart.o(.text) refers to usart.o(.data) for uart1
    usart.o(.constdata) refers to usart.o(.text) for stm32_configure
    system_stm32f10x.o(.text) refers to system_stm32f10x.o(.data) for SystemCoreClock
    stm32f10x_rcc.o(.text) refers to startup.o(.text) for assert_failed
    stm32f10x_rcc.o(.text) refers to stm32f10x_rcc.o(.data) for APBAHBPrescTable
    stm32f10x_wwdg.o(.text) refers to stm32f10x_rcc.o(.text) for RCC_APB1PeriphResetCmd
    stm32f10x_wwdg.o(.text) refers to startup.o(.text) for assert_failed
    stm32f10x_pwr.o(.text) refers to stm32f10x_rcc.o(.text) for RCC_APB1PeriphResetCmd
    stm32f10x_pwr.o(.text) refers to startup.o(.text) for assert_failed
    stm32f10x_exti.o(.text) refers to startup.o(.text) for assert_failed
    stm32f10x_bkp.o(.text) refers to stm32f10x_rcc.o(.text) for RCC_BackupResetCmd
    stm32f10x_bkp.o(.text) refers to startup.o(.text) for assert_failed
    stm32f10x_i2c.o(.text) refers to startup.o(.text) for assert_failed
    stm32f10x_i2c.o(.text) refers to stm32f10x_rcc.o(.text) for RCC_APB1PeriphResetCmd
    stm32f10x_adc.o(.text) refers to startup.o(.text) for assert_failed
    stm32f10x_adc.o(.text) refers to stm32f10x_rcc.o(.text) for RCC_APB2PeriphResetCmd
    stm32f10x_dac.o(.text) refers to stm32f10x_rcc.o(.text) for RCC_APB1PeriphResetCmd
    stm32f10x_dac.o(.text) refers to startup.o(.text) for assert_failed
    stm32f10x_rtc.o(.text) refers to startup.o(.text) for assert_failed
    stm32f10x_fsmc.o(.text) refers to startup.o(.text) for assert_failed
    stm32f10x_tim.o(.text) refers to startup.o(.text) for assert_failed
    stm32f10x_tim.o(.text) refers to stm32f10x_rcc.o(.text) for RCC_APB2PeriphResetCmd
    stm32f10x_iwdg.o(.text) refers to startup.o(.text) for assert_failed
    stm32f10x_spi.o(.text) refers to startup.o(.text) for assert_failed
    stm32f10x_spi.o(.text) refers to stm32f10x_rcc.o(.text) for RCC_APB2PeriphResetCmd
    stm32f10x_flash.o(.text) refers to startup.o(.text) for assert_failed
    stm32f10x_sdio.o(.text) refers to startup.o(.text) for assert_failed
    stm32f10x_gpio.o(.text) refers to startup.o(.text) for assert_failed
    stm32f10x_gpio.o(.text) refers to stm32f10x_rcc.o(.text) for RCC_APB2PeriphResetCmd
    stm32f10x_usart.o(.text) refers to startup.o(.text) for assert_failed
    stm32f10x_usart.o(.text) refers to stm32f10x_rcc.o(.text) for RCC_APB2PeriphResetCmd
    stm32f10x_dbgmcu.o(.text) refers to startup.o(.text) for assert_failed
    stm32f10x_dma.o(.text) refers to startup.o(.text) for assert_failed
    stm32f10x_can.o(.text) refers to startup.o(.text) for assert_failed
    stm32f10x_can.o(.text) refers to stm32f10x_rcc.o(.text) for RCC_APB1PeriphResetCmd
    stm32f10x_cec.o(.text) refers to stm32f10x_rcc.o(.text) for RCC_APB1PeriphResetCmd
[...]
    cmd_canstat                              0x0800aee9   Thumb Code   516  can.o(.text)
    finsh_set_device                         0x0800b143   Thumb Code   156  shell.o(.text)
    finsh_get_device                         0x0800b1df   Thumb Code    28  shell.o(.text)
    finsh_set_echo                           0x0800b1fb   Thumb Code    30  shell.o(.text)
    finsh_get_echo                           0x0800b219   Thumb Code    32  shell.o(.text)
    finsh_run_line                           0x0800b255   Thumb Code    90  shell.o(.text)
    finsh_thread_entry                       0x0800b387   Thumb Code  1634  shell.o(.text)
    finsh_system_function_init               0x0800b9e9   Thumb Code    10  shell.o(.text)
    finsh_system_var_init                    0x0800b9f3   Thumb Code    10  shell.o(.text)
    finsh_system_init                        0x0800b9fd   Thumb Code   122  shell.o(.text)
    hello                                    0x0800bae1   Thumb Code    12  cmd.o(.text)
    version                                  0x0800baed   Thumb Code    10  cmd.o(.text)
    list_thread                              0x0800bbf5   Thumb Code    10  cmd.o(.text)
    list_sem                                 0x0800bcb7   Thumb Code    12  cmd.o(.text)
    list_event                               0x0800bd41   Thumb Code    12  cmd.o(.text)
    list_mutex                               0x0800bda9   Thumb Code    12  cmd.o(.text)
    list_mailbox                             0x0800be59   Thumb Code    12  cmd.o(.text)
    list_msgqueue                            0x0800c1cf   Thumb Code    10  cmd.o(.text)
    list_mempool                             0x0800c25f   Thumb Code    12  cmd.o(.text)
    list_timer                               0x0800c2db   Thumb Code    12  cmd.o(.text)
    list_device                              0x0800c363   Thumb Code    12  cmd.o(.text)
    list                                     0x0800c36f   Thumb Code   126  cmd.o(.text)
    list_prefix                              0x0800c42f   Thumb Code  1014  cmd.o(.text)
    finsh_compiler_run                       0x0800e007   Thumb Code    88  finsh_compiler.o(.text)
    finsh_error_init                         0x0800e071   Thumb Code     8  finsh_error.o(.text)
    finsh_error_set                          0x0800e079   Thumb Code    10  finsh_error.o(.text)
    finsh_errno                              0x0800e083   Thumb Code     6  finsh_error.o(.text)
    finsh_error_string                       0x0800e089   Thumb Code    10  finsh_error.o(.text)
    finsh_heap_init                          0x0800e09d   Thumb Code    36  finsh_heap.o(.text)
    finsh_heap_free                          0x0800e1c1   Thumb Code    34  finsh_heap.o(.text)
    finsh_heap_allocate                      0x0800e231   Thumb Code   106  finsh_heap.o(.text)
    finsh_init                               0x0800e2ad   Thumb Code    30  finsh_init.o(.text)
    finsh_stack_bottom                       0x0800e2cb   Thumb Code     6  finsh_init.o(.text)
    finsh_flush                              0x0800e2d1   Thumb Code    22  finsh_init.o(.text)
    finsh_reset                              0x0800e2e7   Thumb Code    24  finsh_init.o(.text)
    finsh_node_init                          0x0800e305   Thumb Code    16  finsh_node.o(.text)
    finsh_node_allocate                      0x0800e315   Thumb Code    56  finsh_node.o(.text)
    finsh_node_new_id                        0x0800e34d   Thumb Code   118  finsh_node.o(.text)
    finsh_node_new_char                      0x0800e3c3   Thumb Code    30  finsh_node.o(.text)
    finsh_node_new_int                       0x0800e3e1   Thumb Code    30  finsh_node.o(.text)
    finsh_node_new_long                      0x0800e3ff   Thumb Code    30  finsh_node.o(.text)
    finsh_node_new_string                    0x0800e41d   Thumb Code    74  finsh_node.o(.text)
    finsh_node_new_ptr                       0x0800e467   Thumb Code    30  finsh_node.o(.text)
    OP_no_op                                 0x0800e489   Thumb Code     2  finsh_ops.o(.text)
    OP_add_byte                              0x0800e48b   Thumb Code    42  finsh_ops.o(.text)
    OP_add_word                              0x0800e4b5   Thumb Code    44  finsh_ops.o(.text)
    OP_add_dword                             0x0800e4e1   Thumb Code    42  finsh_ops.o(.text)
    OP_sub_byte                              0x0800e50b   Thumb Code    42  finsh_ops.o(.text)
    OP_sub_word                              0x0800e535   Thumb Code    44  finsh_ops.o(.text)
    OP_sub_dword                             0x0800e561   Thumb Code    42  finsh_ops.o(.text)
    OP_div_byte                              0x0800e58b   Thumb Code    44  finsh_ops.o(.text)
    OP_div_word                              0x0800e5b7   Thumb Code    46  finsh_ops.o(.text)
    OP_div_dword                             0x0800e5e5   Thumb Code    44  finsh_ops.o(.text)
    OP_mod_byte                              0x0800e611   Thumb Code    48  finsh_ops.o(.text)
    OP_mod_word                              0x0800e641   Thumb Code    48  finsh_ops.o(.text)
    OP_mod_dword                             0x0800e671   Thumb Code    48  finsh_ops.o(.text)
    OP_mul_byte                              0x0800e6a1   Thumb Code    42  finsh_ops.o(.text)
    OP_mul_word                              0x0800e6cb   Thumb Code    44  finsh_ops.o(.text)
    OP_mul_dword                             0x0800e6f7   Thumb Code    42  finsh_ops.o(.text)
    OP_and_byte                              0x0800e721   Thumb Code    42  finsh_ops.o(.text)
    OP_and_word                              0x0800e74b   Thumb Code    42  finsh_ops.o(.text)
    OP_and_dword                             0x0800e775   Thumb Code    42  finsh_ops.o(.text)
    OP_or_byte                               0x0800e79f   Thumb Code    42  finsh_ops.o(.text)
    OP_or_word                               0x0800e7c9   Thumb Code    42  finsh_ops.o(.text)
    OP_or_dword                              0x0800e7f3   Thumb Code    42  finsh_ops.o(.text)
    OP_xor_byte                              0x0800e81d   Thumb Code    42  finsh_ops.o(.text)
    OP_xor_word                              0x0800e847   Thumb Code    46  finsh_ops.o(.text)
    OP_xor_dword                             0x0800e875   Thumb Code    42  finsh_ops.o(.text)
    OP_bw_byte                               0x0800e89f   Thumb Code    20  finsh_ops.o(.text)
    OP_bw_word                               0x0800e8b3   Thumb Code    20  finsh_ops.o(.text)
    OP_bw_dword                              0x0800e8c7   Thumb Code    20  finsh_ops.o(.text)
    OP_shl_byte                              0x0800e8db   Thumb Code    42  finsh_ops.o(.text)
    OP_shl_word                              0x0800e905   Thumb Code    44  finsh_ops.o(.text)
    OP_shl_dword                             0x0800e931   Thumb Code    42  finsh_ops.o(.text)
    OP_shr_byte                              0x0800e95b   Thumb Code    42  finsh_ops.o(.text)
    OP_shr_word                              0x0800e985   Thumb Code    42  finsh_ops.o(.text)
    OP_shr_dword                             0x0800e9af   Thumb Code    42  finsh_ops.o(.text)
    OP_ld_byte                               0x0800e9d9   Thumb Code    34  finsh_ops.o(.text)
    OP_ld_word                               0x0800e9fb   Thumb Code    46  finsh_ops.o(.text)
    OP_ld_dword                              0x0800ea29   Thumb Code    64  finsh_ops.o(.text)
    OP_ld_value_byte                         0x0800ea69   Thumb Code    66  finsh_ops.o(.text)
    OP_ld_value_byte_stack                   0x0800eaab   Thumb Code    20  finsh_ops.o(.text)
    OP_ld_value_word                         0x0800eabf   Thumb Code    66  finsh_ops.o(.text)
    OP_ld_value_word_stack                   0x0800eb01   Thumb Code    20  finsh_ops.o(.text)
    OP_ld_value_dword                        0x0800eb15   Thumb Code    66  finsh_ops.o(.text)
    OP_ld_value_dword_stack                  0x0800eb57   Thumb Code    20  finsh_ops.o(.text)
    OP_st_byte                               0x0800eb6b   Thumb Code    30  finsh_ops.o(.text)
    OP_st_word                               0x0800eb89   Thumb Code    30  finsh_ops.o(.text)
    OP_st_dword                              0x0800eba7   Thumb Code    30  finsh_ops.o(.text)
    OP_pop                                   0x0800ebc5   Thumb Code    12  finsh_ops.o(.text)
    OP_call                                  0x0800ebd1   Thumb Code   906  finsh_ops.o(.text)
    finsh_parser_run                         0x0800f7f1   Thumb Code   220  finsh_parser.o(.text)
    finsh_parser_init                        0x0800f8cd   Thumb Code    16  finsh_parser.o(.text)
    finsh_var_init                           0x0800f8dd   Thumb Code    14  finsh_var.o(.text)
    finsh_var_insert                         0x0800f8eb   Thumb Code   114  finsh_var.o(.text)
    finsh_var_delete                         0x0800f95d   Thumb Code    68  finsh_var.o(.text)
    finsh_var_lookup                         0x0800f9a1   Thumb Code    58  finsh_var.o(.text)
    finsh_sysvar_append                      0x0800f9db   Thumb Code    62  finsh_var.o(.text)
    finsh_sysvar_lookup                      0x0800fa19   Thumb Code    78  finsh_var.o(.text)
    finsh_vm_run                             0x0800fa79   Thumb Code    62  finsh_vm.o(.text)
    finsh_syscall_append                     0x0800fab7   Thumb Code    54  finsh_vm.o(.text)
    finsh_syscall_lookup                     0x0800faed   Thumb Code    78  finsh_vm.o(.text)
    finsh_token_init                         0x0800fb5d   Thumb Code    20  finsh_token.o(.text)
    token_get_string                         0x0800ff75   Thumb Code   120  finsh_token.o(.text)
    finsh_token_token                        0x080101ad   Thumb Code    24  finsh_token.o(.text)
    finsh_token_get_token                    0x080101c5   Thumb Code    20  finsh_token.o(.text)
    rt_components_board_init                 0x080101ed   Thumb Code    20  components.o(.text)
    rt_components_init                       0x08010201   Thumb Code    26  components.o(.text)
    rt_hw_led_init                           0x0801023d   Thumb Code    60  led.o(.text)
    rt_hw_led_on                             0x08010279   Thumb Code    12  led.o(.text)
    rt_hw_led_off                            0x08010285   Thumb Code    12  led.o(.text)
    INCWriteLed                              0x08010291   Thumb Code    46  led.o(.text)
    readPins                                 0x080103fd   Thumb Code   292  finsh_dio.o(.text)
    sendMessage                              0x080109d5   Thumb Code    16  finsh_test.o(.text)
    exit_start                               0x080109e5   Thumb Code    52  finsh_test.o(.text)
    getUSBCurrent                            0x08010b01   Thumb Code   126  finsh_adc.o(.text)
    MCP3421StartConvertion                   0x08010bcd   Thumb Code    38  mcp3421.o(.text)
    MCP3421SetConvertionModeContinuous       0x08010bf3   Thumb Code    20  mcp3421.o(.text)
    MCP3421SetConvertionModeOneShot          0x08010c07   Thumb Code    16  mcp3421.o(.text)
    MCP3421SetConvertionRate                 0x08010c17   Thumb Code   108  mcp3421.o(.text)
    MCP3421SetPGAGain                        0x08010c83   Thumb Code   108  mcp3421.o(.text)
    MCP3421GetValue                          0x08010cef   Thumb Code    58  mcp3421.o(.text)
    SoftI2c_Init                             0x08010d45   Thumb Code    20  mcu_softi2c.o(.text)
    SoftI2c_start                            0x08010d59   Thumb Code    48  mcu_softi2c.o(.text)
    SoftI2c_stop                             0x08010d89   Thumb Code    48  mcu_softi2c.o(.text)
    SoftI2c_wait_ack                         0x08010db9   Thumb Code    78  mcu_softi2c.o(.text)
    SoftI2c_send_ack                         0x08010e07   Thumb Code    54  mcu_softi2c.o(.text)
    SoftI2c_send_no_ack                      0x08010e3d   Thumb Code    54  mcu_softi2c.o(.text)
    SoftI2c_send_byte                        0x08010e73   Thumb Code    80  mcu_softi2c.o(.text)
    SoftI2c_read_byte                        0x08010ec3   Thumb Code    92  mcu_softi2c.o(.text)
    SoftI2c_writes                           0x08010f1f   Thumb Code   368  mcu_softi2c.o(.text)
    SoftI2c_reads                            0x0801108f   Thumb Code   404  mcu_softi2c.o(.text)
    pinMode                                  0x08011225   Thumb Code   180  mcu_gpio.o(.text)
    pinSet                                   0x080112d9   Thumb Code     8  mcu_gpio.o(.text)
    pinReset                                 0x080112e1   Thumb Code     8  mcu_gpio.o(.text)
    pinWrite                                 0x080112e9   Thumb Code    18  mcu_gpio.o(.text)
    pinRead                                  0x080112fb   Thumb Code    20  mcu_gpio.o(.text)
    pinToggle                                0x0801130f   Thumb Code    14  mcu_gpio.o(.text)
    SPI_init                                 0x08011325   Thumb Code   292  mcu_spi.o(.text)
    Spi_writeByte                            0x08011449   Thumb Code    44  mcu_spi.o(.text)
    Spi_writeBytes                           0x08011475   Thumb Code    60  mcu_spi.o(.text)
    Spi_readByte                             0x080114b1   Thumb Code    44  mcu_spi.o(.text)
    Spi_readBytes                            0x080114dd   Thumb Code    58  mcu_spi.o(.text)
    ReadWriteSPI                             0x08011517   Thumb Code   100  mcu_spi.o(.text)
    exit_nvic_init                           0x080115a5   Thumb Code    38  mcu_exit.o(.text)
    exit_init                                0x080115cb   Thumb Code   604  mcu_exit.o(.text)
    EXTI0_IRQHandler                         0x08011827   Thumb Code    32  mcu_exit.o(.text)
    EXTI1_IRQHandler                         0x08011847   Thumb Code    32  mcu_exit.o(.text)
    EXTI2_IRQHandler                         0x08011867   Thumb Code    32  mcu_exit.o(.text)
    EXTI3_IRQHandler                         0x08011887   Thumb Code    32  mcu_exit.o(.text)
    EXTI4_IRQHandler                         0x080118a7   Thumb Code    32  mcu_exit.o(.text)
    EXTI9_5_IRQHandler                       0x080118c7   Thumb Code   126  mcu_exit.o(.text)
    EXTI15_10_IRQHandler                     0x08011945   Thumb Code   244  mcu_exit.o(.text)
    sec_event                                0x08011a41   Thumb Code    90  mcu_rtc.o(.text)
    set_clock                                0x08011a9b   Thumb Code    24  mcu_rtc.o(.text)
    Rtc_get_counter                          0x08011ab3   Thumb Code     8  mcu_rtc.o(.text)
    Rtc_init                                 0x08011ba1   Thumb Code   172  mcu_rtc.o(.text)
    Rtc_set_counter                          0x08011c4d   Thumb Code    20  mcu_rtc.o(.text)
    Rtc_set_alarm                            0x08011c61   Thumb Code    20  mcu_rtc.o(.text)
    Rtc_sec_interrupt                        0x08011c75   Thumb Code    44  mcu_rtc.o(.text)
    Rtc_alarm_interrupt                      0x08011ca1   Thumb Code    44  mcu_rtc.o(.text)
    Rtc_overflow_interrupt                   0x08011ccd   Thumb Code    44  mcu_rtc.o(.text)
    Rtc_interrupt_en                         0x08011cf9   Thumb Code    48  mcu_rtc.o(.text)
    RTC_IRQHandler                           0x08011d29   Thumb Code    64  mcu_rtc.o(.text)
    rtc_sec_sendMessage1                     0x08011e25   Thumb Code    20  finsh_rtc.o(.text)
    rtc_alarm_sendMessage1                   0x08011e39   Thumb Code    10  finsh_rtc.o(.text)
    rtc_overflow_sendMessage1                0x08011e43   Thumb Code    10  finsh_rtc.o(.text)
    rtc_basic                                0x08011e4d   Thumb Code    60  finsh_rtc.o(.text)
    rtcsecit                                 0x08011e89   Thumb Code    22  finsh_rtc.o(.text)
    rtc_clock                                0x08011e9f   Thumb Code    40  finsh_rtc.o(.text)
    rtc_sec_event                            0x08011ec7   Thumb Code    86  finsh_rtc.o(.text)
    calendar_app                             0x08011f1d   Thumb Code    70  finsh_rtc.o(.text)
    delay_us                                 0x08012055   Thumb Code    72  delay_1.o(.text)
    delay_ms                                 0x0801209d   Thumb Code    18  delay_1.o(.text)
    rt_hw_us_delay                           0x080120af   Thumb Code    38  delay_1.o(.text)
    shift_in                                 0x080120dd   Thumb Code    90  sys.o(.text)
    shift_out                                0x08012137   Thumb Code    94  sys.o(.text)
    hc165_init                               0x08012195   Thumb Code    76  74hc165.o(.text)
    hc165_read                               0x080121e1   Thumb Code    70  74hc165.o(.text)
    hc595_init                               0x0801222d   Thumb Code    34  74hc595.o(.text)
    hc595_write                              0x0801224f   Thumb Code    46  74hc595.o(.text)
    hc595_updata                             0x0801227d   Thumb Code    26  74hc595.o(.text)
    Flash_write                              0x0801229d   Thumb Code    90  finsh_flash.o(.text)
    w25qxx_init                              0x080123d1   Thumb Code    24  w25qxx.o(.text)
    w25qxx_read                              0x08012441   Thumb Code   110  w25qxx.o(.text)
    w25qxx_fast_read                         0x080124af   Thumb Code   122  w25qxx.o(.text)
    w25qxx_waitBusy                          0x08012529   Thumb Code    22  w25qxx.o(.text)
    w25qxx_write_page                        0x0801253f   Thumb Code   120  w25qxx.o(.text)
    w25qxx_write_no_check                    0x080125b7   Thumb Code    74  w25qxx.o(.text)
    w25qxx_erase_sector                      0x08012601   Thumb Code    82  w25qxx.o(.text)
    w25qxx_write                             0x08012653   Thumb Code   188  w25qxx.o(.text)
    w25qxx_erase_chip                        0x0801270f   Thumb Code    34  w25qxx.o(.text)
    w25qxx_powerDown                         0x08012731   Thumb Code    24  w25qxx.o(.text)
    w25qxx_wakeUP                            0x08012749   Thumb Code    36  w25qxx.o(.text)
    rgbSensor_init                           0x0801276d   Thumb Code   108  finsh_rgb_sensor.o(.text)
    rgbSensor_loop                           0x080127d9   Thumb Code    64  finsh_rgb_sensor.o(.text)
    isl29125_init                            0x080128dd   Thumb Code   202  isl29125.o(.text)
    isl29125_init_int                        0x080129a7   Thumb Code   298  isl29125.o(.text)
    isl29125_read_rgb_lux                    0x08012ad1   Thumb Code   234  isl29125.o(.text)
    isl29125_read_rgb_color                  0x08012bbb   Thumb Code   100  isl29125.o(.text)
    isl29125_set_mode                        0x08012c1f   Thumb Code    74  isl29125.o(.text)
    isl29125_read_irq_status                 0x08012c69   Thumb Code    42  isl29125.o(.text)
    L6480_Delay                              0x08012ebd   Thumb Code    18  l6480.o(.text)
    L6480_Reset_And_Standby                  0x08012ecf   Thumb Code    28  l6480.o(.text)
    L6480_Regs_Struct_Reset                  0x08012eeb   Thumb Code    96  l6480.o(.text)
    L6480_Write_Byte                         0x08012f4b   Thumb Code   100  l6480.o(.text)
    L6480_Set_Param                          0x08012faf   Thumb Code   110  l6480.o(.text)
    L6480_Registers_Set                      0x0801301d   Thumb Code   208  l6480.o(.text)
    L6480_Registers_Get                      0x080130ed   Thumb Code     2  l6480.o(.text)
    L6480_Registers_Check                    0x080130ef   Thumb Code     6  l6480.o(.text)
    L6480_Nop                                0x080130f5   Thumb Code    10  l6480.o(.text)
    L6480_Get_Param                          0x080130ff   Thumb Code   132  l6480.o(.text)
    L6480_Run                                0x08013183   Thumb Code    38  l6480.o(.text)
    L6480_Step_Clock                         0x080131a9   Thumb Code    14  l6480.o(.text)
    L6480_Move                               0x080131b7   Thumb Code    38  l6480.o(.text)
    L6480_Go_To                              0x080131dd   Thumb Code    34  l6480.o(.text)
    L6480_Go_To_Dir                          0x080131ff   Thumb Code    38  l6480.o(.text)
    L6480_Go_Until                           0x08013225   Thumb Code    44  l6480.o(.text)
    L6480_Release_SW                         0x08013251   Thumb Code    20  l6480.o(.text)
    L6480_Go_Home                            0x08013265   Thumb Code    10  l6480.o(.text)
    L6480_Go_Mark                            0x0801326f   Thumb Code    10  l6480.o(.text)
    L6480_Reset_Pos                          0x08013279   Thumb Code    10  l6480.o(.text)
    L6480_Reset_Device                       0x08013283   Thumb Code    10  l6480.o(.text)
    L6480_Soft_Stop                          0x0801328d   Thumb Code    10  l6480.o(.text)
    L6480_Hard_Stop                          0x08013297   Thumb Code    10  l6480.o(.text)
    L6480_Soft_HiZ                           0x080132a1   Thumb Code    10  l6480.o(.text)
    L6480_Hard_HiZ                           0x080132ab   Thumb Code    66  l6480.o(.text)
    L6480_Get_Status                         0x080132ed   Thumb Code    44  l6480.o(.text)
    L6480_Busy_HW                            0x08013319   Thumb Code    20  l6480.o(.text)
    L6480_Busy_SW                            0x0801332d   Thumb Code    20  l6480.o(.text)
    L6480_getFlag                            0x08013341   Thumb Code    20  l6480.o(.text)
    L6480s_init                              0x08013359   Thumb Code   668  finsh_l6480.o(.text)
    L6480s_Rotate                            0x080135f5   Thumb Code    36  finsh_l6480.o(.text)
    L6480s_Move                              0x08013619   Thumb Code    36  finsh_l6480.o(.text)
    L6480s_Move_To                           0x0801363d   Thumb Code    36  finsh_l6480.o(.text)
    L6480s_Stop                              0x08013661   Thumb Code    28  finsh_l6480.o(.text)
    L6480s_Set                               0x0801367d   Thumb Code    36  finsh_l6480.o(.text)
    L6480s_Get                               0x080136a1   Thumb Code    38  finsh_l6480.o(.text)
    Calendar_init                            0x0801370d   Thumb Code    52  calendar.o(.text)
    sec_to_time                              0x08013741   Thumb Code    64  calendar.o(.text)
    sec_in_day                               0x08013781   Thumb Code    32  calendar.o(.text)
    seconds_between_2_time                   0x080137a1   Thumb Code    36  calendar.o(.text)
    is_leap_year                             0x080137c5   Thumb Code    58  calendar.o(.text)
    day_in_year                              0x080137ff   Thumb Code    70  calendar.o(.text)
    swap                                     0x08013845   Thumb Code    10  calendar.o(.text)
    days_between_2_date                      0x0801384f   Thumb Code   296  calendar.o(.text)
    update_cutdown                           0x08013977   Thumb Code  1406  calendar.o(.text)
    date_to_str                              0x08013ef5   Thumb Code   138  calendar.o(.text)
    time_to_str                              0x08013f7f   Thumb Code   126  calendar.o(.text)
    get_week                                 0x08013ffd   Thumb Code    96  calendar.o(.text)
    mon_1_3_5_7_8_10_12_add_one_day          0x0801405d   Thumb Code    36  calendar.o(.text)
    mon_4_6_9_11_add_one_day                 0x08014081   Thumb Code    36  calendar.o(.text)
    mon_2_add_one_day                        0x080140a5   Thumb Code    76  calendar.o(.text)
    add_one_day                              0x080140f1   Thumb Code   118  calendar.o(.text)
    add_one_sec                              0x08014167   Thumb Code   134  calendar.o(.text)
    timezone_adjust                          0x080141ed   Thumb Code   102  calendar.o(.text)
    Calendar_set_time                        0x08014253   Thumb Code    92  calendar.o(.text)
    Calendar_set_date                        0x080142af   Thumb Code   110  calendar.o(.text)
    Calendar_sec_process_dev                 0x0801431d   Thumb Code    46  calendar.o(.text)
    Calendar_sec_process                     0x0801434b   Thumb Code    12  calendar.o(.text)
    Calendar_set                             0x08014357   Thumb Code   112  calendar.o(.text)
    dt_changed                               0x080143c7   Thumb Code   112  calendar.o(.text)
    alarm_set                                0x08014437   Thumb Code    22  calendar.o(.text)
    alarm_check                              0x0801444d   Thumb Code    92  calendar.o(.text)
    alarm_check_only_time                    0x080144a9   Thumb Code    56  calendar.o(.text)
    alarm_enable                             0x080144e1   Thumb Code     8  calendar.o(.text)
    __aeabi_memcpy                           0x080144ed   Thumb Code    36  memcpya.o(.text)
    __aeabi_memcpy4                          0x080144ed   Thumb Code     0  memcpya.o(.text)
    __aeabi_memcpy8                          0x080144ed   Thumb Code     0  memcpya.o(.text)
    __aeabi_memset                           0x08014511   Thumb Code    14  memseta.o(.text)
    __aeabi_memset4                          0x08014511   Thumb Code     0  memseta.o(.text)
    __aeabi_memset8                          0x08014511   Thumb Code     0  memseta.o(.text)
    __aeabi_memclr                           0x0801451f   Thumb Code     4  memseta.o(.text)
    __aeabi_memclr4                          0x0801451f   Thumb Code     0  memseta.o(.text)
    __aeabi_memclr8                          0x0801451f   Thumb Code     0  memseta.o(.text)
    _memset$wrapper                          0x08014523   Thumb Code    18  memseta.o(.text)
    strncpy                                  0x08014535   Thumb Code    24  strncpy.o(.text)
    strlen                                   0x0801454d   Thumb Code    14  strlen.o(.text)
    strcmp                                   0x0801455b   Thumb Code    28  strcmp.o(.text)
    strncmp                                  0x08014577   Thumb Code    30  strncmp.o(.text)
    atoi                                     0x08014595   Thumb Code    26  atoi.o(.text)
    __aeabi_fmul                             0x080145af   Thumb Code   100  fmul.o(.text)
    __aeabi_dadd                             0x08014613   Thumb Code   322  dadd.o(.text)
    __aeabi_dsub                             0x08014755   Thumb Code     6  dadd.o(.text)
    __aeabi_drsub                            0x0801475b   Thumb Code     6  dadd.o(.text)
    __aeabi_dmul                             0x08014761   Thumb Code   228  dmul.o(.text)
    __aeabi_ddiv                             0x08014845   Thumb Code   222  ddiv.o(.text)
    __aeabi_ui2f                             0x08014923   Thumb Code    10  ffltui.o(.text)
    __aeabi_ui2d                             0x0801492d   Thumb Code    26  dfltui.o(.text)
    __aeabi_f2d                              0x08014947   Thumb Code    38  f2d.o(.text)
    __aeabi_d2f                              0x0801496d   Thumb Code    56  d2f.o(.text)
    __aeabi_uidiv                            0x080149a5   Thumb Code     0  uidiv.o(.text)
    __aeabi_uidivmod                         0x080149a5   Thumb Code    44  uidiv.o(.text)
    __aeabi_uldivmod                         0x080149d1   Thumb Code    98  uldiv.o(.text)
    __aeabi_llsl                             0x08014a33   Thumb Code    30  llshl.o(.text)
    _ll_shift_l                              0x08014a33   Thumb Code     0  llshl.o(.text)
    __aeabi_llsr                             0x08014a51   Thumb Code    32  llushr.o(.text)
    _ll_ushift_r                             0x08014a51   Thumb Code     0  llushr.o(.text)
    __aeabi_lasr                             0x08014a71   Thumb Code    36  llsshr.o(.text)
    _ll_sshift_r                             0x08014a71   Thumb Code     0  llsshr.o(.text)
    strtol                                   0x08014a95   Thumb Code   112  strtol.o(.text)
    __I$use$fp                               0x08014b05   Thumb Code     0  iusefp.o(.text)
    _float_round                             0x08014b05   Thumb Code    18  fepilogue.o(.text)
    _float_epilogue                          0x08014b17   Thumb Code    92  fepilogue.o(.text)
    _double_round                            0x08014b73   Thumb Code    30  depilogue.o(.text)
    _double_epilogue                         0x08014b91   Thumb Code   156  depilogue.o(.text)
    __aeabi_d2ulz                            0x08014c2d   Thumb Code    48  dfixul.o(.text)
    __aeabi_cdrcmple                         0x08014c5d   Thumb Code    48  cdrcmple.o(.text)
    __scatterload                            0x08014c8d   Thumb Code    28  init.o(.text)
    __scatterload_rt2                        0x08014c8d   Thumb Code     0  init.o(.text)
    __rt_ctype_table                         0x08014cb1   Thumb Code     4  ctype_o.o(.text)
    _strtoul                                 0x08014cb9   Thumb Code   158  _strtoul.o(.text)
    _chval                                   0x08014d57   Thumb Code    28  _chval.o(.text)
    __decompress                             0x08014d73   Thumb Code     0  __dczerorl2.o(.text)
    __decompress1                            0x08014d73   Thumb Code    86  __dczerorl2.o(.text)
    __0sprintf                               0x08014dc9   Thumb Code    34  printfa.o(i.__0sprintf)
    __1sprintf                               0x08014dc9   Thumb Code     0  printfa.o(i.__0sprintf)
    __2sprintf                               0x08014dc9   Thumb Code     0  printfa.o(i.__0sprintf)
    __c89sprintf                             0x08014dc9   Thumb Code     0  printfa.o(i.__0sprintf)
    sprintf                                  0x08014dc9   Thumb Code     0  printfa.o(i.__0sprintf)
    __aeabi_errno_addr                       0x08014df1   Thumb Code     4  errno.o(i.__aeabi_errno_addr)
    __rt_errno_addr                          0x08014df1   Thumb Code     0  errno.o(i.__aeabi_errno_addr)
    __scatterload_copy                       0x08014df9   Thumb Code    14  handlers.o(i.__scatterload_copy)
    __scatterload_null                       0x08014e07   Thumb Code     2  handlers.o(i.__scatterload_null)
    __scatterload_zeroinit                   0x08014e09   Thumb Code    14  handlers.o(i.__scatterload_zeroinit)
    __lowest_bit_bitmap                      0x080159c5   Data         256  kservice.o(.constdata)
    op_table                                 0x08015fe4   Data         196  finsh_ops.o(.constdata)
    __ctype_table                            0x080160f0   Data         129  ctype_o.o(.constdata)
    __fsym_list_mem_name                     0x080167b3   Data           9  mem.o(.rodata.name)
    __fsym_list_mem_desc                     0x080167bc   Data          30  mem.o(.rodata.name)
    __fsym___cmd_canstat_name                0x080167da   Data          14  can.o(.rodata.name)
    __fsym___cmd_canstat_desc                0x080167e8   Data          24  can.o(.rodata.name)
    __fsym_hello_name                        0x08016800   Data           6  cmd.o(.rodata.name)
    __fsym_hello_desc                        0x08016806   Data          16  cmd.o(.rodata.name)
    __fsym_version_name                      0x08016816   Data           8  cmd.o(.rodata.name)
    __fsym_version_desc                      0x0801681e   Data          35  cmd.o(.rodata.name)
    __fsym_list_thread_name                  0x08016841   Data          12  cmd.o(.rodata.name)
    __fsym_list_thread_desc                  0x0801684d   Data          12  cmd.o(.rodata.name)
    __fsym_list_sem_name                     0x08016859   Data           9  cmd.o(.rodata.name)
    __fsym_list_sem_desc                     0x08016862   Data          25  cmd.o(.rodata.name)
    __fsym_list_event_name                   0x0801687b   Data          11  cmd.o(.rodata.name)
    __fsym_list_event_desc                   0x08016886   Data          21  cmd.o(.rodata.name)
    __fsym_list_mutex_name                   0x0801689b   Data          11  cmd.o(.rodata.name)
    __fsym_list_mutex_desc                   0x080168a6   Data          21  cmd.o(.rodata.name)
    __fsym_list_mailbox_name                 0x080168bb   Data          13  cmd.o(.rodata.name)
    __fsym_list_mailbox_desc                 0x080168c8   Data          24  cmd.o(.rodata.name)
    __fsym_list_msgqueue_name                0x080168e0   Data          14  cmd.o(.rodata.name)
    __fsym_list_msgqueue_desc                0x080168ee   Data          29  cmd.o(.rodata.name)
    __fsym_list_mempool_name                 0x0801690b   Data          13  cmd.o(.rodata.name)
    __fsym_list_mempool_desc                 0x08016918   Data          27  cmd.o(.rodata.name)
    __fsym_list_timer_name                   0x08016933   Data          11  cmd.o(.rodata.name)
    __fsym_list_timer_desc                   0x0801693e   Data          21  cmd.o(.rodata.name)
    __fsym_list_device_name                  0x08016953   Data          12  cmd.o(.rodata.name)
    __fsym_list_device_desc                  0x0801695f   Data          22  cmd.o(.rodata.name)
    __fsym_list_name                         0x08016975   Data           5  cmd.o(.rodata.name)
    __fsym_list_desc                         0x0801697a   Data          26  cmd.o(.rodata.name)
    __vsym_dummy_name                        0x08016994   Data           6  cmd.o(.rodata.name)
    __vsym_dummy_desc                        0x0801699a   Data          25  cmd.o(.rodata.name)
    __fsym_INCWriteLed_name                  0x080169b3   Data          12  led.o(.rodata.name)
    __fsym_INCWriteLed_desc                  0x080169bf   Data          25  led.o(.rodata.name)
    __fsym_readPin_name                      0x080169d8   Data           8  finsh_dio.o(.rodata.name)
    __fsym_readPin_desc                      0x080169e0   Data          36  finsh_dio.o(.rodata.name)
    __fsym_readPins_name                     0x08016a04   Data           9  finsh_dio.o(.rodata.name)
    __fsym_readPins_desc                     0x08016a0d   Data          33  finsh_dio.o(.rodata.name)
    __fsym_writePin_name                     0x08016a2e   Data           9  finsh_dio.o(.rodata.name)
    __fsym_writePin_desc                     0x08016a37   Data          38  finsh_dio.o(.rodata.name)
    __fsym_writePins_name                    0x08016a5d   Data          10  finsh_dio.o(.rodata.name)
    __fsym_writePins_desc                    0x08016a67   Data          35  finsh_dio.o(.rodata.name)
    __fsym_readInfo_name                     0x08016a8a   Data           9  finsh_eeprom.o(.rodata.name)
    __fsym_readInfo_desc                     0x08016a93   Data          18  finsh_eeprom.o(.rodata.name)
    __fsym_saveInfo_name                     0x08016aa5   Data           9  finsh_eeprom.o(.rodata.name)
    __fsym_saveInfo_desc                     0x08016aae   Data          29  finsh_eeprom.o(.rodata.name)
    __fsym_exit_start_name                   0x08016acb   Data          11  finsh_test.o(.rodata.name)
    __fsym_exit_start_desc                   0x08016ad6   Data           2  finsh_test.o(.rodata.name)
    __fsym_getUSBCurrent_name                0x08016ad8   Data          14  finsh_adc.o(.rodata.name)
    __fsym_getUSBCurrent_desc                0x08016ae6   Data          17  finsh_adc.o(.rodata.name)
    __fsym_rtc_basic_name                    0x08016af7   Data          10  finsh_rtc.o(.rodata.name)
    __fsym_rtc_basic_desc                    0x08016b01   Data           2  finsh_rtc.o(.rodata.name)
    __fsym_rtc_clock_name                    0x08016b03   Data          10  finsh_rtc.o(.rodata.name)
    __fsym_rtc_clock_desc                    0x08016b0d   Data           2  finsh_rtc.o(.rodata.name)
    __fsym_calendar_app_name                 0x08016b0f   Data          13  finsh_rtc.o(.rodata.name)
    __fsym_calendar_app_desc                 0x08016b1c   Data           2  finsh_rtc.o(.rodata.name)
    __fsym_save_name                         0x08016b1e   Data           5  finsh_flash.o(.rodata.name)
    __fsym_save_desc                         0x08016b23   Data          35  finsh_flash.o(.rodata.name)
    __fsym_read_name                         0x08016b46   Data           5  finsh_flash.o(.rodata.name)
    __fsym_read_desc                         0x08016b4b   Data          35  finsh_flash.o(.rodata.name)
    __fsym_rgbSensor_init_name               0x08016b6e   Data          15  finsh_rgb_sensor.o(.rodata.name)
    __fsym_rgbSensor_init_desc               0x08016b7d   Data           2  finsh_rgb_sensor.o(.rodata.name)
    __fsym_rgbSensor_loop_name               0x08016b7f   Data          15  finsh_rgb_sensor.o(.rodata.name)
    __fsym_rgbSensor_loop_desc               0x08016b8e   Data           2  finsh_rgb_sensor.o(.rodata.name)
    __fsym_init_name                         0x08016b90   Data           5  finsh_l6480.o(.rodata.name)
    __fsym_init_desc                         0x08016b95   Data           2  finsh_l6480.o(.rodata.name)
    __fsym_rotate_name                       0x08016b97   Data           7  finsh_l6480.o(.rodata.name)
    __fsym_rotate_desc                       0x08016b9e   Data           2  finsh_l6480.o(.rodata.name)
    __fsym_move_name                         0x08016ba0   Data           5  finsh_l6480.o(.rodata.name)
    __fsym_move_desc                         0x08016ba5   Data           2  finsh_l6480.o(.rodata.name)
    __fsym_go_name                           0x08016ba7   Data           3  finsh_l6480.o(.rodata.name)
    __fsym_go_desc                           0x08016baa   Data           2  finsh_l6480.o(.rodata.name)
    __fsym_stop_name                         0x08016bac   Data           5  finsh_l6480.o(.rodata.name)
    __fsym_stop_desc                         0x08016bb1   Data           2  finsh_l6480.o(.rodata.name)
    __fsym_set_name                          0x08016bb3   Data           4  finsh_l6480.o(.rodata.name)
    __fsym_set_desc                          0x08016bb7   Data           2  finsh_l6480.o(.rodata.name)
    __fsym_get_name                          0x08016bb9   Data           4  finsh_l6480.o(.rodata.name)
    __fsym_get_desc                          0x08016bbd   Data           2  finsh_l6480.o(.rodata.name)
    __rt_init_rti_start                      0x08016bc0   Data           4  components.o(.rti_fn.0)
    __rt_init_rti_board_start                0x08016bc4   Data           4  components.o(.rti_fn.0.end)
    __rt_init_rti_board_end                  0x08016bc8   Data           4  components.o(.rti_fn.1.end)
    __rt_init_finsh_system_init              0x08016bcc   Data           4  shell.o(.rti_fn.3)
    __rt_init_rti_end                        0x08016bd0   Data           4  components.o(.rti_fn.6.end)
    FSymTab$$Base                            0x08016bd4   Number         0  mem.o(FSymTab)
    __fsym_list_mem                          0x08016bd4   Data          12  mem.o(FSymTab)
    __fsym___cmd_canstat                     0x08016be0   Data          12  can.o(FSymTab)
    __fsym_hello                             0x08016bec   Data          12  cmd.o(FSymTab)
    __fsym_version                           0x08016bf8   Data          12  cmd.o(FSymTab)
    __fsym_list_thread                       0x08016c04   Data          12  cmd.o(FSymTab)
    __fsym_list_sem                          0x08016c10   Data          12  cmd.o(FSymTab)
    __fsym_list_event                        0x08016c1c   Data          12  cmd.o(FSymTab)
    __fsym_list_mutex                        0x08016c28   Data          12  cmd.o(FSymTab)
    __fsym_list_mailbox                      0x08016c34   Data          12  cmd.o(FSymTab)
    __fsym_list_msgqueue                     0x08016c40   Data          12  cmd.o(FSymTab)
    __fsym_list_mempool                      0x08016c4c   Data          12  cmd.o(FSymTab)
    __fsym_list_timer                        0x08016c58   Data          12  cmd.o(FSymTab)
    __fsym_list_device                       0x08016c64   Data          12  cmd.o(FSymTab)
    __fsym_list                              0x08016c70   Data          12  cmd.o(FSymTab)
    __fsym_INCWriteLed                       0x08016c7c   Data          12  led.o(FSymTab)
    __fsym_readPin                           0x08016c88   Data          12  finsh_dio.o(FSymTab)
    __fsym_readPins                          0x08016c94   Data          12  finsh_dio.o(FSymTab)
    __fsym_writePin                          0x08016ca0   Data          12  finsh_dio.o(FSymTab)
    __fsym_writePins                         0x08016cac   Data          12  finsh_dio.o(FSymTab)
    __fsym_readInfo                          0x08016cb8   Data          12  finsh_eeprom.o(FSymTab)
    __fsym_saveInfo                          0x08016cc4   Data          12  finsh_eeprom.o(FSymTab)
    __fsym_exit_start                        0x08016cd0   Data          12  finsh_test.o(FSymTab)
    __fsym_getUSBCurrent                     0x08016cdc   Data          12  finsh_adc.o(FSymTab)
    __fsym_rtc_basic                         0x08016ce8   Data          12  finsh_rtc.o(FSymTab)
    __fsym_rtc_clock                         0x08016cf4   Data          12  finsh_rtc.o(FSymTab)
    __fsym_calendar_app                      0x08016d00   Data          12  finsh_rtc.o(FSymTab)
    __fsym_save                              0x08016d0c   Data          12  finsh_flash.o(FSymTab)
    __fsym_read                              0x08016d18   Data          12  finsh_flash.o(FSymTab)
    __fsym_rgbSensor_init                    0x08016d24   Data          12  finsh_rgb_sensor.o(FSymTab)
    __fsym_rgbSensor_loop                    0x08016d30   Data          12  finsh_rgb_sensor.o(FSymTab)
    __fsym_init                              0x08016d3c   Data          12  finsh_l6480.o(FSymTab)
    __fsym_rotate                            0x08016d48   Data          12  finsh_l6480.o(FSymTab)
    __fsym_move                              0x08016d54   Data          12  finsh_l6480.o(FSymTab)
    __fsym_go                                0x08016d60   Data          12  finsh_l6480.o(FSymTab)
    __fsym_stop                              0x08016d6c   Data          12  finsh_l6480.o(FSymTab)
    __fsym_set                               0x08016d78   Data          12  finsh_l6480.o(FSymTab)
    __fsym_get                               0x08016d84   Data          12  finsh_l6480.o(FSymTab)
    FSymTab$$Limit                           0x08016d90   Number         0  finsh_l6480.o(FSymTab)
    Region$$Table$$Base                      0x08016d90   Number         0  anon$$obj.o(Region$$Table)
    Region$$Table$$Limit                     0x08016db0   Number         0  anon$$obj.o(Region$$Table)
    VSymTab$$Base                            0x08016db0   Number         0  cmd.o(VSymTab)
    __vsym_dummy                             0x08016db0   Data          16  cmd.o(VSymTab)
    VSymTab$$Limit                           0x08016dc0   Number         0  cmd.o(VSymTab)
    uart1                                    0x20000000   Data          24  usart.o(.data)
    SystemCoreClock                          0x20000018   Data           4  system_stm32f10x.o(.data)
    AHBPrescTable                            0x2000001c   Data          16  system_stm32f10x.o(.data)
    rt_interrupt_nest                        0x20000050   Data           1  irq.o(.data)
    rt_assert_hook                           0x2000005c   Data           4  kservice.o(.data)
    rt_object_container                      0x20000080   Data         144  object.o(.data)
    rt_object_trytake_hook                   0x20000118   Data           4  object.o(.data)
    rt_object_take_hook                      0x2000011c   Data           4  object.o(.data)
    rt_object_put_hook                       0x20000120   Data           4  object.o(.data)
    rt_current_thread                        0x20000128   Data           4  scheduler.o(.data)
    rt_current_priority                      0x2000012c   Data           1  scheduler.o(.data)
    rt_thread_ready_priority_group           0x20000130   Data           4  scheduler.o(.data)
    rt_thread_defunct                        0x20000134   Data           8  scheduler.o(.data)
    rt_interrupt_from_thread                 0x2000015c   Data           4  cpuport.o(.data)
    rt_interrupt_to_thread                   0x20000160   Data           4  cpuport.o(.data)
    rt_thread_switch_interrupt_flag          0x20000164   Data           4  cpuport.o(.data)
    shell                                    0x2000017c   Data           4  shell.o(.data)
    _syscall_table_begin                     0x20000180   Data           4  symbol.o(.data)
    _syscall_table_end                       0x20000184   Data           4  symbol.o(.data)
    _sysvar_table_begin                      0x20000188   Data           4  symbol.o(.data)
    _sysvar_table_end                        0x2000018c   Data           4  symbol.o(.data)
    finsh_compile_sp                         0x20000194   Data           4  finsh_compiler.o(.data)
    finsh_compile_pc                         0x20000198   Data           4  finsh_compiler.o(.data)
    global_errno                             0x2000019c   Data           1  finsh_error.o(.data)
    global_sysvar_list                       0x200001e4   Data           4  finsh_var.o(.data)
    finsh_sp                                 0x200001e8   Data           4  finsh_vm.o(.data)
    finsh_pc                                 0x200001ec   Data           4  finsh_vm.o(.data)
    global_syscall_list                      0x200001f0   Data           4  finsh_vm.o(.data)
    hc165_in                                 0x200001f5   Data           1  finsh_dio.o(.data)
    at2404_pin                               0x200001f8   Data           8  finsh_eeprom.o(.data)
    SensorIt1                                0x20000204   Data          16  finsh_test.o(.data)
    adc1                                     0x20000214   Data          12  finsh_adc.o(.data)
    lsb                                      0x20000224   Data           4  mcp3421.o(.data)
    gain                                     0x20000228   Data           1  mcp3421.o(.data)
    SoftI2c                                  0x2000022c   Data          12  mcu_softi2c.o(.data)
    PA0                                      0x20000238   Data           8  mcu_gpio.o(.data)
    PA1                                      0x20000240   Data           8  mcu_gpio.o(.data)
    PA2                                      0x20000248   Data           8  mcu_gpio.o(.data)
    PA3                                      0x20000250   Data           8  mcu_gpio.o(.data)
    PA4                                      0x20000258   Data           8  mcu_gpio.o(.data)
    PA5                                      0x20000260   Data           8  mcu_gpio.o(.data)
    PA6                                      0x20000268   Data           8  mcu_gpio.o(.data)
    PA7                                      0x20000270   Data           8  mcu_gpio.o(.data)
    PA8                                      0x20000278   Data           8  mcu_gpio.o(.data)
    PA9                                      0x20000280   Data           8  mcu_gpio.o(.data)
    PA10                                     0x20000288   Data           8  mcu_gpio.o(.data)
    PA11                                     0x20000290   Data           8  mcu_gpio.o(.data)
    PA12                                     0x20000298   Data           8  mcu_gpio.o(.data)
    PA13                                     0x200002a0   Data           8  mcu_gpio.o(.data)
    PA14                                     0x200002a8   Data           8  mcu_gpio.o(.data)
    PA15                                     0x200002b0   Data           8  mcu_gpio.o(.data)
    PB0                                      0x200002b8   Data           8  mcu_gpio.o(.data)
    PB1                                      0x200002c0   Data           8  mcu_gpio.o(.data)
    PB2                                      0x200002c8   Data           8  mcu_gpio.o(.data)
    PB3                                      0x200002d0   Data           8  mcu_gpio.o(.data)
    PB4                                      0x200002d8   Data           8  mcu_gpio.o(.data)
    PB5                                      0x200002e0   Data           8  mcu_gpio.o(.data)
    PB6                                      0x200002e8   Data           8  mcu_gpio.o(.data)
    PB7                                      0x200002f0   Data           8  mcu_gpio.o(.data)
    PB8                                      0x200002f8   Data           8  mcu_gpio.o(.data)
    PB9                                      0x20000300   Data           8  mcu_gpio.o(.data)
    PB10                                     0x20000308   Data           8  mcu_gpio.o(.data)
    PB11                                     0x20000310   Data           8  mcu_gpio.o(.data)
    PB12                                     0x20000318   Data           8  mcu_gpio.o(.data)
    PB13                                     0x20000320   Data           8  mcu_gpio.o(.data)
    PB14                                     0x20000328   Data           8  mcu_gpio.o(.data)
    PB15                                     0x20000330   Data           8  mcu_gpio.o(.data)
    PC0                                      0x20000338   Data           8  mcu_gpio.o(.data)
    PC1                                      0x20000340   Data           8  mcu_gpio.o(.data)
    PC2                                      0x20000348   Data           8  mcu_gpio.o(.data)
    PC3                                      0x20000350   Data           8  mcu_gpio.o(.data)
    PC4                                      0x20000358   Data           8  mcu_gpio.o(.data)
    PC5                                      0x20000360   Data           8  mcu_gpio.o(.data)
    PC6                                      0x20000368   Data           8  mcu_gpio.o(.data)
    PC7                                      0x20000370   Data           8  mcu_gpio.o(.data)
    PC8                                      0x20000378   Data           8  mcu_gpio.o(.data)
    PC9                                      0x20000380   Data           8  mcu_gpio.o(.data)
    PC10                                     0x20000388   Data           8  mcu_gpio.o(.data)
    PC11                                     0x20000390   Data           8  mcu_gpio.o(.data)
    PC12                                     0x20000398   Data           8  mcu_gpio.o(.data)
    PC13                                     0x200003a0   Data           8  mcu_gpio.o(.data)
    PC14                                     0x200003a8   Data           8  mcu_gpio.o(.data)
    PC15                                     0x200003b0   Data           8  mcu_gpio.o(.data)
    PD0                                      0x200003b8   Data           8  mcu_gpio.o(.data)
    PD1                                      0x200003c0   Data           8  mcu_gpio.o(.data)
    PD2                                      0x200003c8   Data           8  mcu_gpio.o(.data)
    PD3                                      0x200003d0   Data           8  mcu_gpio.o(.data)
    PD4                                      0x200003d8   Data           8  mcu_gpio.o(.data)
    PD5                                      0x200003e0   Data           8  mcu_gpio.o(.data)
    PD6                                      0x200003e8   Data           8  mcu_gpio.o(.data)
    PD7                                      0x200003f0   Data           8  mcu_gpio.o(.data)
    PD8                                      0x200003f8   Data           8  mcu_gpio.o(.data)
    PD9                                      0x20000400   Data           8  mcu_gpio.o(.data)
    PD10                                     0x20000408   Data           8  mcu_gpio.o(.data)
    PD11                                     0x20000410   Data           8  mcu_gpio.o(.data)
    PD12                                     0x20000418   Data           8  mcu_gpio.o(.data)
    PD13                                     0x20000420   Data           8  mcu_gpio.o(.data)
    PD14                                     0x20000428   Data           8  mcu_gpio.o(.data)
    PD15                                     0x20000430   Data           8  mcu_gpio.o(.data)
    PE0                                      0x20000438   Data           8  mcu_gpio.o(.data)
    PE1                                      0x20000440   Data           8  mcu_gpio.o(.data)
    PE2                                      0x20000448   Data           8  mcu_gpio.o(.data)
    PE3                                      0x20000450   Data           8  mcu_gpio.o(.data)
    PE4                                      0x20000458   Data           8  mcu_gpio.o(.data)
    PE5                                      0x20000460   Data           8  mcu_gpio.o(.data)
    PE6                                      0x20000468   Data           8  mcu_gpio.o(.data)
    PE7                                      0x20000470   Data           8  mcu_gpio.o(.data)
    PE8                                      0x20000478   Data           8  mcu_gpio.o(.data)
    PE9                                      0x20000480   Data           8  mcu_gpio.o(.data)
    PE10                                     0x20000488   Data           8  mcu_gpio.o(.data)
    PE11                                     0x20000490   Data           8  mcu_gpio.o(.data)
    PE12                                     0x20000498   Data           8  mcu_gpio.o(.data)
    PE13                                     0x200004a0   Data           8  mcu_gpio.o(.data)
    PE14                                     0x200004a8   Data           8  mcu_gpio.o(.data)
    PE15                                     0x200004b0   Data           8  mcu_gpio.o(.data)
    PF0                                      0x200004b8   Data           8  mcu_gpio.o(.data)
    PF1                                      0x200004c0   Data           8  mcu_gpio.o(.data)
    PF2                                      0x200004c8   Data           8  mcu_gpio.o(.data)
    PF3                                      0x200004d0   Data           8  mcu_gpio.o(.data)
    PF4                                      0x200004d8   Data           8  mcu_gpio.o(.data)
    PF5                                      0x200004e0   Data           8  mcu_gpio.o(.data)
    PF6                                      0x200004e8   Data           8  mcu_gpio.o(.data)
    PF7                                      0x200004f0   Data           8  mcu_gpio.o(.data)
    PF8                                      0x200004f8   Data           8  mcu_gpio.o(.data)
    PF9                                      0x20000500   Data           8  mcu_gpio.o(.data)
    PF10                                     0x20000508   Data           8  mcu_gpio.o(.data)
    PF11                                     0x20000510   Data           8  mcu_gpio.o(.data)
    PF12                                     0x20000518   Data           8  mcu_gpio.o(.data)
    PF13                                     0x20000520   Data           8  mcu_gpio.o(.data)
    PF14                                     0x20000528   Data           8  mcu_gpio.o(.data)
    PF15                                     0x20000530   Data           8  mcu_gpio.o(.data)
    PG0                                      0x20000538   Data           8  mcu_gpio.o(.data)
    PG1                                      0x20000540   Data           8  mcu_gpio.o(.data)
    PG2                                      0x20000548   Data           8  mcu_gpio.o(.data)
    PG3                                      0x20000550   Data           8  mcu_gpio.o(.data)
    PG4                                      0x20000558   Data           8  mcu_gpio.o(.data)
    PG5                                      0x20000560   Data           8  mcu_gpio.o(.data)
    PG6                                      0x20000568   Data           8  mcu_gpio.o(.data)
    PG7                                      0x20000570   Data           8  mcu_gpio.o(.data)
    PG8                                      0x20000578   Data           8  mcu_gpio.o(.data)
    PG9                                      0x20000580   Data           8  mcu_gpio.o(.data)
    PG10                                     0x20000588   Data           8  mcu_gpio.o(.data)
    PG11                                     0x20000590   Data           8  mcu_gpio.o(.data)
    PG12                                     0x20000598   Data           8  mcu_gpio.o(.data)
    PG13                                     0x200005a0   Data           8  mcu_gpio.o(.data)
    PG14                                     0x200005a8   Data           8  mcu_gpio.o(.data)
    PG15                                     0x200005b0   Data           8  mcu_gpio.o(.data)
    spi                                      0x200005b8   Data           8  mcu_spi.o(.data)
    dev                                      0x200005cc   Data           4  mcu_exit.o(.data)
    exit0_handler                            0x200005d0   Data           4  mcu_exit.o(.data)
    exit1_handler                            0x200005d4   Data           4  mcu_exit.o(.data)
    exit2_handler                            0x200005d8   Data           4  mcu_exit.o(.data)
    exit3_handler                            0x200005dc   Data           4  mcu_exit.o(.data)
    exit4_handler                            0x200005e0   Data           4  mcu_exit.o(.data)
    exit5_handler                            0x200005e4   Data           4  mcu_exit.o(.data)
    exit6_handler                            0x200005e8   Data           4  mcu_exit.o(.data)
    exit7_handler                            0x200005ec   Data           4  mcu_exit.o(.data)
    exit8_handler                            0x200005f0   Data           4  mcu_exit.o(.data)
    exit9_handler                            0x200005f4   Data           4  mcu_exit.o(.data)
    exit10_handler                           0x200005f8   Data           4  mcu_exit.o(.data)
    exit11_handler                           0x200005fc   Data           4  mcu_exit.o(.data)
    exit12_handler                           0x20000600   Data           4  mcu_exit.o(.data)
    exit13_handler                           0x20000604   Data           4  mcu_exit.o(.data)
    exit14_handler                           0x20000608   Data           4  mcu_exit.o(.data)
    exit15_handler                           0x2000060c   Data           4  mcu_exit.o(.data)
    irq_Sec_Irq_handler                      0x20000610   Data           4  mcu_rtc.o(.data)
    irq_Alr_Irq_handler                      0x20000614   Data           4  mcu_rtc.o(.data)
    irq_Ow_Irq_handler                       0x20000618   Data           4  mcu_rtc.o(.data)
    rtc                                      0x2000061c   Data          40  finsh_rtc.o(.data)
    hc165                                    0x20000644   Data          28  74hc165.o(.data)
    hc595                                    0x20000660   Data          28  74hc595.o(.data)
    w25q32_spi_config                        0x2000067c   Data          16  finsh_flash.o(.data)
    w25qxx                                   0x20000690   Data          40  w25qxx.o(.data)
    rgbSensor1                               0x200006b8   Data          24  finsh_rgb_sensor.o(.data)
    data8bit                                 0x200006d0   Data           3  finsh_rgb_sensor.o(.data)
    L6480s                                   0x200006f4   Data          32  finsh_l6480.o(.data)
    serial1                                  0x20000998   Data          84  usart.o(.bss)
    rt_thread_priority_table                 0x20000c0c   Data         256  scheduler.o(.bss)
    finsh_heap                               0x2000158c   Data         128  finsh_heap.o(.bss)
    global_node_table                        0x2000160c   Data         320  finsh_node.o(.bss)
    global_variable                          0x2000174c   Data         192  finsh_var.o(.bss)
    finsh_vm_stack                           0x2000180c   Data         256  finsh_vm.o(.bss)
    text_segment                             0x2000190c   Data         128  finsh_vm.o(.bss)
    data_in                                  0x2000198c   Data          16  finsh_dio.o(.bss)
    currentDat                               0x2000199c   Data          20  finsh_adc.o(.bss)
    W25QXX_BUFFER                            0x200019b0   Data        4096  w25qxx.o(.bss)
    data                                     0x200029b0   Data          12  finsh_rgb_sensor.o(.bss)
    MotorConfig                              0x200029bc   Data         156  finsh_l6480.o(.bss)
    calendar                                 0x20002a58   Data          53  calendar.o(.bss)
    Image$$RW_IRAM1$$ZI$$Limit               0x20002e90   Number         0  anon$$obj.o ABSOLUTE
    __initial_sp                             0x20002e90   Data           0  startup_stm32f10x_hd.o(STACK)



==============================================================================

Memory Map of the image

  Image Entry point : 0x08000131

  Load Region LR_IROM1 (Base: 0x08000000, Size: 0x000174d8, Max: 0x00080000, ABSOLUTE, COMPRESSED[0x00017168])

    Execution Region ER_IROM1 (Base: 0x08000000, Size: 0x00016dc0, Max: 0x00080000, ABSOLUTE)

    Base Addr    Size         Type   Attr      Idx    E Section Name        Object

    0x08000000   0x00000130   Data   RO          770    RESET               startup_stm32f10x_hd.o
    0x08000130   0x00000000   Code   RO         2231  * .ARM.Collect$$$$00000000  mc_w.l(entry.o)
    0x08000130   0x00000004   Code   RO         2558    .ARM.Collect$$$$00000001  mc_w.l(entry2.o)
    0x08000134   0x00000004   Code   RO         2561    .ARM.Collect$$$$00000004  mc_w.l(entry5.o)
    0x08000138   0x00000000   Code   RO         2563    .ARM.Collect$$$$00000008  mc_w.l(entry7b.o)
    0x08000138   0x00000000   Code   RO         2565    .ARM.Collect$$$$0000000A  mc_w.l(entry8b.o)
    0x08000138   0x00000008   Code   RO         2566    .ARM.Collect$$$$0000000B  mc_w.l(entry9a.o)
    0x08000140   0x00000000   Code   RO         2568    .ARM.Collect$$$$0000000D  mc_w.l(entry10a.o)
    0x08000140   0x00000000   Code   RO         2570    .ARM.Collect$$$$0000000F  mc_w.l(entry11a.o)
    0x08000140   0x00000004   Code   RO         2559    .ARM.Collect$$$$00002712  mc_w.l(entry2.o)
    0x08000144   0x00000094   Code   RO            3    .text               application.o
    0x080001d8   0x000000b0   Code   RO          167    .text               startup.o
    0x08000288   0x00000094   Code   RO          191    .text               board.o
    0x0800031c   0x00000012   Code   RO          218    .text               stm32f10x_it.o
    0x0800032e   0x00000002   PAD
    0x08000330   0x00000490   Code   RO          241    .text               usart.o
    0x080007c0   0x000001e0   Code   RO          282    .text               system_stm32f10x.o
    0x080009a0   0x00000844   Code   RO          328    .text               stm32f10x_rcc.o
    0x080011e4   0x000001c4   Code   RO          370    .text               stm32f10x_pwr.o
    0x080013a8   0x000002e4   Code   RO          390    .text               stm32f10x_exti.o
    0x0800168c   0x000002d4   Code   RO          410    .text               stm32f10x_bkp.o
    0x08001960   0x00000230   Code   RO          490    .text               stm32f10x_rtc.o
    0x08001b90   0x0000098c   Code   RO          570    .text               stm32f10x_spi.o
    0x0800251c   0x00000a80   Code   RO          630    .text               stm32f10x_gpio.o
    0x08002f9c   0x00000dc0   Code   RO          650    .text               stm32f10x_usart.o
    0x08003d5c   0x00000944   Code   RO          690    .text               stm32f10x_dma.o
    0x080046a0   0x000001e4   Code   RO          750    .text               misc.o
    0x08004884   0x00000024   Code   RO          771    .text               startup_stm32f10x_hd.o
    0x080048a8   0x00000064   Code   RO          775    .text               clock.o
    0x0800490c   0x00000324   Code   RO          789    .text               device.o
    0x08004c30   0x00000138   Code   RO          803    .text               idle.o
    0x08004d68   0x00001654   Code   RO          823    .text               ipc.o
    0x080063bc   0x0000007c   Code   RO          840    .text               irq.o
    0x08006438   0x00000ac4   Code   RO          855    .text               kservice.o
    0x08006efc   0x00000874   Code   RO          875    .text               mem.o
    0x08007770   0x000002dc   Code   RO          913    .text               object.o
    0x08007a4c   0x000002e8   Code   RO          932    .text               scheduler.o
    0x08007d34   0x00000604   Code   RO          953    .text               thread.o
    0x08008338   0x0000045c   Code   RO          972    .text               timer.o
    0x08008794   0x000005d4   Code   RO          991    .text               cpuport.o
    0x08008d68   0x000000ec   Code   RO         1007    .text               context_rvds.o
    0x08008e54   0x00000c00   Code   RO         1045    .text               serial.o
    0x08009a54   0x000001c8   Code   RO         1058    .text               completion.o
    0x08009c1c   0x00000424   Code   RO         1074    .text               dataqueue.o
    0x0800a040   0x000010e0   Code   RO         1172    .text               can.o
    0x0800b120   0x000009ac   Code   RO         1194    .text               shell.o
    0x0800bacc   0x00000d8c   Code   RO         1226    .text               cmd.o
    0x0800c858   0x00001818   Code   RO         1250    .text               finsh_compiler.o
    0x0800e070   0x0000002c   Code   RO         1287    .text               finsh_error.o
    0x0800e09c   0x00000210   Code   RO         1303    .text               finsh_heap.o
    0x0800e2ac   0x00000058   Code   RO         1319    .text               finsh_init.o
    0x0800e304   0x00000184   Code   RO         1337    .text               finsh_node.o
    0x0800e488   0x00000ad8   Code   RO         1352    .text               finsh_ops.o
    0x0800ef60   0x0000097c   Code   RO         1370    .text               finsh_parser.o
    0x0800f8dc   0x0000019c   Code   RO         1385    .text               finsh_var.o
    0x0800fa78   0x000000e4   Code   RO         1408    .text               finsh_vm.o
    0x0800fb5c   0x00000680   Code   RO         1435    .text               finsh_token.o
    0x080101dc   0x00000060   Code   RO         1450    .text               components.o
    0x0801023c   0x00000090   Code   RO         1470    .text               led.o
    0x080102cc   0x00000588   Code   RO         1536    .text               finsh_dio.o
    0x08010854   0x00000180   Code   RO         1573    .text               finsh_eeprom.o
    0x080109d4   0x00000064   Code   RO         1608    .text               finsh_test.o
    0x08010a38   0x00000174   Code   RO         1636    .text               finsh_adc.o
    0x08010bac   0x00000198   Code   RO         1669    .text               mcp3421.o
    0x08010d44   0x000004de   Code   RO         1695    .text               mcu_softi2c.o
    0x08011222   0x00000002   PAD
    0x08011224   0x00000100   Code   RO         1721    .text               mcu_gpio.o
    0x08011324   0x00000280   Code   RO         1747    .text               mcu_spi.o
    0x080115a4   0x0000049c   Code   RO         1774    .text               mcu_exit.o
    0x08011a40   0x000003e4   Code   RO         1858    .text               mcu_rtc.o
    0x08011e24   0x00000230   Code   RO         1885    .text               finsh_rtc.o
    0x08012054   0x00000088   Code   RO         1917    .text               delay_1.o
    0x080120dc   0x000000b8   Code   RO         1943    .text               sys.o
    0x08012194   0x00000098   Code   RO         1963    .text               74hc165.o
    0x0801222c   0x00000070   Code   RO         1989    .text               74hc595.o
    0x0801229c   0x000000dc   Code   RO         2015    .text               finsh_flash.o
    0x08012378   0x000003f4   Code   RO         2048    .text               w25qxx.o
    0x0801276c   0x00000170   Code   RO         2075    .text               finsh_rgb_sensor.o
    0x080128dc   0x000005e0   Code   RO         2109    .text               isl29125.o
    0x08012ebc   0x0000049c   Code   RO         2130    .text               l6480.o
    0x08013358   0x000003b4   Code   RO         2164    .text               finsh_l6480.o
    0x0801370c   0x00000de0   Code   RO         2193    .text               calendar.o
    0x080144ec   0x00000024   Code   RO         2234    .text               mc_w.l(memcpya.o)
    0x08014510   0x00000024   Code   RO         2236    .text               mc_w.l(memseta.o)
    0x08014534   0x00000018   Code   RO         2238    .text               mc_w.l(strncpy.o)
    0x0801454c   0x0000000e   Code   RO         2240    .text               mc_w.l(strlen.o)
    0x0801455a   0x0000001c   Code   RO         2242    .text               mc_w.l(strcmp.o)
    0x08014576   0x0000001e   Code   RO         2244    .text               mc_w.l(strncmp.o)
    0x08014594   0x0000001a   Code   RO         2509    .text               mc_w.l(atoi.o)
    0x080145ae   0x00000064   Code   RO         2511    .text               mf_w.l(fmul.o)
    0x08014612   0x0000014e   Code   RO         2513    .text               mf_w.l(dadd.o)
    0x08014760   0x000000e4   Code   RO         2515    .text               mf_w.l(dmul.o)
    0x08014844   0x000000de   Code   RO         2517    .text               mf_w.l(ddiv.o)
    0x08014922   0x0000000a   Code   RO         2519    .text               mf_w.l(ffltui.o)
    0x0801492c   0x0000001a   Code   RO         2523    .text               mf_w.l(dfltui.o)
    0x08014946   0x00000026   Code   RO         2527    .text               mf_w.l(f2d.o)
    0x0801496c   0x00000038   Code   RO         2529    .text               mf_w.l(d2f.o)
    0x080149a4   0x0000002c   Code   RO         2575    .text               mc_w.l(uidiv.o)
    0x080149d0   0x00000062   Code   RO         2577    .text               mc_w.l(uldiv.o)
    0x08014a32   0x0000001e   Code   RO         2579    .text               mc_w.l(llshl.o)
    0x08014a50   0x00000020   Code   RO         2581    .text               mc_w.l(llushr.o)
    0x08014a70   0x00000024   Code   RO         2583    .text               mc_w.l(llsshr.o)
    0x08014a94   0x00000070   Code   RO         2592    .text               mc_w.l(strtol.o)
    0x08014b04   0x00000000   Code   RO         2594    .text               mc_w.l(iusefp.o)
    0x08014b04   0x0000006e   Code   RO         2595    .text               mf_w.l(fepilogue.o)
    0x08014b72   0x000000ba   Code   RO         2597    .text               mf_w.l(depilogue.o)
    0x08014c2c   0x00000030   Code   RO         2601    .text               mf_w.l(dfixul.o)
    0x08014c5c   0x00000030   Code   RO         2603    .text               mf_w.l(cdrcmple.o)
    0x08014c8c   0x00000024   Code   RO         2605    .text               mc_w.l(init.o)
    0x08014cb0   0x00000008   Code   RO         2608    .text               mc_w.l(ctype_o.o)
    0x08014cb8   0x0000009e   Code   RO         2636    .text               mc_w.l(_strtoul.o)
    0x08014d56   0x0000001c   Code   RO         2643    .text               mc_w.l(_chval.o)
    0x08014d72   0x00000056   Code   RO         2653    .text               mc_w.l(__dczerorl2.o)
    0x08014dc8   0x00000028   Code   RO         2483    i.__0sprintf        mc_w.l(printfa.o)
    0x08014df0   0x00000008   Code   RO         2585    i.__aeabi_errno_addr  mc_w.l(errno.o)
    0x08014df8   0x0000000e   Code   RO         2647    i.__scatterload_copy  mc_w.l(handlers.o)
    0x08014e06   0x00000002   Code   RO         2648    i.__scatterload_null  mc_w.l(handlers.o)
    0x08014e08   0x0000000e   Code   RO         2649    i.__scatterload_zeroinit  mc_w.l(handlers.o)
    0x08014e16   0x00000002   PAD
    0x08014e18   0x00000184   Code   RO         2488    i._fp_digits        mc_w.l(printfa.o)
    0x08014f9c   0x000006dc   Code   RO         2489    i._printf_core      mc_w.l(printfa.o)
    0x08015678   0x00000024   Code   RO         2490    i._printf_post_padding  mc_w.l(printfa.o)
    0x0801569c   0x0000002e   Code   RO         2491    i._printf_pre_padding  mc_w.l(printfa.o)
    0x080156ca   0x0000000a   Code   RO         2493    i._sputc            mc_w.l(printfa.o)
    0x080156d4   0x0000005c   Data   RO          243    .constdata          usart.o
    0x08015730   0x000000a8   Data   RO          790    .constdata          device.o
    0x080157d8   0x00000016   Data   RO          805    .constdata          idle.o
    0x080157ee   0x000001d7   Data   RO          824    .constdata          ipc.o
    0x080159c5   0x00000122   Data   RO          857    .constdata          kservice.o
    0x08015ae7   0x00000046   Data   RO          877    .constdata          mem.o
    0x08015b2d   0x0000005e   Data   RO          914    .constdata          object.o
    0x08015b8b   0x0000004e   Data   RO          934    .constdata          scheduler.o
    0x08015bd9   0x000000aa   Data   RO          954    .constdata          thread.o
    0x08015c83   0x0000005c   Data   RO          973    .constdata          timer.o
    0x08015cdf   0x00000013   Data   RO          992    .constdata          cpuport.o
    0x08015cf2   0x00000124   Data   RO         1046    .constdata          serial.o
    0x08015e16   0x00000039   Data   RO         1059    .constdata          completion.o
    0x08015e4f   0x0000004b   Data   RO         1075    .constdata          dataqueue.o
    0x08015e9a   0x00000097   Data   RO         1173    .constdata          can.o
    0x08015f31   0x00000060   Data   RO         1196    .constdata          shell.o
    0x08015f91   0x00000003   PAD
    0x08015f94   0x00000050   Data   RO         1227    .constdata          cmd.o
    0x08015fe4   0x000000c4   Data   RO         1353    .constdata          finsh_ops.o
    0x080160a8   0x00000040   Data   RO         1436    .constdata          finsh_token.o
    0x080160e8   0x00000008   Data   RO         2077    .constdata          finsh_rgb_sensor.o
    0x080160f0   0x00000081   Data   RO         2609    .constdata          mc_w.l(ctype_o.o)
    0x08016171   0x00000003   PAD
    0x08016174   0x00000004   Data   RO         2610    .constdata          mc_w.l(ctype_o.o)
    0x08016178   0x000000ed   Data   RO          878    .conststring        mem.o
    0x08016265   0x00000003   PAD
    0x08016268   0x000001d6   Data   RO         1174    .conststring        can.o
    0x0801643e   0x00000002   PAD
    0x08016440   0x0000015d   Data   RO         1228    .conststring        cmd.o
    0x0801659d   0x00000003   PAD
    0x080165a0   0x000000f3   Data   RO         1288    .conststring        finsh_error.o
    0x08016693   0x00000001   PAD
    0x08016694   0x0000003e   Data   RO         1437    .conststring        finsh_token.o
    0x080166d2   0x00000002   PAD
    0x080166d4   0x00000096   Data   RO         2078    .conststring        finsh_rgb_sensor.o
    0x0801676a   0x00000002   PAD
    0x0801676c   0x00000047   Data   RO         2110    .conststring        isl29125.o
    0x080167b3   0x00000027   Data   RO          880    .rodata.name        mem.o
    0x080167da   0x00000026   Data   RO         1176    .rodata.name        can.o
    0x08016800   0x000001b3   Data   RO         1230    .rodata.name        cmd.o
    0x080169b3   0x00000025   Data   RO         1472    .rodata.name        led.o
    0x080169d8   0x000000b2   Data   RO         1539    .rodata.name        finsh_dio.o
    0x08016a8a   0x00000041   Data   RO         1575    .rodata.name        finsh_eeprom.o
    0x08016acb   0x0000000d   Data   RO         1610    .rodata.name        finsh_test.o
    0x08016ad8   0x0000001f   Data   RO         1639    .rodata.name        finsh_adc.o
    0x08016af7   0x00000027   Data   RO         1887    .rodata.name        finsh_rtc.o
    0x08016b1e   0x00000050   Data   RO         2017    .rodata.name        finsh_flash.o
    0x08016b6e   0x00000022   Data   RO         2080    .rodata.name        finsh_rgb_sensor.o
    0x08016b90   0x0000002f   Data   RO         2167    .rodata.name        finsh_l6480.o
    0x08016bbf   0x00000001   PAD
    0x08016bc0   0x00000004   Data   RO         1451    .rti_fn.0           components.o
    0x08016bc4   0x00000004   Data   RO         1452    .rti_fn.0.end       components.o
    0x08016bc8   0x00000004   Data   RO         1453    .rti_fn.1.end       components.o
    0x08016bcc   0x00000004   Data   RO         1198    .rti_fn.3           shell.o
    0x08016bd0   0x00000004   Data   RO         1454    .rti_fn.6.end       components.o
    0x08016bd4   0x0000000c   Data   RO          881    FSymTab             mem.o
    0x08016be0   0x0000000c   Data   RO         1177    FSymTab             can.o
    0x08016bec   0x00000090   Data   RO         1231    FSymTab             cmd.o
    0x08016c7c   0x0000000c   Data   RO         1473    FSymTab             led.o
    0x08016c88   0x00000030   Data   RO         1540    FSymTab             finsh_dio.o
    0x08016cb8   0x00000018   Data   RO         1576    FSymTab             finsh_eeprom.o
    0x08016cd0   0x0000000c   Data   RO         1611    FSymTab             finsh_test.o
    0x08016cdc   0x0000000c   Data   RO         1640    FSymTab             finsh_adc.o
    0x08016ce8   0x00000024   Data   RO         1888    FSymTab             finsh_rtc.o
    0x08016d0c   0x00000018   Data   RO         2018    FSymTab             finsh_flash.o
    0x08016d24   0x00000018   Data   RO         2081    FSymTab             finsh_rgb_sensor.o
    0x08016d3c   0x00000054   Data   RO         2168    FSymTab             finsh_l6480.o
    0x08016d90   0x00000020   Data   RO         2645    Region$$Table       anon$$obj.o
    0x08016db0   0x00000010   Data   RO         1232    VSymTab             cmd.o


    Execution Region RW_IRAM1 (Base: 0x20000000, Size: 0x00002e90, Max: 0x00010000, ABSOLUTE, COMPRESSED[0x000003a8])

    Base Addr    Size         Type   Attr      Idx    E Section Name        Object

    0x20000000   0x00000018   Data   RW          244    .data               usart.o
    0x20000018   0x00000014   Data   RW          283    .data               system_stm32f10x.o
    0x2000002c   0x00000014   Data   RW          329    .data               stm32f10x_rcc.o
    0x20000040   0x00000004   Data   RW          776    .data               clock.o
    0x20000044   0x00000004   Data   RW          806    .data               idle.o
    0x20000048   0x00000009   Data   RW          841    .data               irq.o
    0x20000051   0x00000003   PAD
    0x20000054   0x0000000c   Data   RW          858    .data               kservice.o
    0x20000060   0x00000020   Data   RW          879    .data               mem.o
    0x20000080   0x000000a4   Data   RW          915    .data               object.o
    0x20000124   0x0000001c   Data   RW          935    .data               scheduler.o
    0x20000140   0x0000000c   Data   RW          955    .data               thread.o
    0x2000014c   0x00000010   Data   RW          974    .data               timer.o
    0x2000015c   0x00000010   Data   RW          993    .data               cpuport.o
    0x2000016c   0x00000010   Data   RW         1175    .data               can.o
    0x2000017c   0x00000004   Data   RW         1197    .data               shell.o
    0x20000180   0x00000010   Data   RW         1213    .data               symbol.o
    0x20000190   0x00000004   Data   RW         1229    .data               cmd.o
    0x20000194   0x00000008   Data   RW         1251    .data               finsh_compiler.o
    0x2000019c   0x00000040   Data   RW         1289    .data               finsh_error.o
    0x200001dc   0x00000008   Data   RW         1305    .data               finsh_heap.o
    0x200001e4   0x00000004   Data   RW         1387    .data               finsh_var.o
    0x200001e8   0x0000000c   Data   RW         1410    .data               finsh_vm.o
    0x200001f4   0x00000001   Data   RW         1471    .data               led.o
    0x200001f5   0x00000003   Data   RW         1538    .data               finsh_dio.o
    0x200001f8   0x00000009   Data   RW         1574    .data               finsh_eeprom.o
    0x20000201   0x00000003   PAD
    0x20000204   0x00000010   Data   RW         1609    .data               finsh_test.o
    0x20000214   0x0000000d   Data   RW         1638    .data               finsh_adc.o
    0x20000221   0x00000003   PAD
    0x20000224   0x00000005   Data   RW         1670    .data               mcp3421.o
    0x20000229   0x00000003   PAD
    0x2000022c   0x0000000c   Data   RW         1696    .data               mcu_softi2c.o
    0x20000238   0x00000380   Data   RW         1722    .data               mcu_gpio.o
    0x200005b8   0x00000008   Data   RW         1748    .data               mcu_spi.o
    0x200005c0   0x00000050   Data   RW         1775    .data               mcu_exit.o
    0x20000610   0x0000000c   Data   RW         1859    .data               mcu_rtc.o
    0x2000061c   0x00000028   Data   RW         1886    .data               finsh_rtc.o
    0x20000644   0x0000001c   Data   RW         1964    .data               74hc165.o
    0x20000660   0x0000001c   Data   RW         1990    .data               74hc595.o
    0x2000067c   0x00000011   Data   RW         2016    .data               finsh_flash.o
    0x2000068d   0x00000003   PAD
    0x20000690   0x00000028   Data   RW         2050    .data               w25qxx.o
    0x200006b8   0x0000003c   Data   RW         2079    .data               finsh_rgb_sensor.o
    0x200006f4   0x00000020   Data   RW         2166    .data               finsh_l6480.o
    0x20000714   0x00000004   Data   RW         2588    .data               mc_w.l(errno.o)
    0x20000718   0x00000280   Zero   RW            4    .bss                application.o
    0x20000998   0x00000054   Zero   RW          242    .bss                usart.o
    0x200009ec   0x00000180   Zero   RW          804    .bss                idle.o
    0x20000b6c   0x00000080   Zero   RW          856    .bss                kservice.o
    0x20000bec   0x00000020   Zero   RW          876    .bss                mem.o
    0x20000c0c   0x00000100   Zero   RW          933    .bss                scheduler.o
    0x20000d0c   0x00000880   Zero   RW         1195    .bss                shell.o
    0x2000158c   0x00000080   Zero   RW         1304    .bss                finsh_heap.o
    0x2000160c   0x00000140   Zero   RW         1338    .bss                finsh_node.o
    0x2000174c   0x000000c0   Zero   RW         1386    .bss                finsh_var.o
    0x2000180c   0x00000180   Zero   RW         1409    .bss                finsh_vm.o
    0x2000198c   0x00000010   Zero   RW         1537    .bss                finsh_dio.o
    0x2000199c   0x00000014   Zero   RW         1637    .bss                finsh_adc.o
    0x200019b0   0x00001000   Zero   RW         2049    .bss                w25qxx.o
    0x200029b0   0x0000000c   Zero   RW         2076    .bss                finsh_rgb_sensor.o
    0x200029bc   0x0000009c   Zero   RW         2165    .bss                finsh_l6480.o
    0x20002a58   0x00000035   Zero   RW         2194    .bss                calendar.o
    0x20002a8d   0x00000003   PAD
    0x20002a90   0x00000400   Zero   RW          768    STACK               startup_stm32f10x_hd.o


==============================================================================

Image component sizes


      Code (inc. data)   RO Data    RW Data    ZI Data      Debug   Object Name

       152          6          0         28          0       2036   74hc165.o
       112          6          0         28          0       2154   74hc595.o
       148         26          0          0        640     268922   application.o
       148         20          0          0          0      22945   board.o
      3552         52          0          0         53       8861   calendar.o
      4320        528        671         16          0      10570   can.o
       100          6          0          4          0       1392   clock.o
      3468       1302       1024          4          0      11683   cmd.o
       456        124         57          0          0       3079   completion.o
        96         34         16          0          0       1744   components.o
       236         24          0          0          0        740   context_rvds.o
      1492        718         19         16          0       3819   cpuport.o
      1060        114         75          0          0       6137   dataqueue.o
       136          8          0          0          0        987   delay_1.o
       804        132        168          0          0       4821   device.o
       372         46         43         13         20       4237   finsh_adc.o
      6168        154          0          8          0      10818   finsh_compiler.o
      1416        184        226          3         16       4522   finsh_dio.o
       384         22         89          9          0       3167   finsh_eeprom.o
        44         10        243         64          0       1589   finsh_error.o
       220         26        104         17          0       3749   finsh_flash.o
       528         18          0          8        128       3363   finsh_heap.o
        88          6          0          0          0       1556   finsh_init.o
       948         70        131         32        156      13202   finsh_l6480.o
       388          4          0          0        320       3288   finsh_node.o
      2776         36        196          0          0       8632   finsh_ops.o
      2428         32          0          0          0       9709   finsh_parser.o
       368        196        216         60         12       4411   finsh_rgb_sensor.o
       560        242         75         40          0       3610   finsh_rtc.o
       100         32         25         16          0       2009   finsh_test.o
      1664         16        126          0          0       6188   finsh_token.o
       412         18          0          4        192       7341   finsh_var.o
       228         34          0         12        384       6946   finsh_vm.o
       312         74         22          4        384       3277   idle.o
      5716        422        471          0          0      20231   ipc.o
       124         14          0          9          0       1764   irq.o
      1504        554         71          0          0       3747   isl29125.o
      2756        242        290         12        128      12152   kservice.o
      1180         74          0          0          0      15642   l6480.o
       144         14         49          1          0       5325   led.o
         0          0          0          0          0       1531   mb1616007.o
       408         28          0          5          0       3666   mcp3421.o
      1180        114          0         80          0       7040   mcu_exit.o
       256          8          0        896          0       5401   mcu_gpio.o
       996        188          0         12          0       4431   mcu_rtc.o
      1246          0          0         12          0       4643   mcu_softi2c.o
       640         42          0          8          0       4409   mcu_spi.o
      2164        560        358         32         32       5311   mem.o
       484         72          0          0          0       2089   misc.o
       732        150         94        164          0       5868   object.o
       744        150         78         28        256       4833   scheduler.o
      3072        434        292          0          0       9277   serial.o
      2476        250        100          4       2176       5103   shell.o
       176         88          0          0          0       1203   startup.o
        36          8        304          0       1024        876   startup_stm32f10x_hd.o
       724         70          0          0          0       4024   stm32f10x_bkp.o
      2372        176          0          0          0       5654   stm32f10x_dma.o
       740         70          0          0          0       2699   stm32f10x_exti.o
      2688        210          0          0          0       7373   stm32f10x_gpio.o
        18          0          0          0          0        893   stm32f10x_it.o
       452         72          0          0          0       2227   stm32f10x_pwr.o
      2116        112          0         20          0      10360   stm32f10x_rcc.o
       560         64          0          0          0       3002   stm32f10x_rtc.o
      2444        102          0          0          0       8238   stm32f10x_spi.o
      3520        146          0          0          0      10736   stm32f10x_usart.o
         0          0          0         16          0       4301   symbol.o
       184          0          0          0          0       1477   sys.o
       480         38          0         20          0       1955   system_stm32f10x.o
      1540        222        170         12          0       8613   thread.o
      1116        100         92         16          0       6987   timer.o
      1168        108         92         24         84      35797   usart.o
      1012         12          0         40       4096       6444   w25qxx.o

    ----------------------------------------------------------------------
     82856       9234       6036       1812      10104     696826   Object Totals
         0          0         32          0          0          0   (incl. Generated)
         4          0         17         15          3          0   (incl. Padding)

    ----------------------------------------------------------------------

      Code (inc. data)   RO Data    RW Data    ZI Data      Debug   Library Member Name

        86          0          0          0          0          0   __dczerorl2.o
        28          0          0          0          0         68   _chval.o
       158          0          0          0          0         92   _strtoul.o
        26          0          0          0          0         80   atoi.o
         8          4        133          0          0         68   ctype_o.o
         0          0          0          0          0          0   entry.o
         0          0          0          0          0          0   entry10a.o
         0          0          0          0          0          0   entry11a.o
         8          4          0          0          0          0   entry2.o
         4          0          0          0          0          0   entry5.o
         0          0          0          0          0          0   entry7b.o
         0          0          0          0          0          0   entry8b.o
         8          4          0          0          0          0   entry9a.o
         8          4          0          4          0         68   errno.o
        30          0          0          0          0          0   handlers.o
        36          8          0          0          0         68   init.o
         0          0          0          0          0          0   iusefp.o
        30          0          0          0          0         68   llshl.o
        36          0          0          0          0         68   llsshr.o
        32          0          0          0          0         68   llushr.o
        36          0          0          0          0         68   memcpya.o
        36          0          0          0          0        108   memseta.o
      2276         86          0          0          0        520   printfa.o
        28          0          0          0          0         76   strcmp.o
        14          0          0          0          0         68   strlen.o
        30          0          0          0          0         80   strncmp.o
        24          0          0          0          0         76   strncpy.o
       112          0          0          0          0         88   strtol.o
        44          0          0          0          0         80   uidiv.o
        98          0          0          0          0         92   uldiv.o
        48          0          0          0          0         68   cdrcmple.o
        56          0          0          0          0         88   d2f.o
       334          0          0          0          0        148   dadd.o
       222          0          0          0          0        100   ddiv.o
       186          0          0          0          0        176   depilogue.o
        48          0          0          0          0         68   dfixul.o
        26          0          0          0          0         76   dfltui.o
       228          0          0          0          0         96   dmul.o
        38          0          0          0          0         68   f2d.o
       110          0          0          0          0        168   fepilogue.o
        10          0          0          0          0         68   ffltui.o
       100          0          0          0          0         76   fmul.o

    ----------------------------------------------------------------------
      4604        110        136          4          0       3104   Library Totals
         2          0          3          0          0          0   (incl. Padding)

    ----------------------------------------------------------------------

      Code (inc. data)   RO Data    RW Data    ZI Data      Debug   Library Name

      3196        110        133          4          0       1904   mc_w.l
      1406          0          0          0          0       1200   mf_w.l

    ----------------------------------------------------------------------
      4604        110        136          4          0       3104   Library Totals

    ----------------------------------------------------------------------

==============================================================================


      Code (inc. data)   RO Data    RW Data    ZI Data      Debug   

     87460       9344       6172       1816      10104     692622   Grand Totals
     87460       9344       6172        936      10104     692622   ELF Image Totals (compressed)
     87460       9344       6172        936          0          0   ROM Totals

==============================================================================

    Total RO  Size (Code + RO Data)                93632 (  91.44kB)
    Total RW  Size (RW Data + ZI Data)             11920 (  11.64kB)
    Total ROM Size (Code + RO Data + RW Data)      94568 (  92.35kB)

==============================================================================

