Component: ARM Compiler 5.06 update 4 (build 422) Tool: armlink [4d35d2]

==============================================================================

Section Cross References

    application.o(.text) refers to led.o(.text) for rt_hw_led_init
    application.o(.text) refers to thread.o(.text) for rt_thread_delay
    application.o(.text) refers to components.o(.text) for rt_components_init
    application.o(.text) refers to application.o(.bss) for led_stack
    startup.o(.text) refers to kservice.o(.text) for rt_kprintf
    startup.o(.text) refers to board.o(.text) for rt_hw_board_init
    startup.o(.text) refers to mem.o(.text) for rt_system_heap_init
    startup.o(.text) refers to scheduler.o(.text) for rt_system_scheduler_init
    startup.o(.text) refers to timer.o(.text) for rt_system_timer_init
    startup.o(.text) refers to application.o(.text) for rt_application_init
    startup.o(.text) refers to idle.o(.text) for rt_thread_idle_init
    startup.o(.text) refers to context_rvds.o(.text) for rt_hw_interrupt_disable
    board.o(.text) refers to misc.o(.text) for NVIC_SetVectorTable
    board.o(.text) refers to irq.o(.text) for rt_interrupt_enter
    board.o(.text) refers to clock.o(.text) for rt_tick_increase
    board.o(.text) refers to usart.o(.text) for rt_hw_usart_init
    board.o(.text) refers to kservice.o(.text) for rt_console_set_device
    board.o(.text) refers to components.o(.text) for rt_components_board_init
    board.o(.text) refers to system_stm32f10x.o(.data) for SystemCoreClock
    usart.o(.text) refers to stm32f10x_usart.o(.text) for USART_Init
    usart.o(.text) refers to stm32f10x_rcc.o(.text) for RCC_AHBPeriphClockCmd
    usart.o(.text) refers to stm32f10x_dma.o(.text) for DMA_DeInit
    usart.o(.text) refers to misc.o(.text) for NVIC_Init
    usart.o(.text) refers to serial.o(.text) for rt_hw_serial_isr
    usart.o(.text) refers to irq.o(.text) for rt_interrupt_enter
    usart.o(.text) refers to stm32f10x_gpio.o(.text) for GPIO_Init
    usart.o(.text) refers to usart.o(.bss) for serial1
    usart.o(.text) refers to usart.o(.constdata) for .constdata
    usart.o(.text) refers to usart.o(.data) for uart1
    usart.o(.constdata) refers to usart.o(.text) for stm32_configure
    system_stm32f10x.o(.text) refers to system_stm32f10x.o(.data) for SystemCoreClock
    startup_stm32f10x_hd.o(RESET) refers to startup_stm32f10x_hd.o(STACK) for __initial_sp
    startup_stm32f10x_hd.o(RESET) refers to startup_stm32f10x_hd.o(.text) for Reset_Handler
    startup_stm32f10x_hd.o(RESET) refers to stm32f10x_it.o(.text) for NMI_Handler
    startup_stm32f10x_hd.o(RESET) refers to context_rvds.o(.text) for HardFault_Handler
    startup_stm32f10x_hd.o(RESET) refers to board.o(.text) for SysTick_Handler
    startup_stm32f10x_hd.o(RESET) refers to mcu_exit.o(.text) for EXTI0_IRQHandler
    startup_stm32f10x_hd.o(RESET) refers to usart.o(.text) for DMA1_Channel5_IRQHandler
    startup_stm32f10x_hd.o(.text) refers to system_stm32f10x.o(.text) for SystemInit
    startup_stm32f10x_hd.o(.text) refers to entry.o(.ARM.Collect$$$$00000000) for __main
    misc.o(.text) refers to startup.o(.text) for assert_failed
    misc.o(.text) refers to misc.o(.conststring) for .conststring
    stm32f10x_adc.o(.text) refers to startup.o(.text) for assert_failed
    stm32f10x_adc.o(.text) refers to stm32f10x_rcc.o(.text) for RCC_APB2PeriphResetCmd
    stm32f10x_adc.o(.text) refers to stm32f10x_adc.o(.conststring) for .conststring
    stm32f10x_bkp.o(.text) refers to stm32f10x_rcc.o(.text) for RCC_BackupResetCmd
    stm32f10x_bkp.o(.text) refers to startup.o(.text) for assert_failed
    stm32f10x_bkp.o(.text) refers to stm32f10x_bkp.o(.conststring) for .conststring
    stm32f10x_can.o(.text) refers to startup.o(.text) for assert_failed
    stm32f10x_can.o(.text) refers to stm32f10x_rcc.o(.text) for RCC_APB1PeriphResetCmd
    stm32f10x_can.o(.text) refers to stm32f10x_can.o(.conststring) for .conststring
    stm32f10x_cec.o(.text) refers to stm32f10x_rcc.o(.text) for RCC_APB1PeriphResetCmd
    stm32f10x_cec.o(.text) refers to startup.o(.text) for assert_failed
    stm32f10x_cec.o(.text) refers to stm32f10x_cec.o(.conststring) for .conststring
    stm32f10x_dac.o(.text) refers to stm32f10x_rcc.o(.text) for RCC_APB1PeriphResetCmd
    stm32f10x_dac.o(.text) refers to startup.o(.text) for assert_failed
    stm32f10x_dac.o(.text) refers to stm32f10x_dac.o(.conststring) for .conststring
    stm32f10x_dbgmcu.o(.text) refers to startup.o(.text) for assert_failed
    stm32f10x_dbgmcu.o(.text) refers to stm32f10x_dbgmcu.o(.conststring) for .conststring
    stm32f10x_dma.o(.text) refers to startup.o(.text) for assert_failed
    stm32f10x_dma.o(.text) refers to stm32f10x_dma.o(.conststring) for .conststring
    stm32f10x_exti.o(.text) refers to startup.o(.text) for assert_failed
    stm32f10x_exti.o(.text) refers to stm32f10x_exti.o(.conststring) for .conststring
    stm32f10x_flash.o(.text) refers to startup.o(.text) for assert_failed
[...]
    _clock_init                               - Undefined Weak Reference
    _microlib_exit                            - Undefined Weak Reference
    __Vectors_Size                           0x00000130   Number         0  startup_stm32f10x_hd.o ABSOLUTE
    __Vectors                                0x08000000   Data           4  startup_stm32f10x_hd.o(RESET)
    __Vectors_End                            0x08000130   Data           0  startup_stm32f10x_hd.o(RESET)
    __main                                   0x08000131   Thumb Code     0  entry.o(.ARM.Collect$$$$00000000)
    _main_stk                                0x08000131   Thumb Code     0  entry2.o(.ARM.Collect$$$$00000001)
    _main_scatterload                        0x08000135   Thumb Code     0  entry5.o(.ARM.Collect$$$$00000004)
    __main_after_scatterload                 0x08000139   Thumb Code     0  entry5.o(.ARM.Collect$$$$00000004)
    _main_clock                              0x08000139   Thumb Code     0  entry7b.o(.ARM.Collect$$$$00000008)
    _main_cpp_init                           0x08000139   Thumb Code     0  entry8b.o(.ARM.Collect$$$$0000000A)
    _main_init                               0x08000139   Thumb Code     0  entry9a.o(.ARM.Collect$$$$0000000B)
    __rt_final_cpp                           0x08000141   Thumb Code     0  entry10a.o(.ARM.Collect$$$$0000000D)
    __rt_final_exit                          0x08000141   Thumb Code     0  entry11a.o(.ARM.Collect$$$$0000000F)
    rt_init_thread_entry                     0x08000165   Thumb Code    10  application.o(.text)
    rt_application_init                      0x0800016f   Thumb Code    80  application.o(.text)
    assert_failed                            0x080001d9   Thumb Code    30  startup.o(.text)
    rtthread_startup                         0x080001f7   Thumb Code    44  startup.o(.text)
    main                                     0x08000223   Thumb Code    14  startup.o(.text)
    NVIC_Configuration                       0x08000289   Thumb Code    14  board.o(.text)
    SysTick_Handler                          0x08000297   Thumb Code    16  board.o(.text)
    rt_hw_board_init                         0x080002a7   Thumb Code   100  board.o(.text)
    NMI_Handler                              0x08000321   Thumb Code     2  stm32f10x_it.o(.text)
    MemManage_Handler                        0x08000323   Thumb Code     4  stm32f10x_it.o(.text)
    BusFault_Handler                         0x08000327   Thumb Code     4  stm32f10x_it.o(.text)
    UsageFault_Handler                       0x0800032b   Thumb Code     4  stm32f10x_it.o(.text)
    SVC_Handler                              0x0800032f   Thumb Code     2  stm32f10x_it.o(.text)
    DebugMon_Handler                         0x08000331   Thumb Code     2  stm32f10x_it.o(.text)
    USART1_IRQHandler                        0x0800063d   Thumb Code    18  usart.o(.text)
    DMA1_Channel5_IRQHandler                 0x0800064f   Thumb Code    18  usart.o(.text)
    rt_hw_usart_init                         0x080006cb   Thumb Code    64  usart.o(.text)
    SystemInit                               0x0800080b   Thumb Code    78  system_stm32f10x.o(.text)
    SystemCoreClockUpdate                    0x08000859   Thumb Code   142  system_stm32f10x.o(.text)
    Reset_Handler                            0x08000915   Thumb Code     8  startup_stm32f10x_hd.o(.text)
    ADC1_2_IRQHandler                        0x0800092f   Thumb Code     0  startup_stm32f10x_hd.o(.text)
    ADC3_IRQHandler                          0x0800092f   Thumb Code     0  startup_stm32f10x_hd.o(.text)
    CAN1_RX1_IRQHandler                      0x0800092f   Thumb Code     0  startup_stm32f10x_hd.o(.text)
    CAN1_SCE_IRQHandler                      0x0800092f   Thumb Code     0  startup_stm32f10x_hd.o(.text)
    DMA1_Channel1_IRQHandler                 0x0800092f   Thumb Code     0  startup_stm32f10x_hd.o(.text)
    DMA1_Channel2_IRQHandler                 0x0800092f   Thumb Code     0  startup_stm32f10x_hd.o(.text)
    DMA1_Channel3_IRQHandler                 0x0800092f   Thumb Code     0  startup_stm32f10x_hd.o(.text)
    DMA1_Channel4_IRQHandler                 0x0800092f   Thumb Code     0  startup_stm32f10x_hd.o(.text)
    DMA1_Channel6_IRQHandler                 0x0800092f   Thumb Code     0  startup_stm32f10x_hd.o(.text)
    DMA1_Channel7_IRQHandler                 0x0800092f   Thumb Code     0  startup_stm32f10x_hd.o(.text)
    DMA2_Channel1_IRQHandler                 0x0800092f   Thumb Code     0  startup_stm32f10x_hd.o(.text)
    DMA2_Channel2_IRQHandler                 0x0800092f   Thumb Code     0  startup_stm32f10x_hd.o(.text)
    DMA2_Channel3_IRQHandler                 0x0800092f   Thumb Code     0  startup_stm32f10x_hd.o(.text)
    DMA2_Channel4_5_IRQHandler               0x0800092f   Thumb Code     0  startup_stm32f10x_hd.o(.text)
    FLASH_IRQHandler                         0x0800092f   Thumb Code     0  startup_stm32f10x_hd.o(.text)
    FSMC_IRQHandler                          0x0800092f   Thumb Code     0  startup_stm32f10x_hd.o(.text)
    I2C1_ER_IRQHandler                       0x0800092f   Thumb Code     0  startup_stm32f10x_hd.o(.text)
    I2C1_EV_IRQHandler                       0x0800092f   Thumb Code     0  startup_stm32f10x_hd.o(.text)
    I2C2_ER_IRQHandler                       0x0800092f   Thumb Code     0  startup_stm32f10x_hd.o(.text)
    I2C2_EV_IRQHandler                       0x0800092f   Thumb Code     0  startup_stm32f10x_hd.o(.text)
    PVD_IRQHandler                           0x0800092f   Thumb Code     0  startup_stm32f10x_hd.o(.text)
    RCC_IRQHandler                           0x0800092f   Thumb Code     0  startup_stm32f10x_hd.o(.text)
    RTCAlarm_IRQHandler                      0x0800092f   Thumb Code     0  startup_stm32f10x_hd.o(.text)
    RTC_IRQHandler                           0x0800092f   Thumb Code     0  startup_stm32f10x_hd.o(.text)
    SDIO_IRQHandler                          0x0800092f   Thumb Code     0  startup_stm32f10x_hd.o(.text)
    SPI1_IRQHandler                          0x0800092f   Thumb Code     0  startup_stm32f10x_hd.o(.text)
    SPI2_IRQHandler                          0x0800092f   Thumb Code     0  startup_stm32f10x_hd.o(.text)
    SPI3_IRQHandler                          0x0800092f   Thumb Code     0  startup_stm32f10x_hd.o(.text)
    TAMPER_IRQHandler                        0x0800092f   Thumb Code     0  startup_stm32f10x_hd.o(.text)
    TIM1_BRK_IRQHandler                      0x0800092f   Thumb Code     0  startup_stm32f10x_hd.o(.text)
    TIM1_CC_IRQHandler                       0x0800092f   Thumb Code     0  startup_stm32f10x_hd.o(.text)
    TIM1_TRG_COM_IRQHandler                  0x0800092f   Thumb Code     0  startup_stm32f10x_hd.o(.text)
    TIM1_UP_IRQHandler                       0x0800092f   Thumb Code     0  startup_stm32f10x_hd.o(.text)
    TIM2_IRQHandler                          0x0800092f   Thumb Code     0  startup_stm32f10x_hd.o(.text)
    TIM3_IRQHandler                          0x0800092f   Thumb Code     0  startup_stm32f10x_hd.o(.text)
    TIM4_IRQHandler                          0x0800092f   Thumb Code     0  startup_stm32f10x_hd.o(.text)
    TIM5_IRQHandler                          0x0800092f   Thumb Code     0  startup_stm32f10x_hd.o(.text)
    TIM6_IRQHandler                          0x0800092f   Thumb Code     0  startup_stm32f10x_hd.o(.text)
    TIM7_IRQHandler                          0x0800092f   Thumb Code     0  startup_stm32f10x_hd.o(.text)
    TIM8_BRK_IRQHandler                      0x0800092f   Thumb Code     0  startup_stm32f10x_hd.o(.text)
    TIM8_CC_IRQHandler                       0x0800092f   Thumb Code     0  startup_stm32f10x_hd.o(.text)
    TIM8_TRG_COM_IRQHandler                  0x0800092f   Thumb Code     0  startup_stm32f10x_hd.o(.text)
    TIM8_UP_IRQHandler                       0x0800092f   Thumb Code     0  startup_stm32f10x_hd.o(.text)
    UART4_IRQHandler                         0x0800092f   Thumb Code     0  startup_stm32f10x_hd.o(.text)
    UART5_IRQHandler                         0x0800092f   Thumb Code     0  startup_stm32f10x_hd.o(.text)
    USART2_IRQHandler                        0x0800092f   Thumb Code     0  startup_stm32f10x_hd.o(.text)
    USART3_IRQHandler                        0x0800092f   Thumb Code     0  startup_stm32f10x_hd.o(.text)
    USBWakeUp_IRQHandler                     0x0800092f   Thumb Code     0  startup_stm32f10x_hd.o(.text)
    USB_HP_CAN1_TX_IRQHandler                0x0800092f   Thumb Code     0  startup_stm32f10x_hd.o(.text)
    USB_LP_CAN1_RX0_IRQHandler               0x0800092f   Thumb Code     0  startup_stm32f10x_hd.o(.text)
    WWDG_IRQHandler                          0x0800092f   Thumb Code     0  startup_stm32f10x_hd.o(.text)
    NVIC_PriorityGroupConfig                 0x08000939   Thumb Code    54  misc.o(.text)
    NVIC_Init                                0x0800096f   Thumb Code   158  misc.o(.text)
    NVIC_SetVectorTable                      0x08000a0d   Thumb Code    60  misc.o(.text)
    NVIC_SystemLPConfig                      0x08000a49   Thumb Code    78  misc.o(.text)
    SysTick_CLKSourceConfig                  0x08000a97   Thumb Code    62  misc.o(.text)
    DMA_DeInit                               0x08000af1   Thumb Code   430  stm32f10x_dma.o(.text)
    DMA_Init                                 0x08000c9f   Thumb Code   388  stm32f10x_dma.o(.text)
    DMA_StructInit                           0x08000e23   Thumb Code    26  stm32f10x_dma.o(.text)
    DMA_Cmd                                  0x08000e3d   Thumb Code   164  stm32f10x_dma.o(.text)
    DMA_ITConfig                             0x08000ee1   Thumb Code   168  stm32f10x_dma.o(.text)
    DMA_SetCurrDataCounter                   0x08000f89   Thumb Code   114  stm32f10x_dma.o(.text)
    DMA_GetCurrDataCounter                   0x08000ffb   Thumb Code   114  stm32f10x_dma.o(.text)
    DMA_GetFlagStatus                        0x0800106d   Thumb Code   344  stm32f10x_dma.o(.text)
    DMA_ClearFlag                            0x080011c5   Thumb Code    52  stm32f10x_dma.o(.text)
    DMA_GetITStatus                          0x080011f9   Thumb Code   398  stm32f10x_dma.o(.text)
    DMA_ClearITPendingBit                    0x08001387   Thumb Code    50  stm32f10x_dma.o(.text)
    EXTI_DeInit                              0x080013e9   Thumb Code    28  stm32f10x_exti.o(.text)
    EXTI_Init                                0x08001405   Thumb Code   236  stm32f10x_exti.o(.text)
    EXTI_StructInit                          0x080014f1   Thumb Code    16  stm32f10x_exti.o(.text)
    EXTI_GenerateSWInterrupt                 0x08001501   Thumb Code    38  stm32f10x_exti.o(.text)
    EXTI_GetFlagStatus                       0x08001527   Thumb Code   140  stm32f10x_exti.o(.text)
    EXTI_ClearFlag                           0x080015b3   Thumb Code    30  stm32f10x_exti.o(.text)
    EXTI_GetITStatus                         0x080015d1   Thumb Code   152  stm32f10x_exti.o(.text)
    EXTI_ClearITPendingBit                   0x08001669   Thumb Code    30  stm32f10x_exti.o(.text)
    GPIO_DeInit                              0x08001695   Thumb Code   224  stm32f10x_gpio.o(.text)
    GPIO_AFIODeInit                          0x08001775   Thumb Code    20  stm32f10x_gpio.o(.text)
    GPIO_Init                                0x08001789   Thumb Code   378  stm32f10x_gpio.o(.text)
    GPIO_StructInit                          0x08001903   Thumb Code    16  stm32f10x_gpio.o(.text)
    GPIO_ReadInputDataBit                    0x08001913   Thumb Code   170  stm32f10x_gpio.o(.text)
    GPIO_ReadInputData                       0x080019bd   Thumb Code    64  stm32f10x_gpio.o(.text)
    GPIO_ReadOutputDataBit                   0x080019fd   Thumb Code   202  stm32f10x_gpio.o(.text)
    GPIO_ReadOutputData                      0x08001ac7   Thumb Code    64  stm32f10x_gpio.o(.text)
    GPIO_SetBits                             0x08001b07   Thumb Code    82  stm32f10x_gpio.o(.text)
    GPIO_ResetBits                           0x08001b59   Thumb Code    82  stm32f10x_gpio.o(.text)
    GPIO_WriteBit                            0x08001bab   Thumb Code   182  stm32f10x_gpio.o(.text)
    GPIO_Write                               0x08001c61   Thumb Code    64  stm32f10x_gpio.o(.text)
    GPIO_PinLockConfig                       0x08001ca1   Thumb Code    96  stm32f10x_gpio.o(.text)
    GPIO_EventOutputConfig                   0x08001d01   Thumb Code   134  stm32f10x_gpio.o(.text)
    GPIO_EventOutputCmd                      0x08001d87   Thumb Code    28  stm32f10x_gpio.o(.text)
    GPIO_PinRemapConfig                      0x08001da3   Thumb Code   552  stm32f10x_gpio.o(.text)
    GPIO_EXTILineConfig                      0x08001fcb   Thumb Code   182  stm32f10x_gpio.o(.text)
    GPIO_ETH_MediaInterfaceConfig            0x08002081   Thumb Code    28  stm32f10x_gpio.o(.text)
    RCC_DeInit                               0x080020bd   Thumb Code    64  stm32f10x_rcc.o(.text)
    RCC_HSEConfig                            0x080020fd   Thumb Code   100  stm32f10x_rcc.o(.text)
    RCC_GetFlagStatus                        0x08002161   Thumb Code   118  stm32f10x_rcc.o(.text)
    RCC_WaitForHSEStartUp                    0x080021d7   Thumb Code    56  stm32f10x_rcc.o(.text)
    RCC_AdjustHSICalibrationValue            0x0800220f   Thumb Code    38  stm32f10x_rcc.o(.text)
    RCC_HSICmd                               0x08002235   Thumb Code    28  stm32f10x_rcc.o(.text)
    RCC_PLLConfig                            0x08002251   Thumb Code   152  stm32f10x_rcc.o(.text)
    RCC_PLLCmd                               0x080022e9   Thumb Code    28  stm32f10x_rcc.o(.text)
    RCC_SYSCLKConfig                         0x08002305   Thumb Code    42  stm32f10x_rcc.o(.text)
    RCC_GetSYSCLKSource                      0x0800232f   Thumb Code    10  stm32f10x_rcc.o(.text)
    RCC_HCLKConfig                           0x08002339   Thumb Code    66  stm32f10x_rcc.o(.text)
    RCC_PCLK1Config                          0x0800237b   Thumb Code    58  stm32f10x_rcc.o(.text)
    RCC_PCLK2Config                          0x080023b5   Thumb Code    60  stm32f10x_rcc.o(.text)
    RCC_ITConfig                             0x080023f1   Thumb Code    70  stm32f10x_rcc.o(.text)
    RCC_USBCLKConfig                         0x08002437   Thumb Code    30  stm32f10x_rcc.o(.text)
    RCC_ADCCLKConfig                         0x08002455   Thumb Code    52  stm32f10x_rcc.o(.text)
    RCC_LSEConfig                            0x08002489   Thumb Code    94  stm32f10x_rcc.o(.text)
    RCC_LSICmd                               0x080024e7   Thumb Code    28  stm32f10x_rcc.o(.text)
    RCC_RTCCLKConfig                         0x08002503   Thumb Code    50  stm32f10x_rcc.o(.text)
    RCC_RTCCLKCmd                            0x08002535   Thumb Code    30  stm32f10x_rcc.o(.text)
    RCC_GetClocksFreq                        0x08002553   Thumb Code   208  stm32f10x_rcc.o(.text)
    RCC_AHBPeriphClockCmd                    0x08002623   Thumb Code    82  stm32f10x_rcc.o(.text)
    RCC_APB2PeriphClockCmd                   0x08002675   Thumb Code    78  stm32f10x_rcc.o(.text)
    RCC_APB1PeriphClockCmd                   0x080026c3   Thumb Code    78  stm32f10x_rcc.o(.text)
    RCC_APB2PeriphResetCmd                   0x08002711   Thumb Code    78  stm32f10x_rcc.o(.text)
    RCC_APB1PeriphResetCmd                   0x0800275f   Thumb Code    78  stm32f10x_rcc.o(.text)
    RCC_BackupResetCmd                       0x080027ad   Thumb Code    30  stm32f10x_rcc.o(.text)
    RCC_ClockSecuritySystemCmd               0x080027cb   Thumb Code    28  stm32f10x_rcc.o(.text)
    RCC_MCOConfig                            0x080027e7   Thumb Code    42  stm32f10x_rcc.o(.text)
    RCC_ClearFlag                            0x08002811   Thumb Code    18  stm32f10x_rcc.o(.text)
    RCC_GetITStatus                          0x08002823   Thumb Code    62  stm32f10x_rcc.o(.text)
    RCC_ClearITPendingBit                    0x08002861   Thumb Code    32  stm32f10x_rcc.o(.text)
    USART_DeInit                             0x080028b1   Thumb Code   174  stm32f10x_usart.o(.text)
    USART_Init                               0x0800295f   Thumb Code   450  stm32f10x_usart.o(.text)
    USART_StructInit                         0x08002b21   Thumb Code    24  stm32f10x_usart.o(.text)
    USART_ClockInit                          0x08002b39   Thumb Code   162  stm32f10x_usart.o(.text)
    USART_ClockStructInit                    0x08002bdb   Thumb Code    12  stm32f10x_usart.o(.text)
    USART_Cmd                                0x08002be7   Thumb Code    90  stm32f10x_usart.o(.text)
    USART_ITConfig                           0x08002c41   Thumb Code   278  stm32f10x_usart.o(.text)
    USART_DMACmd                             0x08002d57   Thumb Code   108  stm32f10x_usart.o(.text)
    USART_SetAddress                         0x08002dc3   Thumb Code    82  stm32f10x_usart.o(.text)
    USART_WakeUpConfig                       0x08002e15   Thumb Code    86  stm32f10x_usart.o(.text)
    USART_ReceiverWakeUpCmd                  0x08002e6b   Thumb Code    90  stm32f10x_usart.o(.text)
    USART_LINBreakDetectLengthConfig         0x08002ec5   Thumb Code    84  stm32f10x_usart.o(.text)
    USART_LINCmd                             0x08002f19   Thumb Code    90  stm32f10x_usart.o(.text)
    USART_SendData                           0x08002f73   Thumb Code    74  stm32f10x_usart.o(.text)
    USART_ReceiveData                        0x08002fbd   Thumb Code    54  stm32f10x_usart.o(.text)
    USART_SendBreak                          0x08002ff3   Thumb Code    56  stm32f10x_usart.o(.text)
    USART_SetGuardTime                       0x0800302b   Thumb Code    52  stm32f10x_usart.o(.text)
    USART_SetPrescaler                       0x0800305f   Thumb Code    64  stm32f10x_usart.o(.text)
    USART_SmartCardCmd                       0x0800309f   Thumb Code   102  stm32f10x_usart.o(.text)
    USART_SmartCardNACKCmd                   0x08003105   Thumb Code    78  stm32f10x_usart.o(.text)
    USART_HalfDuplexCmd                      0x08003153   Thumb Code    90  stm32f10x_usart.o(.text)
    USART_OverSampling8Cmd                   0x080031ad   Thumb Code    88  stm32f10x_usart.o(.text)
    USART_OneBitMethodCmd                    0x08003205   Thumb Code    90  stm32f10x_usart.o(.text)
    USART_IrDAConfig                         0x0800325f   Thumb Code    84  stm32f10x_usart.o(.text)
    USART_IrDACmd                            0x080032b3   Thumb Code    90  stm32f10x_usart.o(.text)
    USART_GetFlagStatus                      0x0800330d   Thumb Code   158  stm32f10x_usart.o(.text)
    USART_ClearFlag                          0x080033ab   Thumb Code   116  stm32f10x_usart.o(.text)
    USART_GetITStatus                        0x0800341f   Thumb Code   278  stm32f10x_usart.o(.text)
    USART_ClearITPendingBit                  0x08003535   Thumb Code   152  stm32f10x_usart.o(.text)
    rt_system_tick_init                      0x080035e5   Thumb Code     2  clock.o(.text)
    rt_tick_get                              0x080035e7   Thumb Code     6  clock.o(.text)
    rt_tick_set                              0x080035ed   Thumb Code    22  clock.o(.text)
    rt_tick_increase                         0x08003603   Thumb Code    42  clock.o(.text)
    rt_tick_from_millisecond                 0x0800362d   Thumb Code    22  clock.o(.text)
    rt_device_find                           0x08003649   Thumb Code    76  device.o(.text)
    rt_device_register                       0x08003695   Thumb Code    52  device.o(.text)
    rt_device_unregister                     0x080036c9   Thumb Code    14  device.o(.text)
    rt_device_init_all                       0x080036d7   Thumb Code     4  device.o(.text)
    rt_device_init                           0x080036db   Thumb Code    52  device.o(.text)
    rt_device_open                           0x0800370f   Thumb Code   110  device.o(.text)
    rt_device_close                          0x0800377d   Thumb Code    54  device.o(.text)
    rt_device_read                           0x080037b3   Thumb Code    62  device.o(.text)
    rt_device_write                          0x080037f1   Thumb Code    62  device.o(.text)
    rt_device_control                        0x0800382f   Thumb Code    28  device.o(.text)
    rt_device_set_rx_indicate                0x0800384b   Thumb Code     8  device.o(.text)
    rt_device_set_tx_complete                0x08003853   Thumb Code     8  device.o(.text)
    rt_thread_idle_sethook                   0x08003899   Thumb Code     6  idle.o(.text)
    rt_thread_idle_excute                    0x0800389f   Thumb Code   114  idle.o(.text)
    rt_thread_idle_init                      0x08003925   Thumb Code    38  idle.o(.text)
    rt_thread_idle_gethandler                0x0800394b   Thumb Code     4  idle.o(.text)
    rt_sem_init                              0x08003a29   Thumb Code    38  ipc.o(.text)
    rt_sem_detach                            0x08003a4f   Thumb Code    22  ipc.o(.text)
    rt_sem_create                            0x08003a65   Thumb Code    42  ipc.o(.text)
    rt_sem_delete                            0x08003a8f   Thumb Code    22  ipc.o(.text)
    rt_sem_take                              0x08003aa5   Thumb Code   152  ipc.o(.text)
    rt_sem_trytake                           0x08003b3d   Thumb Code    14  ipc.o(.text)
    rt_sem_release                           0x08003b4b   Thumb Code    76  ipc.o(.text)
    rt_sem_control                           0x08003b97   Thumb Code    54  ipc.o(.text)
    rt_mutex_init                            0x08003bcd   Thumb Code    44  ipc.o(.text)
    rt_mutex_detach                          0x08003bf9   Thumb Code    22  ipc.o(.text)
    rt_mutex_create                          0x08003c0f   Thumb Code    50  ipc.o(.text)
    rt_mutex_delete                          0x08003c41   Thumb Code    22  ipc.o(.text)
    rt_mutex_take                            0x08003c57   Thumb Code   218  ipc.o(.text)
    rt_mutex_release                         0x08003d31   Thumb Code   172  ipc.o(.text)
    rt_mutex_control                         0x08003ddd   Thumb Code     8  ipc.o(.text)
    rt_event_init                            0x08003de5   Thumb Code    32  ipc.o(.text)
    rt_event_detach                          0x08003e05   Thumb Code    22  ipc.o(.text)
    rt_event_create                          0x08003e1b   Thumb Code    38  ipc.o(.text)
    rt_event_delete                          0x08003e41   Thumb Code    22  ipc.o(.text)
    rt_event_send                            0x08003e57   Thumb Code   212  ipc.o(.text)
    rt_event_recv                            0x08003f2b   Thumb Code   254  ipc.o(.text)
    rt_event_control                         0x08004029   Thumb Code    54  ipc.o(.text)
    rt_mb_init                               0x0800405f   Thumb Code    62  ipc.o(.text)
    rt_mb_detach                             0x0800409d   Thumb Code    30  ipc.o(.text)
    rt_mb_create                             0x080040bb   Thumb Code    82  ipc.o(.text)
    rt_mb_delete                             0x0800410d   Thumb Code    36  ipc.o(.text)
    rt_mb_send_wait                          0x08004131   Thumb Code   266  ipc.o(.text)
    rt_mb_send                               0x0800423b   Thumb Code    18  ipc.o(.text)
    rt_mb_recv                               0x0800424d   Thumb Code   314  ipc.o(.text)
    rt_mb_control                            0x08004387   Thumb Code    66  ipc.o(.text)
    rt_mq_init                               0x080043c9   Thumb Code   104  ipc.o(.text)
    rt_mq_detach                             0x08004431   Thumb Code    22  ipc.o(.text)
    rt_mq_delete                             0x08004447   Thumb Code    28  ipc.o(.text)
    rt_mq_create                             0x08004463   Thumb Code   128  ipc.o(.text)
    rt_mq_send                               0x080044e3   Thumb Code   158  ipc.o(.text)
    rt_mq_urgent                             0x08004581   Thumb Code   150  ipc.o(.text)
    rt_mq_recv                               0x08004617   Thumb Code   288  ipc.o(.text)
    rt_mq_control                            0x08004737   Thumb Code    94  ipc.o(.text)
    rt_interrupt_enter_sethook               0x080047d1   Thumb Code     6  irq.o(.text)
    rt_interrupt_leave_sethook               0x080047d7   Thumb Code     6  irq.o(.text)
    rt_interrupt_enter                       0x080047dd   Thumb Code    42  irq.o(.text)
    rt_interrupt_leave                       0x08004807   Thumb Code    42  irq.o(.text)
    rt_interrupt_get_nest                    0x08004831   Thumb Code     6  irq.o(.text)
    rt_get_errno                             0x08004845   Thumb Code    32  kservice.o(.text)
    rt_set_errno                             0x08004865   Thumb Code    36  kservice.o(.text)
    _rt_errno                                0x08004889   Thumb Code    30  kservice.o(.text)
    rt_memset                                0x080048a7   Thumb Code    72  kservice.o(.text)
    rt_memcpy                                0x080048ef   Thumb Code   124  kservice.o(.text)
    rt_memmove                               0x0800496b   Thumb Code    66  kservice.o(.text)
    rt_memcmp                                0x080049ad   Thumb Code    38  kservice.o(.text)
    rt_strlen                                0x080049d3   Thumb Code    18  kservice.o(.text)
    rt_strstr                                0x080049e5   Thumb Code    58  kservice.o(.text)
    rt_strcasecmp                            0x08004a1f   Thumb Code    48  kservice.o(.text)
    rt_strncpy                               0x08004a4f   Thumb Code    52  kservice.o(.text)
    rt_strncmp                               0x08004a83   Thumb Code    40  kservice.o(.text)
    rt_strcmp                                0x08004aab   Thumb Code    28  kservice.o(.text)
    rt_strnlen                               0x08004ac7   Thumb Code    24  kservice.o(.text)
    rt_strdup                                0x08004adf   Thumb Code    40  kservice.o(.text)
    rt_hw_console_output                     0x08004b07   Thumb Code     2  kservice.o(.text)
    rt_vsnprintf                             0x08004cbf   Thumb Code   800  kservice.o(.text)
    rt_kprintf                               0x08004fdf   Thumb Code    96  kservice.o(.text)
    rt_show_version                          0x0800503f   Thumb Code    50  kservice.o(.text)
    rt_snprintf                              0x08005071   Thumb Code    38  kservice.o(.text)
    rt_vsprintf                              0x08005097   Thumb Code    22  kservice.o(.text)
    rt_sprintf                               0x080050ad   Thumb Code    34  kservice.o(.text)
    rt_console_get_device                    0x080050cf   Thumb Code     6  kservice.o(.text)
    rt_console_set_device                    0x080050d5   Thumb Code    48  kservice.o(.text)
    rt_kputs                                 0x08005105   Thumb Code    72  kservice.o(.text)
    rt_malloc_align                          0x0800514d   Thumb Code    66  kservice.o(.text)
    rt_free_align                            0x0800518f   Thumb Code    16  kservice.o(.text)
    __rt_ffs                                 0x0800519f   Thumb Code    70  kservice.o(.text)
    rt_malloc_sethook                        0x0800528d   Thumb Code     6  mem.o(.text)
    rt_free_sethook                          0x08005293   Thumb Code     6  mem.o(.text)
    rt_system_heap_init                      0x08005305   Thumb Code   160  mem.o(.text)
    rt_malloc                                0x080053a5   Thumb Code   360  mem.o(.text)
    rt_free                                  0x0800550d   Thumb Code   116  mem.o(.text)
    rt_realloc                               0x08005581   Thumb Code   366  mem.o(.text)
    rt_calloc                                0x080056ef   Thumb Code    34  mem.o(.text)
    rt_memory_info                           0x08005711   Thumb Code    26  mem.o(.text)
    list_mem                                 0x0800572b   Thumb Code    34  mem.o(.text)
    rt_object_attach_sethook                 0x080057c1   Thumb Code     6  object.o(.text)
    rt_object_detach_sethook                 0x080057c7   Thumb Code     6  object.o(.text)
    rt_object_trytake_sethook                0x080057cd   Thumb Code     6  object.o(.text)
    rt_object_take_sethook                   0x080057d3   Thumb Code     6  object.o(.text)
    rt_object_put_sethook                    0x080057d9   Thumb Code     6  object.o(.text)
    rt_system_object_init                    0x080057df   Thumb Code     2  object.o(.text)
    rt_object_get_information                0x080057e1   Thumb Code    10  object.o(.text)
    rt_object_init                           0x080057eb   Thumb Code    76  object.o(.text)
    rt_object_detach                         0x08005837   Thumb Code    44  object.o(.text)
    rt_object_allocate                       0x08005863   Thumb Code    90  object.o(.text)
    rt_object_delete                         0x080058bd   Thumb Code    50  object.o(.text)
    rt_object_is_systemobject                0x080058ef   Thumb Code    18  object.o(.text)
    rt_object_find                           0x08005901   Thumb Code    84  object.o(.text)
    rt_scheduler_sethook                     0x0800596d   Thumb Code     6  scheduler.o(.text)
    rt_system_scheduler_init                 0x080059c1   Thumb Code    52  scheduler.o(.text)
    rt_system_scheduler_start                0x080059f5   Thumb Code    36  scheduler.o(.text)
    rt_schedule                              0x08005a19   Thumb Code   124  scheduler.o(.text)
    rt_schedule_insert_thread                0x08005a95   Thumb Code    64  scheduler.o(.text)
    rt_schedule_remove_thread                0x08005ad5   Thumb Code    76  scheduler.o(.text)
    rt_enter_critical                        0x08005b21   Thumb Code    28  scheduler.o(.text)
    rt_exit_critical                         0x08005b3d   Thumb Code    54  scheduler.o(.text)
    rt_critical_level                        0x08005b73   Thumb Code     8  scheduler.o(.text)
    rt_thread_suspend_sethook                0x08005c15   Thumb Code     6  thread.o(.text)
    rt_thread_resume_sethook                 0x08005c1b   Thumb Code     6  thread.o(.text)
    rt_thread_inited_sethook                 0x08005c21   Thumb Code     6  thread.o(.text)
    rt_thread_exit                           0x08005c27   Thumb Code    76  thread.o(.text)
    rt_thread_timeout                        0x08005c73   Thumb Code    32  thread.o(.text)
    rt_thread_init                           0x08005d23   Thumb Code    52  thread.o(.text)
    rt_thread_self                           0x08005d57   Thumb Code     6  thread.o(.text)
    rt_thread_resume                         0x08005d5d   Thumb Code    74  thread.o(.text)
    rt_thread_startup                        0x08005da7   Thumb Code    44  thread.o(.text)
    rt_thread_detach                         0x08005dd3   Thumb Code    66  thread.o(.text)
    rt_thread_create                         0x08005e15   Thumb Code    80  thread.o(.text)
    rt_thread_delete                         0x08005e65   Thumb Code    56  thread.o(.text)
    rt_thread_yield                          0x08005e9d   Thumb Code    88  thread.o(.text)
    rt_thread_suspend                        0x08005ef5   Thumb Code    72  thread.o(.text)
    rt_thread_sleep                          0x08005f3d   Thumb Code    62  thread.o(.text)
    rt_thread_delay                          0x08005f7b   Thumb Code    12  thread.o(.text)
    rt_thread_control                        0x08005f87   Thumb Code   138  thread.o(.text)
    rt_thread_find                           0x08006011   Thumb Code    76  thread.o(.text)
    rt_timer_timeout_sethook                 0x0800606f   Thumb Code     6  timer.o(.text)
    rt_timer_init                            0x08006101   Thumb Code    46  timer.o(.text)
    rt_timer_detach                          0x0800612f   Thumb Code    32  timer.o(.text)
    rt_timer_create                          0x0800614f   Thumb Code    54  timer.o(.text)
    rt_timer_delete                          0x08006185   Thumb Code    32  timer.o(.text)
    rt_timer_start                           0x080061a5   Thumb Code   256  timer.o(.text)
    rt_timer_stop                            0x080062a5   Thumb Code    66  timer.o(.text)
    rt_timer_control                         0x080062e7   Thumb Code    56  timer.o(.text)
    rt_timer_check                           0x0800631f   Thumb Code   136  timer.o(.text)
    rt_timer_next_timeout_tick               0x080063a7   Thumb Code    10  timer.o(.text)
    rt_system_timer_init                     0x080063b1   Thumb Code    24  timer.o(.text)
    rt_system_timer_thread_init              0x080063c9   Thumb Code     2  timer.o(.text)
    rt_hw_stack_init                         0x080063f5   Thumb Code    70  cpuport.o(.text)
    rt_hw_exception_install                  0x0800643b   Thumb Code     6  cpuport.o(.text)
    rt_hw_hard_fault_exception               0x0800661f   Thumb Code   198  cpuport.o(.text)
    rt_hw_cpu_shutdown                       0x080066e5   Thumb Code    10  cpuport.o(.text)
    rt_hw_interrupt_disable                  0x080069b5   Thumb Code     8  context_rvds.o(.text)
    rt_hw_interrupt_enable                   0x080069bd   Thumb Code     6  context_rvds.o(.text)
    rt_hw_context_switch                     0x080069c3   Thumb Code    32  context_rvds.o(.text)
    rt_hw_context_switch_interrupt           0x080069c3   Thumb Code     0  context_rvds.o(.text)
    PendSV_Handler                           0x080069e3   Thumb Code    60  context_rvds.o(.text)
    rt_hw_context_switch_to                  0x08006a1f   Thumb Code    56  context_rvds.o(.text)
    rt_hw_interrupt_thread_switch            0x08006a57   Thumb Code     2  context_rvds.o(.text)
    HardFault_Handler                        0x08006a59   Thumb Code    48  context_rvds.o(.text)
    rt_hw_serial_register                    0x0800707f   Thumb Code    62  serial.o(.text)
    rt_hw_serial_isr                         0x080070bd   Thumb Code   336  serial.o(.text)
    rt_completion_init                       0x080072e5   Thumb Code    30  completion.o(.text)
    rt_completion_wait                       0x08007303   Thumb Code   126  completion.o(.text)
    rt_completion_done                       0x08007381   Thumb Code    72  completion.o(.text)
    rt_data_queue_init                       0x080073d7   Thumb Code    64  dataqueue.o(.text)
    rt_data_queue_push                       0x08007417   Thumb Code   230  dataqueue.o(.text)
    rt_data_queue_pop                        0x080074fd   Thumb Code   262  dataqueue.o(.text)
    rt_data_queue_peak                       0x08007603   Thumb Code    90  dataqueue.o(.text)
    rt_data_queue_reset                      0x0800765d   Thumb Code   106  dataqueue.o(.text)
    finsh_set_device                         0x080076ef   Thumb Code   140  shell.o(.text)
    finsh_get_device                         0x0800777b   Thumb Code    10  shell.o(.text)
    finsh_set_echo                           0x08007785   Thumb Code    10  shell.o(.text)
    finsh_get_echo                           0x0800778f   Thumb Code    14  shell.o(.text)
    finsh_run_line                           0x080077b9   Thumb Code    90  shell.o(.text)
    finsh_thread_entry                       0x080078eb   Thumb Code  1532  shell.o(.text)
    finsh_system_function_init               0x08007ee7   Thumb Code    10  shell.o(.text)
    finsh_system_var_init                    0x08007ef1   Thumb Code    10  shell.o(.text)
    finsh_system_init                        0x08007efb   Thumb Code   206  shell.o(.text)
    hello                                    0x08007ff9   Thumb Code    12  cmd.o(.text)
    version                                  0x08008005   Thumb Code    10  cmd.o(.text)
    list_thread                              0x0800810d   Thumb Code    10  cmd.o(.text)
    list_sem                                 0x080081cf   Thumb Code    12  cmd.o(.text)
    list_event                               0x08008259   Thumb Code    12  cmd.o(.text)
    list_mutex                               0x080082c1   Thumb Code    12  cmd.o(.text)
    list_mailbox                             0x08008371   Thumb Code    12  cmd.o(.text)
    list_msgqueue                            0x080086e7   Thumb Code    10  cmd.o(.text)
    list_mempool                             0x08008777   Thumb Code    12  cmd.o(.text)
    list_timer                               0x080087f3   Thumb Code    12  cmd.o(.text)
    list_device                              0x0800887b   Thumb Code    12  cmd.o(.text)
    list                                     0x08008887   Thumb Code   126  cmd.o(.text)
    list_prefix                              0x08008947   Thumb Code  1014  cmd.o(.text)
    finsh_compiler_run                       0x0800a51f   Thumb Code    88  finsh_compiler.o(.text)
    finsh_error_init                         0x0800a589   Thumb Code     8  finsh_error.o(.text)
    finsh_error_set                          0x0800a591   Thumb Code    10  finsh_error.o(.text)
    finsh_errno                              0x0800a59b   Thumb Code     6  finsh_error.o(.text)
    finsh_error_string                       0x0800a5a1   Thumb Code    10  finsh_error.o(.text)
    finsh_heap_init                          0x0800a5b5   Thumb Code    36  finsh_heap.o(.text)
    finsh_heap_free                          0x0800a6d9   Thumb Code    34  finsh_heap.o(.text)
    finsh_heap_allocate                      0x0800a749   Thumb Code   106  finsh_heap.o(.text)
    finsh_init                               0x0800a7c5   Thumb Code    30  finsh_init.o(.text)
    finsh_stack_bottom                       0x0800a7e3   Thumb Code     6  finsh_init.o(.text)
    finsh_flush                              0x0800a7e9   Thumb Code    22  finsh_init.o(.text)
    finsh_reset                              0x0800a7ff   Thumb Code    24  finsh_init.o(.text)
    finsh_node_init                          0x0800a81d   Thumb Code    16  finsh_node.o(.text)
    finsh_node_allocate                      0x0800a82d   Thumb Code    56  finsh_node.o(.text)
    finsh_node_new_id                        0x0800a865   Thumb Code   118  finsh_node.o(.text)
    finsh_node_new_char                      0x0800a8db   Thumb Code    30  finsh_node.o(.text)
    finsh_node_new_int                       0x0800a8f9   Thumb Code    30  finsh_node.o(.text)
    finsh_node_new_long                      0x0800a917   Thumb Code    30  finsh_node.o(.text)
    finsh_node_new_string                    0x0800a935   Thumb Code    74  finsh_node.o(.text)
    finsh_node_new_ptr                       0x0800a97f   Thumb Code    30  finsh_node.o(.text)
    OP_no_op                                 0x0800a9a1   Thumb Code     2  finsh_ops.o(.text)
    OP_add_byte                              0x0800a9a3   Thumb Code    42  finsh_ops.o(.text)
    OP_add_word                              0x0800a9cd   Thumb Code    44  finsh_ops.o(.text)
    OP_add_dword                             0x0800a9f9   Thumb Code    42  finsh_ops.o(.text)
    OP_sub_byte                              0x0800aa23   Thumb Code    42  finsh_ops.o(.text)
    OP_sub_word                              0x0800aa4d   Thumb Code    44  finsh_ops.o(.text)
    OP_sub_dword                             0x0800aa79   Thumb Code    42  finsh_ops.o(.text)
    OP_div_byte                              0x0800aaa3   Thumb Code    44  finsh_ops.o(.text)
    OP_div_word                              0x0800aacf   Thumb Code    46  finsh_ops.o(.text)
    OP_div_dword                             0x0800aafd   Thumb Code    44  finsh_ops.o(.text)
    OP_mod_byte                              0x0800ab29   Thumb Code    48  finsh_ops.o(.text)
    OP_mod_word                              0x0800ab59   Thumb Code    48  finsh_ops.o(.text)
    OP_mod_dword                             0x0800ab89   Thumb Code    48  finsh_ops.o(.text)
    OP_mul_byte                              0x0800abb9   Thumb Code    42  finsh_ops.o(.text)
    OP_mul_word                              0x0800abe3   Thumb Code    44  finsh_ops.o(.text)
    OP_mul_dword                             0x0800ac0f   Thumb Code    42  finsh_ops.o(.text)
    OP_and_byte                              0x0800ac39   Thumb Code    42  finsh_ops.o(.text)
    OP_and_word                              0x0800ac63   Thumb Code    42  finsh_ops.o(.text)
    OP_and_dword                             0x0800ac8d   Thumb Code    42  finsh_ops.o(.text)
    OP_or_byte                               0x0800acb7   Thumb Code    42  finsh_ops.o(.text)
    OP_or_word                               0x0800ace1   Thumb Code    42  finsh_ops.o(.text)
    OP_or_dword                              0x0800ad0b   Thumb Code    42  finsh_ops.o(.text)
    OP_xor_byte                              0x0800ad35   Thumb Code    42  finsh_ops.o(.text)
    OP_xor_word                              0x0800ad5f   Thumb Code    46  finsh_ops.o(.text)
    OP_xor_dword                             0x0800ad8d   Thumb Code    42  finsh_ops.o(.text)
    OP_bw_byte                               0x0800adb7   Thumb Code    20  finsh_ops.o(.text)
    OP_bw_word                               0x0800adcb   Thumb Code    20  finsh_ops.o(.text)
    OP_bw_dword                              0x0800addf   Thumb Code    20  finsh_ops.o(.text)
    OP_shl_byte                              0x0800adf3   Thumb Code    42  finsh_ops.o(.text)
    OP_shl_word                              0x0800ae1d   Thumb Code    44  finsh_ops.o(.text)
    OP_shl_dword                             0x0800ae49   Thumb Code    42  finsh_ops.o(.text)
    OP_shr_byte                              0x0800ae73   Thumb Code    42  finsh_ops.o(.text)
    OP_shr_word                              0x0800ae9d   Thumb Code    42  finsh_ops.o(.text)
    OP_shr_dword                             0x0800aec7   Thumb Code    42  finsh_ops.o(.text)
    OP_ld_byte                               0x0800aef1   Thumb Code    34  finsh_ops.o(.text)
    OP_ld_word                               0x0800af13   Thumb Code    46  finsh_ops.o(.text)
    OP_ld_dword                              0x0800af41   Thumb Code    64  finsh_ops.o(.text)
    OP_ld_value_byte                         0x0800af81   Thumb Code    66  finsh_ops.o(.text)
    OP_ld_value_byte_stack                   0x0800afc3   Thumb Code    20  finsh_ops.o(.text)
    OP_ld_value_word                         0x0800afd7   Thumb Code    66  finsh_ops.o(.text)
    OP_ld_value_word_stack                   0x0800b019   Thumb Code    20  finsh_ops.o(.text)
    OP_ld_value_dword                        0x0800b02d   Thumb Code    66  finsh_ops.o(.text)
    OP_ld_value_dword_stack                  0x0800b06f   Thumb Code    20  finsh_ops.o(.text)
    OP_st_byte                               0x0800b083   Thumb Code    30  finsh_ops.o(.text)
    OP_st_word                               0x0800b0a1   Thumb Code    30  finsh_ops.o(.text)
    OP_st_dword                              0x0800b0bf   Thumb Code    30  finsh_ops.o(.text)
    OP_pop                                   0x0800b0dd   Thumb Code    12  finsh_ops.o(.text)
    OP_call                                  0x0800b0e9   Thumb Code   906  finsh_ops.o(.text)
    finsh_parser_run                         0x0800bd09   Thumb Code   220  finsh_parser.o(.text)
    finsh_parser_init                        0x0800bde5   Thumb Code    16  finsh_parser.o(.text)
    finsh_var_init                           0x0800bdf5   Thumb Code    14  finsh_var.o(.text)
    finsh_var_insert                         0x0800be03   Thumb Code   114  finsh_var.o(.text)
    finsh_var_delete                         0x0800be75   Thumb Code    68  finsh_var.o(.text)
    finsh_var_lookup                         0x0800beb9   Thumb Code    58  finsh_var.o(.text)
    finsh_sysvar_append                      0x0800bef3   Thumb Code    62  finsh_var.o(.text)
    finsh_sysvar_lookup                      0x0800bf31   Thumb Code    78  finsh_var.o(.text)
    finsh_vm_run                             0x0800bf91   Thumb Code    62  finsh_vm.o(.text)
    finsh_syscall_append                     0x0800bfcf   Thumb Code    54  finsh_vm.o(.text)
    finsh_syscall_lookup                     0x0800c005   Thumb Code    78  finsh_vm.o(.text)
    finsh_token_init                         0x0800c075   Thumb Code    20  finsh_token.o(.text)
    token_get_string                         0x0800c48d   Thumb Code   120  finsh_token.o(.text)
    finsh_token_token                        0x0800c6c5   Thumb Code    24  finsh_token.o(.text)
    finsh_token_get_token                    0x0800c6dd   Thumb Code    20  finsh_token.o(.text)
    rt_components_board_init                 0x0800c705   Thumb Code    20  components.o(.text)
    rt_components_init                       0x0800c719   Thumb Code    26  components.o(.text)
    rt_hw_led_init                           0x0800c755   Thumb Code    60  led.o(.text)
    rt_hw_led_on                             0x0800c791   Thumb Code    12  led.o(.text)
    rt_hw_led_off                            0x0800c79d   Thumb Code    12  led.o(.text)
    set_led                                  0x0800c7a9   Thumb Code    46  led.o(.text)
    delay_us                                 0x0800c7e5   Thumb Code    72  delay.o(.text)
    delay_ms                                 0x0800c82d   Thumb Code    18  delay.o(.text)
    rt_hw_us_delay                           0x0800c83f   Thumb Code    38  delay.o(.text)
    WFI_SET                                  0x0800c86d   Thumb Code     4  sys.o(.text)
    INTX_DISABLE                             0x0800c871   Thumb Code     4  sys.o(.text)
    INTX_ENABLE                              0x0800c875   Thumb Code     4  sys.o(.text)
    shift_in                                 0x0800c879   Thumb Code    90  sys.o(.text)
    shift_out                                0x0800c8d3   Thumb Code    94  sys.o(.text)
    exit_nvic_init                           0x0800c931   Thumb Code    38  mcu_exit.o(.text)
    exit_init                                0x0800c957   Thumb Code   604  mcu_exit.o(.text)
    EXTI0_IRQHandler                         0x0800cbb3   Thumb Code    24  mcu_exit.o(.text)
    EXTI1_IRQHandler                         0x0800cbcb   Thumb Code    24  mcu_exit.o(.text)
    EXTI2_IRQHandler                         0x0800cbe3   Thumb Code    24  mcu_exit.o(.text)
    EXTI3_IRQHandler                         0x0800cbfb   Thumb Code    24  mcu_exit.o(.text)
    EXTI4_IRQHandler                         0x0800cc13   Thumb Code    24  mcu_exit.o(.text)
    EXTI9_5_IRQHandler                       0x0800cc2b   Thumb Code   118  mcu_exit.o(.text)
    EXTI15_10_IRQHandler                     0x0800cca1   Thumb Code   236  mcu_exit.o(.text)
    pinMode                                  0x0800cd8d   Thumb Code   180  mcu_gpio.o(.text)
    pinSet                                   0x0800ce41   Thumb Code     8  mcu_gpio.o(.text)
    pinReset                                 0x0800ce49   Thumb Code     8  mcu_gpio.o(.text)
    pinWrite                                 0x0800ce51   Thumb Code    18  mcu_gpio.o(.text)
    pinRead                                  0x0800ce63   Thumb Code    20  mcu_gpio.o(.text)
    pinToggle                                0x0800ce77   Thumb Code    14  mcu_gpio.o(.text)
    led_show                                 0x0800ce8d   Thumb Code    40  finsh_display.o(.text)
    hc595_init                               0x0800cec1   Thumb Code    34  74hc595.o(.text)
    hc595_write                              0x0800cee3   Thumb Code    46  74hc595.o(.text)
    hc595_updata                             0x0800cf11   Thumb Code    26  74hc595.o(.text)
    __aeabi_memcpy                           0x0800d29d   Thumb Code    36  memcpya.o(.text)
    __aeabi_memcpy4                          0x0800d29d   Thumb Code     0  memcpya.o(.text)
    __aeabi_memcpy8                          0x0800d29d   Thumb Code     0  memcpya.o(.text)
    __aeabi_memset                           0x0800d2c1   Thumb Code    14  memseta.o(.text)
    __aeabi_memset4                          0x0800d2c1   Thumb Code     0  memseta.o(.text)
    __aeabi_memset8                          0x0800d2c1   Thumb Code     0  memseta.o(.text)
    __aeabi_memclr                           0x0800d2cf   Thumb Code     4  memseta.o(.text)
    __aeabi_memclr4                          0x0800d2cf   Thumb Code     0  memseta.o(.text)
    __aeabi_memclr8                          0x0800d2cf   Thumb Code     0  memseta.o(.text)
    _memset$wrapper                          0x0800d2d3   Thumb Code    18  memseta.o(.text)
    strncpy                                  0x0800d2e5   Thumb Code    24  strncpy.o(.text)
    strlen                                   0x0800d2fd   Thumb Code    14  strlen.o(.text)
    strcmp                                   0x0800d30b   Thumb Code    28  strcmp.o(.text)
    strncmp                                  0x0800d327   Thumb Code    30  strncmp.o(.text)
    atoi                                     0x0800d345   Thumb Code    26  atoi.o(.text)
    strtol                                   0x0800d35f   Thumb Code   112  strtol.o(.text)
    __scatterload                            0x0800d3d1   Thumb Code    28  init.o(.text)
    __scatterload_rt2                        0x0800d3d1   Thumb Code     0  init.o(.text)
    __rt_ctype_table                         0x0800d3f5   Thumb Code     4  ctype_o.o(.text)
    _strtoul                                 0x0800d3fd   Thumb Code   158  _strtoul.o(.text)
    _chval                                   0x0800d49b   Thumb Code    28  _chval.o(.text)
    __decompress                             0x0800d4b7   Thumb Code     0  __dczerorl2.o(.text)
    __decompress1                            0x0800d4b7   Thumb Code    86  __dczerorl2.o(.text)
    __aeabi_errno_addr                       0x0800d50d   Thumb Code     4  errno.o(i.__aeabi_errno_addr)
    __rt_errno_addr                          0x0800d50d   Thumb Code     0  errno.o(i.__aeabi_errno_addr)
    __scatterload_copy                       0x0800d515   Thumb Code    14  handlers.o(i.__scatterload_copy)
    __scatterload_null                       0x0800d523   Thumb Code     2  handlers.o(i.__scatterload_null)
    __scatterload_zeroinit                   0x0800d525   Thumb Code    14  handlers.o(i.__scatterload_zeroinit)
    __lowest_bit_bitmap                      0x0800d550   Data         256  kservice.o(.constdata)
    op_table                                 0x0800d6c4   Data         196  finsh_ops.o(.constdata)
    __ctype_table                            0x0800d7c8   Data         129  ctype_o.o(.constdata)
    __fsym_list_mem_name                     0x0800dcea   Data           9  mem.o(.rodata.name)
    __fsym_list_mem_desc                     0x0800dcf3   Data          30  mem.o(.rodata.name)
    __fsym_hello_name                        0x0800dd11   Data           6  cmd.o(.rodata.name)
    __fsym_hello_desc                        0x0800dd17   Data          16  cmd.o(.rodata.name)
    __fsym_version_name                      0x0800dd27   Data           8  cmd.o(.rodata.name)
    __fsym_version_desc                      0x0800dd2f   Data          35  cmd.o(.rodata.name)
    __fsym_list_thread_name                  0x0800dd52   Data          12  cmd.o(.rodata.name)
    __fsym_list_thread_desc                  0x0800dd5e   Data          12  cmd.o(.rodata.name)
    __fsym_list_sem_name                     0x0800dd6a   Data           9  cmd.o(.rodata.name)
    __fsym_list_sem_desc                     0x0800dd73   Data          25  cmd.o(.rodata.name)
    __fsym_list_event_name                   0x0800dd8c   Data          11  cmd.o(.rodata.name)
    __fsym_list_event_desc                   0x0800dd97   Data          21  cmd.o(.rodata.name)
    __fsym_list_mutex_name                   0x0800ddac   Data          11  cmd.o(.rodata.name)
    __fsym_list_mutex_desc                   0x0800ddb7   Data          21  cmd.o(.rodata.name)
    __fsym_list_mailbox_name                 0x0800ddcc   Data          13  cmd.o(.rodata.name)
    __fsym_list_mailbox_desc                 0x0800ddd9   Data          24  cmd.o(.rodata.name)
    __fsym_list_msgqueue_name                0x0800ddf1   Data          14  cmd.o(.rodata.name)
    __fsym_list_msgqueue_desc                0x0800ddff   Data          29  cmd.o(.rodata.name)
    __fsym_list_mempool_name                 0x0800de1c   Data          13  cmd.o(.rodata.name)
    __fsym_list_mempool_desc                 0x0800de29   Data          27  cmd.o(.rodata.name)
    __fsym_list_timer_name                   0x0800de44   Data          11  cmd.o(.rodata.name)
    __fsym_list_timer_desc                   0x0800de4f   Data          21  cmd.o(.rodata.name)
    __fsym_list_device_name                  0x0800de64   Data          12  cmd.o(.rodata.name)
    __fsym_list_device_desc                  0x0800de70   Data          22  cmd.o(.rodata.name)
    __fsym_list_name                         0x0800de86   Data           5  cmd.o(.rodata.name)
    __fsym_list_desc                         0x0800de8b   Data          26  cmd.o(.rodata.name)
    __vsym_dummy_name                        0x0800dea5   Data           6  cmd.o(.rodata.name)
    __vsym_dummy_desc                        0x0800deab   Data          25  cmd.o(.rodata.name)
    __fsym_set_led_name                      0x0800dec4   Data           8  led.o(.rodata.name)
    __fsym_set_led_desc                      0x0800decc   Data          25  led.o(.rodata.name)
    __fsym_led_show_name                     0x0800dee5   Data           9  finsh_display.o(.rodata.name)
    __fsym_led_show_desc                     0x0800deee   Data           2  finsh_display.o(.rodata.name)
    __rt_init_rti_start                      0x0800def0   Data           4  components.o(.rti_fn.0)
    __rt_init_rti_board_start                0x0800def4   Data           4  components.o(.rti_fn.0.end)
    __rt_init_rti_board_end                  0x0800def8   Data           4  components.o(.rti_fn.1.end)
    __rt_init_finsh_system_init              0x0800defc   Data           4  shell.o(.rti_fn.3)
    __rt_init_rti_end                        0x0800df00   Data           4  components.o(.rti_fn.6.end)
    FSymTab$$Base                            0x0800df04   Number         0  mem.o(FSymTab)
    __fsym_list_mem                          0x0800df04   Data          12  mem.o(FSymTab)
    __fsym_hello                             0x0800df10   Data          12  cmd.o(FSymTab)
    __fsym_version                           0x0800df1c   Data          12  cmd.o(FSymTab)
    __fsym_list_thread                       0x0800df28   Data          12  cmd.o(FSymTab)
    __fsym_list_sem                          0x0800df34   Data          12  cmd.o(FSymTab)
    __fsym_list_event                        0x0800df40   Data          12  cmd.o(FSymTab)
    __fsym_list_mutex                        0x0800df4c   Data          12  cmd.o(FSymTab)
    __fsym_list_mailbox                      0x0800df58   Data          12  cmd.o(FSymTab)
    __fsym_list_msgqueue                     0x0800df64   Data          12  cmd.o(FSymTab)
    __fsym_list_mempool                      0x0800df70   Data          12  cmd.o(FSymTab)
    __fsym_list_timer                        0x0800df7c   Data          12  cmd.o(FSymTab)
    __fsym_list_device                       0x0800df88   Data          12  cmd.o(FSymTab)
    __fsym_list                              0x0800df94   Data          12  cmd.o(FSymTab)
    __fsym_set_led                           0x0800dfa0   Data          12  led.o(FSymTab)
    __fsym_led_show                          0x0800dfac   Data          12  finsh_display.o(FSymTab)
    FSymTab$$Limit                           0x0800dfb8   Number         0  finsh_display.o(FSymTab)
    Region$$Table$$Base                      0x0800dfb8   Number         0  anon$$obj.o(Region$$Table)
    Region$$Table$$Limit                     0x0800dfd8   Number         0  anon$$obj.o(Region$$Table)
    VSymTab$$Base                            0x0800dfd8   Number         0  cmd.o(VSymTab)
    __vsym_dummy                             0x0800dfd8   Data          16  cmd.o(VSymTab)
    VSymTab$$Limit                           0x0800dfe8   Number         0  cmd.o(VSymTab)
    uart1                                    0x20000000   Data          24  usart.o(.data)
    SystemCoreClock                          0x20000018   Data           4  system_stm32f10x.o(.data)
    AHBPrescTable                            0x2000001c   Data          16  system_stm32f10x.o(.data)
    rt_interrupt_nest                        0x20000050   Data           1  irq.o(.data)
    rt_object_container                      0x2000007c   Data         144  object.o(.data)
    rt_object_trytake_hook                   0x20000114   Data           4  object.o(.data)
    rt_object_take_hook                      0x20000118   Data           4  object.o(.data)
    rt_object_put_hook                       0x2000011c   Data           4  object.o(.data)
    rt_current_thread                        0x20000124   Data           4  scheduler.o(.data)
    rt_current_priority                      0x20000128   Data           1  scheduler.o(.data)
    rt_thread_ready_priority_group           0x2000012c   Data           4  scheduler.o(.data)
    rt_thread_defunct                        0x20000130   Data           8  scheduler.o(.data)
    rt_interrupt_from_thread                 0x20000158   Data           4  cpuport.o(.data)
    rt_interrupt_to_thread                   0x2000015c   Data           4  cpuport.o(.data)
    rt_thread_switch_interrupt_flag          0x20000160   Data           4  cpuport.o(.data)
    shell                                    0x20000168   Data           4  shell.o(.data)
    _syscall_table_begin                     0x2000016c   Data           4  symbol.o(.data)
    _syscall_table_end                       0x20000170   Data           4  symbol.o(.data)
    _sysvar_table_begin                      0x20000174   Data           4  symbol.o(.data)
    _sysvar_table_end                        0x20000178   Data           4  symbol.o(.data)
    finsh_compile_sp                         0x20000180   Data           4  finsh_compiler.o(.data)
    finsh_compile_pc                         0x20000184   Data           4  finsh_compiler.o(.data)
    global_errno                             0x20000188   Data           1  finsh_error.o(.data)
    global_sysvar_list                       0x200001d0   Data           4  finsh_var.o(.data)
    finsh_sp                                 0x200001d4   Data           4  finsh_vm.o(.data)
    finsh_pc                                 0x200001d8   Data           4  finsh_vm.o(.data)
    global_syscall_list                      0x200001dc   Data           4  finsh_vm.o(.data)
    dev                                      0x200001f0   Data           4  mcu_exit.o(.data)
    exit0_handler                            0x200001f4   Data           4  mcu_exit.o(.data)
    exit1_handler                            0x200001f8   Data           4  mcu_exit.o(.data)
    exit2_handler                            0x200001fc   Data           4  mcu_exit.o(.data)
    exit3_handler                            0x20000200   Data           4  mcu_exit.o(.data)
    exit4_handler                            0x20000204   Data           4  mcu_exit.o(.data)
    exit5_handler                            0x20000208   Data           4  mcu_exit.o(.data)
    exit6_handler                            0x2000020c   Data           4  mcu_exit.o(.data)
    exit7_handler                            0x20000210   Data           4  mcu_exit.o(.data)
    exit8_handler                            0x20000214   Data           4  mcu_exit.o(.data)
    exit9_handler                            0x20000218   Data           4  mcu_exit.o(.data)
    exit10_handler                           0x2000021c   Data           4  mcu_exit.o(.data)
    exit11_handler                           0x20000220   Data           4  mcu_exit.o(.data)
    exit12_handler                           0x20000224   Data           4  mcu_exit.o(.data)
    exit13_handler                           0x20000228   Data           4  mcu_exit.o(.data)
    exit14_handler                           0x2000022c   Data           4  mcu_exit.o(.data)
    exit15_handler                           0x20000230   Data           4  mcu_exit.o(.data)
    PA0                                      0x20000234   Data           8  mcu_gpio.o(.data)
    PA1                                      0x2000023c   Data           8  mcu_gpio.o(.data)
    PA2                                      0x20000244   Data           8  mcu_gpio.o(.data)
    PA3                                      0x2000024c   Data           8  mcu_gpio.o(.data)
    PA4                                      0x20000254   Data           8  mcu_gpio.o(.data)
    PA5                                      0x2000025c   Data           8  mcu_gpio.o(.data)
    PA6                                      0x20000264   Data           8  mcu_gpio.o(.data)
    PA7                                      0x2000026c   Data           8  mcu_gpio.o(.data)
    PA8                                      0x20000274   Data           8  mcu_gpio.o(.data)
    PA9                                      0x2000027c   Data           8  mcu_gpio.o(.data)
    PA10                                     0x20000284   Data           8  mcu_gpio.o(.data)
    PA11                                     0x2000028c   Data           8  mcu_gpio.o(.data)
    PA12                                     0x20000294   Data           8  mcu_gpio.o(.data)
    PA13                                     0x2000029c   Data           8  mcu_gpio.o(.data)
    PA14                                     0x200002a4   Data           8  mcu_gpio.o(.data)
    PA15                                     0x200002ac   Data           8  mcu_gpio.o(.data)
    PB0                                      0x200002b4   Data           8  mcu_gpio.o(.data)
    PB1                                      0x200002bc   Data           8  mcu_gpio.o(.data)
    PB2                                      0x200002c4   Data           8  mcu_gpio.o(.data)
    PB3                                      0x200002cc   Data           8  mcu_gpio.o(.data)
    PB4                                      0x200002d4   Data           8  mcu_gpio.o(.data)
    PB5                                      0x200002dc   Data           8  mcu_gpio.o(.data)
    PB6                                      0x200002e4   Data           8  mcu_gpio.o(.data)
    PB7                                      0x200002ec   Data           8  mcu_gpio.o(.data)
    PB8                                      0x200002f4   Data           8  mcu_gpio.o(.data)
    PB9                                      0x200002fc   Data           8  mcu_gpio.o(.data)
    PB10                                     0x20000304   Data           8  mcu_gpio.o(.data)
    PB11                                     0x2000030c   Data           8  mcu_gpio.o(.data)
    PB12                                     0x20000314   Data           8  mcu_gpio.o(.data)
    PB13                                     0x2000031c   Data           8  mcu_gpio.o(.data)
    PB14                                     0x20000324   Data           8  mcu_gpio.o(.data)
    PB15                                     0x2000032c   Data           8  mcu_gpio.o(.data)
    PC0                                      0x20000334   Data           8  mcu_gpio.o(.data)
    PC1                                      0x2000033c   Data           8  mcu_gpio.o(.data)
    PC2                                      0x20000344   Data           8  mcu_gpio.o(.data)
    PC3                                      0x2000034c   Data           8  mcu_gpio.o(.data)
    PC4                                      0x20000354   Data           8  mcu_gpio.o(.data)
    PC5                                      0x2000035c   Data           8  mcu_gpio.o(.data)
    PC6                                      0x20000364   Data           8  mcu_gpio.o(.data)
    PC7                                      0x2000036c   Data           8  mcu_gpio.o(.data)
    PC8                                      0x20000374   Data           8  mcu_gpio.o(.data)
    PC9                                      0x2000037c   Data           8  mcu_gpio.o(.data)
    PC10                                     0x20000384   Data           8  mcu_gpio.o(.data)
    PC11                                     0x2000038c   Data           8  mcu_gpio.o(.data)
    PC12                                     0x20000394   Data           8  mcu_gpio.o(.data)
    PC13                                     0x2000039c   Data           8  mcu_gpio.o(.data)
    PC14                                     0x200003a4   Data           8  mcu_gpio.o(.data)
    PC15                                     0x200003ac   Data           8  mcu_gpio.o(.data)
    PD0                                      0x200003b4   Data           8  mcu_gpio.o(.data)
    PD1                                      0x200003bc   Data           8  mcu_gpio.o(.data)
    PD2                                      0x200003c4   Data           8  mcu_gpio.o(.data)
    PD3                                      0x200003cc   Data           8  mcu_gpio.o(.data)
    PD4                                      0x200003d4   Data           8  mcu_gpio.o(.data)
    PD5                                      0x200003dc   Data           8  mcu_gpio.o(.data)
    PD6                                      0x200003e4   Data           8  mcu_gpio.o(.data)
    PD7                                      0x200003ec   Data           8  mcu_gpio.o(.data)
    PD8                                      0x200003f4   Data           8  mcu_gpio.o(.data)
    PD9                                      0x200003fc   Data           8  mcu_gpio.o(.data)
    PD10                                     0x20000404   Data           8  mcu_gpio.o(.data)
    PD11                                     0x2000040c   Data           8  mcu_gpio.o(.data)
    PD12                                     0x20000414   Data           8  mcu_gpio.o(.data)
    PD13                                     0x2000041c   Data           8  mcu_gpio.o(.data)
    PD14                                     0x20000424   Data           8  mcu_gpio.o(.data)
    PD15                                     0x2000042c   Data           8  mcu_gpio.o(.data)
    PE0                                      0x20000434   Data           8  mcu_gpio.o(.data)
    PE1                                      0x2000043c   Data           8  mcu_gpio.o(.data)
    PE2                                      0x20000444   Data           8  mcu_gpio.o(.data)
    PE3                                      0x2000044c   Data           8  mcu_gpio.o(.data)
    PE4                                      0x20000454   Data           8  mcu_gpio.o(.data)
    PE5                                      0x2000045c   Data           8  mcu_gpio.o(.data)
    PE6                                      0x20000464   Data           8  mcu_gpio.o(.data)
    PE7                                      0x2000046c   Data           8  mcu_gpio.o(.data)
    PE8                                      0x20000474   Data           8  mcu_gpio.o(.data)
    PE9                                      0x2000047c   Data           8  mcu_gpio.o(.data)
    PE10                                     0x20000484   Data           8  mcu_gpio.o(.data)
    PE11                                     0x2000048c   Data           8  mcu_gpio.o(.data)
    PE12                                     0x20000494   Data           8  mcu_gpio.o(.data)
    PE13                                     0x2000049c   Data           8  mcu_gpio.o(.data)
    PE14                                     0x200004a4   Data           8  mcu_gpio.o(.data)
    PE15                                     0x200004ac   Data           8  mcu_gpio.o(.data)
    PF0                                      0x200004b4   Data           8  mcu_gpio.o(.data)
    PF1                                      0x200004bc   Data           8  mcu_gpio.o(.data)
    PF2                                      0x200004c4   Data           8  mcu_gpio.o(.data)
    PF3                                      0x200004cc   Data           8  mcu_gpio.o(.data)
    PF4                                      0x200004d4   Data           8  mcu_gpio.o(.data)
    PF5                                      0x200004dc   Data           8  mcu_gpio.o(.data)
    PF6                                      0x200004e4   Data           8  mcu_gpio.o(.data)
    PF7                                      0x200004ec   Data           8  mcu_gpio.o(.data)
    PF8                                      0x200004f4   Data           8  mcu_gpio.o(.data)
    PF9                                      0x200004fc   Data           8  mcu_gpio.o(.data)
    PF10                                     0x20000504   Data           8  mcu_gpio.o(.data)
    PF11                                     0x2000050c   Data           8  mcu_gpio.o(.data)
    PF12                                     0x20000514   Data           8  mcu_gpio.o(.data)
    PF13                                     0x2000051c   Data           8  mcu_gpio.o(.data)
    PF14                                     0x20000524   Data           8  mcu_gpio.o(.data)
    PF15                                     0x2000052c   Data           8  mcu_gpio.o(.data)
    PG0                                      0x20000534   Data           8  mcu_gpio.o(.data)
    PG1                                      0x2000053c   Data           8  mcu_gpio.o(.data)
    PG2                                      0x20000544   Data           8  mcu_gpio.o(.data)
    PG3                                      0x2000054c   Data           8  mcu_gpio.o(.data)
    PG4                                      0x20000554   Data           8  mcu_gpio.o(.data)
    PG5                                      0x2000055c   Data           8  mcu_gpio.o(.data)
    PG6                                      0x20000564   Data           8  mcu_gpio.o(.data)
    PG7                                      0x2000056c   Data           8  mcu_gpio.o(.data)
    PG8                                      0x20000574   Data           8  mcu_gpio.o(.data)
    PG9                                      0x2000057c   Data           8  mcu_gpio.o(.data)
    PG10                                     0x20000584   Data           8  mcu_gpio.o(.data)
    PG11                                     0x2000058c   Data           8  mcu_gpio.o(.data)
    PG12                                     0x20000594   Data           8  mcu_gpio.o(.data)
    PG13                                     0x2000059c   Data           8  mcu_gpio.o(.data)
    PG14                                     0x200005a4   Data           8  mcu_gpio.o(.data)
    PG15                                     0x200005ac   Data           8  mcu_gpio.o(.data)
    hc595                                    0x200005b8   Data          28  74hc595.o(.data)
    showNum                                  0x200005d4   Data          40  tm1638.o(.data)
    tm1638_8bit                              0x200005fc   Data          16  tm1638.o(.data)
    tm1638                                   0x2000060c   Data          12  tm1638.o(.data)
    serial1                                  0x2000089c   Data          84  usart.o(.bss)
    rt_thread_priority_table                 0x20000b10   Data         256  scheduler.o(.bss)
    finsh_heap                               0x20001490   Data         128  finsh_heap.o(.bss)
    global_node_table                        0x20001510   Data         320  finsh_node.o(.bss)
    global_variable                          0x20001650   Data         192  finsh_var.o(.bss)
    finsh_vm_stack                           0x20001710   Data         256  finsh_vm.o(.bss)
    text_segment                             0x20001810   Data         128  finsh_vm.o(.bss)
    Image$$RW_IRAM1$$ZI$$Limit               0x20001c90   Number         0  anon$$obj.o ABSOLUTE
    __initial_sp                             0x20001c90   Data           0  startup_stm32f10x_hd.o(STACK)



==============================================================================

Memory Map of the image

  Image Entry point : 0x08000131

  Load Region LR_IROM1 (Base: 0x08000000, Size: 0x0000e604, Max: 0x00080000, ABSOLUTE, COMPRESSED[0x0000e2dc])

    Execution Region ER_IROM1 (Base: 0x08000000, Size: 0x0000dfe8, Max: 0x00080000, ABSOLUTE)

    Base Addr    Size         Type   Attr      Idx    E Section Name        Object

    0x08000000   0x00000130   Data   RO          246    RESET               startup_stm32f10x_hd.o
    0x08000130   0x00000000   Code   RO         1825  * .ARM.Collect$$$$00000000  mc_w.l(entry.o)
    0x08000130   0x00000004   Code   RO         1915    .ARM.Collect$$$$00000001  mc_w.l(entry2.o)
    0x08000134   0x00000004   Code   RO         1918    .ARM.Collect$$$$00000004  mc_w.l(entry5.o)
    0x08000138   0x00000000   Code   RO         1920    .ARM.Collect$$$$00000008  mc_w.l(entry7b.o)
    0x08000138   0x00000000   Code   RO         1922    .ARM.Collect$$$$0000000A  mc_w.l(entry8b.o)
    0x08000138   0x00000008   Code   RO         1923    .ARM.Collect$$$$0000000B  mc_w.l(entry9a.o)
    0x08000140   0x00000000   Code   RO         1925    .ARM.Collect$$$$0000000D  mc_w.l(entry10a.o)
    0x08000140   0x00000000   Code   RO         1927    .ARM.Collect$$$$0000000F  mc_w.l(entry11a.o)
    0x08000140   0x00000004   Code   RO         1916    .ARM.Collect$$$$00002712  mc_w.l(entry2.o)
    0x08000144   0x00000094   Code   RO            1    .text               application.o
    0x080001d8   0x000000b0   Code   RO          149    .text               startup.o
    0x08000288   0x00000098   Code   RO          165    .text               board.o
    0x08000320   0x00000012   Code   RO          184    .text               stm32f10x_it.o
    0x08000332   0x00000002   PAD
    0x08000334   0x000003f8   Code   RO          199    .text               usart.o
    0x0800072c   0x000001e8   Code   RO          226    .text               system_stm32f10x.o
    0x08000914   0x00000024   Code   RO          247    .text               startup_stm32f10x_hd.o
    0x08000938   0x000001b8   Code   RO          252    .text               misc.o
    0x08000af0   0x000008f8   Code   RO          439    .text               stm32f10x_dma.o
    0x080013e8   0x000002ac   Code   RO          455    .text               stm32f10x_exti.o
    0x08001694   0x00000a28   Code   RO          503    .text               stm32f10x_gpio.o
    0x080020bc   0x000007f4   Code   RO          561    .text               stm32f10x_rcc.o
    0x080028b0   0x00000d34   Code   RO          640    .text               stm32f10x_usart.o
    0x080035e4   0x00000064   Code   RO          669    .text               clock.o
    0x08003648   0x00000250   Code   RO          683    .text               device.o
    0x08003898   0x000000e4   Code   RO          696    .text               idle.o
    0x0800397c   0x00000e52   Code   RO          715    .text               ipc.o
    0x080047ce   0x00000002   PAD
    0x080047d0   0x00000074   Code   RO          731    .text               irq.o
    0x08004844   0x00000a48   Code   RO          746    .text               kservice.o
    0x0800528c   0x00000514   Code   RO          763    .text               mem.o
    0x080057a0   0x000001cc   Code   RO          798    .text               object.o
    0x0800596c   0x00000288   Code   RO          816    .text               scheduler.o
    0x08005bf4   0x0000046c   Code   RO          836    .text               thread.o
    0x08006060   0x00000394   Code   RO          854    .text               timer.o
    0x080063f4   0x000005c0   Code   RO          872    .text               cpuport.o
    0x080069b4   0x000000ec   Code   RO          887    .text               context_rvds.o
    0x08006aa0   0x00000844   Code   RO          924    .text               serial.o
    0x080072e4   0x000000e4   Code   RO          936    .text               completion.o
    0x080073c8   0x00000314   Code   RO          951    .text               dataqueue.o
    0x080076dc   0x00000908   Code   RO         1035    .text               shell.o
    0x08007fe4   0x00000d8c   Code   RO         1066    .text               cmd.o
    0x08008d70   0x00001818   Code   RO         1090    .text               finsh_compiler.o
    0x0800a588   0x0000002c   Code   RO         1127    .text               finsh_error.o
    0x0800a5b4   0x00000210   Code   RO         1143    .text               finsh_heap.o
    0x0800a7c4   0x00000058   Code   RO         1159    .text               finsh_init.o
    0x0800a81c   0x00000184   Code   RO         1177    .text               finsh_node.o
    0x0800a9a0   0x00000ad8   Code   RO         1192    .text               finsh_ops.o
    0x0800b478   0x0000097c   Code   RO         1210    .text               finsh_parser.o
    0x0800bdf4   0x0000019c   Code   RO         1225    .text               finsh_var.o
    0x0800bf90   0x000000e4   Code   RO         1248    .text               finsh_vm.o
    0x0800c074   0x00000680   Code   RO         1275    .text               finsh_token.o
    0x0800c6f4   0x00000060   Code   RO         1290    .text               components.o
    0x0800c754   0x00000090   Code   RO         1308    .text               led.o
    0x0800c7e4   0x00000088   Code   RO         1336    .text               delay.o
    0x0800c86c   0x000000c4   Code   RO         1351    .text               sys.o
    0x0800c930   0x0000045c   Code   RO         1381    .text               mcu_exit.o
    0x0800cd8c   0x00000100   Code   RO         1399    .text               mcu_gpio.o
    0x0800ce8c   0x00000034   Code   RO         1572    .text               finsh_display.o
    0x0800cec0   0x00000070   Code   RO         1629    .text               74hc595.o
    0x0800cf30   0x0000036c   Code   RO         1753    .text               tm1638.o
    0x0800d29c   0x00000024   Code   RO         1828    .text               mc_w.l(memcpya.o)
    0x0800d2c0   0x00000024   Code   RO         1830    .text               mc_w.l(memseta.o)
    0x0800d2e4   0x00000018   Code   RO         1832    .text               mc_w.l(strncpy.o)
    0x0800d2fc   0x0000000e   Code   RO         1834    .text               mc_w.l(strlen.o)
    0x0800d30a   0x0000001c   Code   RO         1836    .text               mc_w.l(strcmp.o)
    0x0800d326   0x0000001e   Code   RO         1838    .text               mc_w.l(strncmp.o)
    0x0800d344   0x0000001a   Code   RO         1870    .text               mc_w.l(atoi.o)
    0x0800d35e   0x00000070   Code   RO         1945    .text               mc_w.l(strtol.o)
    0x0800d3ce   0x00000002   PAD
    0x0800d3d0   0x00000024   Code   RO         1960    .text               mc_w.l(init.o)
    0x0800d3f4   0x00000008   Code   RO         1967    .text               mc_w.l(ctype_o.o)
    0x0800d3fc   0x0000009e   Code   RO         1995    .text               mc_w.l(_strtoul.o)
    0x0800d49a   0x0000001c   Code   RO         2002    .text               mc_w.l(_chval.o)
    0x0800d4b6   0x00000056   Code   RO         2012    .text               mc_w.l(__dczerorl2.o)
    0x0800d50c   0x00000008   Code   RO         1938    i.__aeabi_errno_addr  mc_w.l(errno.o)
    0x0800d514   0x0000000e   Code   RO         2006    i.__scatterload_copy  mc_w.l(handlers.o)
    0x0800d522   0x00000002   Code   RO         2007    i.__scatterload_null  mc_w.l(handlers.o)
    0x0800d524   0x0000000e   Code   RO         2008    i.__scatterload_zeroinit  mc_w.l(handlers.o)
    0x0800d532   0x00000002   PAD
    0x0800d534   0x0000001c   Data   RO          201    .constdata          usart.o
    0x0800d550   0x00000122   Data   RO          748    .constdata          kservice.o
    0x0800d672   0x00000002   PAD
    0x0800d674   0x00000050   Data   RO         1067    .constdata          cmd.o
    0x0800d6c4   0x000000c4   Data   RO         1193    .constdata          finsh_ops.o
    0x0800d788   0x00000040   Data   RO         1276    .constdata          finsh_token.o
    0x0800d7c8   0x00000081   Data   RO         1968    .constdata          mc_w.l(ctype_o.o)
    0x0800d849   0x00000003   PAD
    0x0800d84c   0x00000004   Data   RO         1969    .constdata          mc_w.l(ctype_o.o)
    0x0800d850   0x0000004d   Data   RO          253    .conststring        misc.o
    0x0800d89d   0x00000003   PAD
    0x0800d8a0   0x00000056   Data   RO          440    .conststring        stm32f10x_dma.o
    0x0800d8f6   0x00000002   PAD
    0x0800d8f8   0x00000057   Data   RO          456    .conststring        stm32f10x_exti.o
    0x0800d94f   0x00000001   PAD
    0x0800d950   0x00000057   Data   RO          504    .conststring        stm32f10x_gpio.o
    0x0800d9a7   0x00000001   PAD
    0x0800d9a8   0x00000056   Data   RO          562    .conststring        stm32f10x_rcc.o
    0x0800d9fe   0x00000002   PAD
    0x0800da00   0x00000058   Data   RO          641    .conststring        stm32f10x_usart.o
    0x0800da58   0x0000015d   Data   RO         1068    .conststring        cmd.o
    0x0800dbb5   0x00000003   PAD
    0x0800dbb8   0x000000f3   Data   RO         1128    .conststring        finsh_error.o
    0x0800dcab   0x00000001   PAD
    0x0800dcac   0x0000003e   Data   RO         1277    .conststring        finsh_token.o
    0x0800dcea   0x00000027   Data   RO          766    .rodata.name        mem.o
    0x0800dd11   0x000001b3   Data   RO         1070    .rodata.name        cmd.o
    0x0800dec4   0x00000021   Data   RO         1310    .rodata.name        led.o
    0x0800dee5   0x0000000b   Data   RO         1574    .rodata.name        finsh_display.o
    0x0800def0   0x00000004   Data   RO         1291    .rti_fn.0           components.o
    0x0800def4   0x00000004   Data   RO         1292    .rti_fn.0.end       components.o
    0x0800def8   0x00000004   Data   RO         1293    .rti_fn.1.end       components.o
    0x0800defc   0x00000004   Data   RO         1038    .rti_fn.3           shell.o
    0x0800df00   0x00000004   Data   RO         1294    .rti_fn.6.end       components.o
    0x0800df04   0x0000000c   Data   RO          767    FSymTab             mem.o
    0x0800df10   0x00000090   Data   RO         1071    FSymTab             cmd.o
    0x0800dfa0   0x0000000c   Data   RO         1311    FSymTab             led.o
    0x0800dfac   0x0000000c   Data   RO         1575    FSymTab             finsh_display.o
    0x0800dfb8   0x00000020   Data   RO         2004    Region$$Table       anon$$obj.o
    0x0800dfd8   0x00000010   Data   RO         1072    VSymTab             cmd.o


    Execution Region RW_IRAM1 (Base: 0x20000000, Size: 0x00001c90, Max: 0x00010000, ABSOLUTE, COMPRESSED[0x000002f4])

    Base Addr    Size         Type   Attr      Idx    E Section Name        Object

    0x20000000   0x00000018   Data   RW          202    .data               usart.o
    0x20000018   0x00000014   Data   RW          227    .data               system_stm32f10x.o
    0x2000002c   0x00000014   Data   RW          563    .data               stm32f10x_rcc.o
    0x20000040   0x00000004   Data   RW          670    .data               clock.o
    0x20000044   0x00000004   Data   RW          698    .data               idle.o
    0x20000048   0x00000009   Data   RW          732    .data               irq.o
    0x20000051   0x00000003   PAD
    0x20000054   0x00000008   Data   RW          749    .data               kservice.o
    0x2000005c   0x00000020   Data   RW          765    .data               mem.o
    0x2000007c   0x000000a4   Data   RW          799    .data               object.o
    0x20000120   0x0000001c   Data   RW          818    .data               scheduler.o
    0x2000013c   0x0000000c   Data   RW          837    .data               thread.o
    0x20000148   0x00000010   Data   RW          855    .data               timer.o
    0x20000158   0x00000010   Data   RW          873    .data               cpuport.o
    0x20000168   0x00000004   Data   RW         1037    .data               shell.o
    0x2000016c   0x00000010   Data   RW         1053    .data               symbol.o
    0x2000017c   0x00000004   Data   RW         1069    .data               cmd.o
    0x20000180   0x00000008   Data   RW         1091    .data               finsh_compiler.o
    0x20000188   0x00000040   Data   RW         1129    .data               finsh_error.o
    0x200001c8   0x00000008   Data   RW         1145    .data               finsh_heap.o
    0x200001d0   0x00000004   Data   RW         1227    .data               finsh_var.o
    0x200001d4   0x0000000c   Data   RW         1250    .data               finsh_vm.o
    0x200001e0   0x00000001   Data   RW         1309    .data               led.o
    0x200001e1   0x00000003   PAD
    0x200001e4   0x00000050   Data   RW         1382    .data               mcu_exit.o
    0x20000234   0x00000380   Data   RW         1400    .data               mcu_gpio.o
    0x200005b4   0x00000001   Data   RW         1573    .data               finsh_display.o
    0x200005b5   0x00000003   PAD
    0x200005b8   0x0000001c   Data   RW         1630    .data               74hc595.o
    0x200005d4   0x00000044   Data   RW         1754    .data               tm1638.o
    0x20000618   0x00000004   Data   RW         1941    .data               mc_w.l(errno.o)
    0x2000061c   0x00000280   Zero   RW            2    .bss                application.o
    0x2000089c   0x00000054   Zero   RW          200    .bss                usart.o
    0x200008f0   0x00000180   Zero   RW          697    .bss                idle.o
    0x20000a70   0x00000080   Zero   RW          747    .bss                kservice.o
    0x20000af0   0x00000020   Zero   RW          764    .bss                mem.o
    0x20000b10   0x00000100   Zero   RW          817    .bss                scheduler.o
    0x20000c10   0x00000880   Zero   RW         1036    .bss                shell.o
    0x20001490   0x00000080   Zero   RW         1144    .bss                finsh_heap.o
    0x20001510   0x00000140   Zero   RW         1178    .bss                finsh_node.o
    0x20001650   0x000000c0   Zero   RW         1226    .bss                finsh_var.o
    0x20001710   0x00000180   Zero   RW         1249    .bss                finsh_vm.o
    0x20001890   0x00000400   Zero   RW          244    STACK               startup_stm32f10x_hd.o


==============================================================================

Image component sizes


      Code (inc. data)   RO Data    RW Data    ZI Data      Debug   Object Name

       112          6          0         28          0       2050   74hc595.o
       148         26          0          0        640     253490   application.o
       152         22          0          0          0      16081   board.o
       100          6          0          4          0       1420   clock.o
      3468       1302       1024          4          0      11747   cmd.o
       228          0          0          0          0       2831   completion.o
        96         34         16          0          0       1788   components.o
       236         24          0          0          0        756   context_rvds.o
      1472        710          0         16          0       3799   cpuport.o
       788          0          0          0          0       5789   dataqueue.o
       136          8          0          0          0        971   delay.o
       592         62          0          0          0       4497   device.o
      6168        154          0          8          0      10910   finsh_compiler.o
        52         12         23          1          0       1239   finsh_display.o
        44         10        243         64          0       1629   finsh_error.o
       528         18          0          8        128       3407   finsh_heap.o
        88          6          0          0          0       1584   finsh_init.o
       388          4          0          0        320       3328   finsh_node.o
      2776         36        196          0          0       8692   finsh_ops.o
      2428         32          0          0          0       9749   finsh_parser.o
      1664         16        126          0          0       6228   finsh_token.o
       412         18          0          4        192       7409   finsh_var.o
       228         34          0         12        384       7026   finsh_vm.o
       228         30          0          4        384       3209   idle.o
      3666         36          0          0          0      17359   ipc.o
       116         14          0          9          0       1804   irq.o
      2632        180        290          8        128      11584   kservice.o
       144         14         45          1          0       4341   led.o
      1116        106          0         80          0       4348   mcu_exit.o
       256          8          0        896          0       5317   mcu_gpio.o
      1300        188         51         32         32       4695   mem.o
       440         28         77          0          0      12937   misc.o
       460         24          0        164          0       5576   object.o
       648        116          0         28        256       4765   scheduler.o
      2116         24          0          0          0       8309   serial.o
      2312        188          4          4       2176       4907   shell.o
       176         88          0          0          0       1231   startup.o
        36          8        304          0       1024        880   startup_stm32f10x_hd.o
      2296        118         86          0          0      15826   stm32f10x_dma.o
       684         14         87          0          0       5223   stm32f10x_exti.o
      2600        162         87          0          0      16085   stm32f10x_gpio.o
        18          0          0          0          0        905   stm32f10x_it.o
      2036         68         86         20          0      19488   stm32f10x_rcc.o
      3380        102         88          0          0      17120   stm32f10x_usart.o
         0          0          0         16          0       4325   symbol.o
       196          0          0          0          0       1742   sys.o
       488         46          0         20          0       1951   system_stm32f10x.o
      1132         28          0         12          0       8305   thread.o
       916         20          0         16          0       6751   timer.o
       876          6          0         68          0       5069   tm1638.o
      1016         34         28         24         84      24397   usart.o

    ----------------------------------------------------------------------
     53592       4190       2908       1560       5748     584869   Object Totals
         0          0         32          0          0          0   (incl. Generated)
         4          0         15          9          0          0   (incl. Padding)

    ----------------------------------------------------------------------

      Code (inc. data)   RO Data    RW Data    ZI Data      Debug   Library Member Name

        86          0          0          0          0          0   __dczerorl2.o
        28          0          0          0          0         68   _chval.o
       158          0          0          0          0         92   _strtoul.o
        26          0          0          0          0         80   atoi.o
         8          4        133          0          0         68   ctype_o.o
         0          0          0          0          0          0   entry.o
         0          0          0          0          0          0   entry10a.o
         0          0          0          0          0          0   entry11a.o
         8          4          0          0          0          0   entry2.o
         4          0          0          0          0          0   entry5.o
         0          0          0          0          0          0   entry7b.o
         0          0          0          0          0          0   entry8b.o
         8          4          0          0          0          0   entry9a.o
         8          4          0          4          0         68   errno.o
        30          0          0          0          0          0   handlers.o
        36          8          0          0          0         68   init.o
        36          0          0          0          0         68   memcpya.o
        36          0          0          0          0        108   memseta.o
        28          0          0          0          0         76   strcmp.o
        14          0          0          0          0         68   strlen.o
        30          0          0          0          0         80   strncmp.o
        24          0          0          0          0         76   strncpy.o
       112          0          0          0          0         88   strtol.o

    ----------------------------------------------------------------------
       684         24        136          4          0       1008   Library Totals
         4          0          3          0          0          0   (incl. Padding)

    ----------------------------------------------------------------------

      Code (inc. data)   RO Data    RW Data    ZI Data      Debug   Library Name

       680         24        133          4          0       1008   mc_w.l

    ----------------------------------------------------------------------
       684         24        136          4          0       1008   Library Totals

    ----------------------------------------------------------------------

==============================================================================


      Code (inc. data)   RO Data    RW Data    ZI Data      Debug   

     54276       4214       3044       1564       5748     581481   Grand Totals
     54276       4214       3044        756       5748     581481   ELF Image Totals (compressed)
     54276       4214       3044        756          0          0   ROM Totals

==============================================================================

    Total RO  Size (Code + RO Data)                57320 (  55.98kB)
    Total RW  Size (RW Data + ZI Data)              7312 (   7.14kB)
    Total ROM Size (Code + RO Data + RW Data)      58076 (  56.71kB)

==============================================================================

