Component: ARM Compiler 5.06 update 4 (build 422) Tool: armlink [4d35d2]

==============================================================================

Section Cross References

    application.o(.text) refers to led.o(.text) for rt_hw_led_init
    application.o(.text) refers to thread.o(.text) for rt_thread_delay
    application.o(.text) refers to components.o(.text) for rt_components_init
    application.o(.text) refers to application.o(.bss) for led_stack
    startup.o(.text) refers to kservice.o(.text) for rt_kprintf
    startup.o(.text) refers to board.o(.text) for rt_hw_board_init
    startup.o(.text) refers to mem.o(.text) for rt_system_heap_init
    startup.o(.text) refers to scheduler.o(.text) for rt_system_scheduler_init
    startup.o(.text) refers to timer.o(.text) for rt_system_timer_init
    startup.o(.text) refers to application.o(.text) for rt_application_init
    startup.o(.text) refers to idle.o(.text) for rt_thread_idle_init
    startup.o(.text) refers to context_rvds.o(.text) for rt_hw_interrupt_disable
    board.o(.text) refers to misc.o(.text) for NVIC_SetVectorTable
    board.o(.text) refers to irq.o(.text) for rt_interrupt_enter
    board.o(.text) refers to clock.o(.text) for rt_tick_increase
    board.o(.text) refers to usart.o(.text) for rt_hw_usart_init
    board.o(.text) refers to kservice.o(.text) for rt_console_set_device
    board.o(.text) refers to components.o(.text) for rt_components_board_init
    board.o(.text) refers to system_stm32f10x.o(.data) for SystemCoreClock
    usart.o(.text) refers to kservice.o(.text) for rt_assert_handler
    usart.o(.text) refers to stm32f10x_usart.o(.text) for USART_Init
    usart.o(.text) refers to stm32f10x_rcc.o(.text) for RCC_AHBPeriphClockCmd
    usart.o(.text) refers to stm32f10x_dma.o(.text) for DMA_DeInit
    usart.o(.text) refers to misc.o(.text) for NVIC_Init
    usart.o(.text) refers to serial.o(.text) for rt_hw_serial_isr
    usart.o(.text) refers to irq.o(.text) for rt_interrupt_enter
    usart.o(.text) refers to stm32f10x_gpio.o(.text) for GPIO_Init
    usart.o(.text) refers to usart.o(.constdata) for __FUNCTION__
    usart.o(.text) refers to usart.o(.bss) for serial1
    usart.o(.text) refers to usart.o(.data) for uart1
    usart.o(.constdata) refers to usart.o(.text) for stm32_configure
    system_stm32f10x.o(.text) refers to system_stm32f10x.o(.data) for SystemCoreClock
    startup_stm32f10x_hd.o(RESET) refers to startup_stm32f10x_hd.o(STACK) for __initial_sp
    startup_stm32f10x_hd.o(RESET) refers to startup_stm32f10x_hd.o(.text) for Reset_Handler
    startup_stm32f10x_hd.o(RESET) refers to stm32f10x_it.o(.text) for NMI_Handler
    startup_stm32f10x_hd.o(RESET) refers to context_rvds.o(.text) for HardFault_Handler
    startup_stm32f10x_hd.o(RESET) refers to board.o(.text) for SysTick_Handler
    startup_stm32f10x_hd.o(RESET) refers to mcu_rtc.o(.text) for RTC_IRQHandler
    startup_stm32f10x_hd.o(RESET) refers to mcu_exit.o(.text) for EXTI0_IRQHandler
    startup_stm32f10x_hd.o(RESET) refers to usart.o(.text) for DMA1_Channel5_IRQHandler
    startup_stm32f10x_hd.o(.text) refers to system_stm32f10x.o(.text) for SystemInit
    startup_stm32f10x_hd.o(.text) refers to entry.o(.ARM.Collect$$$$00000000) for __main
    misc.o(.text) refers to startup.o(.text) for assert_failed
    misc.o(.text) refers to misc.o(.conststring) for .conststring
    stm32f10x_adc.o(.text) refers to startup.o(.text) for assert_failed
    stm32f10x_adc.o(.text) refers to stm32f10x_rcc.o(.text) for RCC_APB2PeriphResetCmd
    stm32f10x_adc.o(.text) refers to stm32f10x_adc.o(.conststring) for .conststring
    stm32f10x_bkp.o(.text) refers to stm32f10x_rcc.o(.text) for RCC_BackupResetCmd
    stm32f10x_bkp.o(.text) refers to startup.o(.text) for assert_failed
    stm32f10x_bkp.o(.text) refers to stm32f10x_bkp.o(.conststring) for .conststring
    stm32f10x_can.o(.text) refers to startup.o(.text) for assert_failed
    stm32f10x_can.o(.text) refers to stm32f10x_rcc.o(.text) for RCC_APB1PeriphResetCmd
    stm32f10x_can.o(.text) refers to stm32f10x_can.o(.conststring) for .conststring
    stm32f10x_cec.o(.text) refers to stm32f10x_rcc.o(.text) for RCC_APB1PeriphResetCmd
    stm32f10x_cec.o(.text) refers to startup.o(.text) for assert_failed
    stm32f10x_cec.o(.text) refers to stm32f10x_cec.o(.conststring) for .conststring
    stm32f10x_dac.o(.text) refers to stm32f10x_rcc.o(.text) for RCC_APB1PeriphResetCmd
    stm32f10x_dac.o(.text) refers to startup.o(.text) for assert_failed
    stm32f10x_dac.o(.text) refers to stm32f10x_dac.o(.conststring) for .conststring
    stm32f10x_dbgmcu.o(.text) refers to startup.o(.text) for assert_failed
    stm32f10x_dbgmcu.o(.text) refers to stm32f10x_dbgmcu.o(.conststring) for .conststring
    stm32f10x_dma.o(.text) refers to startup.o(.text) for assert_failed
    stm32f10x_dma.o(.text) refers to stm32f10x_dma.o(.conststring) for .conststring
    stm32f10x_exti.o(.text) refers to startup.o(.text) for assert_failed
[...]
    OP_shl_dword                             0x0800e641   Thumb Code    42  finsh_ops.o(.text)
    OP_shr_byte                              0x0800e66b   Thumb Code    42  finsh_ops.o(.text)
    OP_shr_word                              0x0800e695   Thumb Code    42  finsh_ops.o(.text)
    OP_shr_dword                             0x0800e6bf   Thumb Code    42  finsh_ops.o(.text)
    OP_ld_byte                               0x0800e6e9   Thumb Code    34  finsh_ops.o(.text)
    OP_ld_word                               0x0800e70b   Thumb Code    46  finsh_ops.o(.text)
    OP_ld_dword                              0x0800e739   Thumb Code    64  finsh_ops.o(.text)
    OP_ld_value_byte                         0x0800e779   Thumb Code    66  finsh_ops.o(.text)
    OP_ld_value_byte_stack                   0x0800e7bb   Thumb Code    20  finsh_ops.o(.text)
    OP_ld_value_word                         0x0800e7cf   Thumb Code    66  finsh_ops.o(.text)
    OP_ld_value_word_stack                   0x0800e811   Thumb Code    20  finsh_ops.o(.text)
    OP_ld_value_dword                        0x0800e825   Thumb Code    66  finsh_ops.o(.text)
    OP_ld_value_dword_stack                  0x0800e867   Thumb Code    20  finsh_ops.o(.text)
    OP_st_byte                               0x0800e87b   Thumb Code    30  finsh_ops.o(.text)
    OP_st_word                               0x0800e899   Thumb Code    30  finsh_ops.o(.text)
    OP_st_dword                              0x0800e8b7   Thumb Code    30  finsh_ops.o(.text)
    OP_pop                                   0x0800e8d5   Thumb Code    12  finsh_ops.o(.text)
    OP_call                                  0x0800e8e1   Thumb Code   906  finsh_ops.o(.text)
    finsh_parser_run                         0x0800f501   Thumb Code   220  finsh_parser.o(.text)
    finsh_parser_init                        0x0800f5dd   Thumb Code    16  finsh_parser.o(.text)
    finsh_var_init                           0x0800f5ed   Thumb Code    14  finsh_var.o(.text)
    finsh_var_insert                         0x0800f5fb   Thumb Code   114  finsh_var.o(.text)
    finsh_var_delete                         0x0800f66d   Thumb Code    68  finsh_var.o(.text)
    finsh_var_lookup                         0x0800f6b1   Thumb Code    58  finsh_var.o(.text)
    finsh_sysvar_append                      0x0800f6eb   Thumb Code    62  finsh_var.o(.text)
    finsh_sysvar_lookup                      0x0800f729   Thumb Code    78  finsh_var.o(.text)
    finsh_vm_run                             0x0800f789   Thumb Code    62  finsh_vm.o(.text)
    finsh_syscall_append                     0x0800f7c7   Thumb Code    54  finsh_vm.o(.text)
    finsh_syscall_lookup                     0x0800f7fd   Thumb Code    78  finsh_vm.o(.text)
    finsh_token_init                         0x0800f86d   Thumb Code    20  finsh_token.o(.text)
    token_get_string                         0x0800fc85   Thumb Code   120  finsh_token.o(.text)
    finsh_token_token                        0x0800febd   Thumb Code    24  finsh_token.o(.text)
    finsh_token_get_token                    0x0800fed5   Thumb Code    20  finsh_token.o(.text)
    rt_components_board_init                 0x0800fefd   Thumb Code    20  components.o(.text)
    rt_components_init                       0x0800ff11   Thumb Code    26  components.o(.text)
    rt_hw_led_init                           0x0800ff4d   Thumb Code    60  led.o(.text)
    rt_hw_led_on                             0x0800ff89   Thumb Code    12  led.o(.text)
    rt_hw_led_off                            0x0800ff95   Thumb Code    12  led.o(.text)
    set_led                                  0x0800ffa1   Thumb Code    46  led.o(.text)
    delay_us                                 0x0800ffdd   Thumb Code    72  delay.o(.text)
    delay_ms                                 0x08010025   Thumb Code    18  delay.o(.text)
    rt_hw_us_delay                           0x08010037   Thumb Code    38  delay.o(.text)
    WFI_SET                                  0x08010065   Thumb Code     4  sys.o(.text)
    INTX_DISABLE                             0x08010069   Thumb Code     4  sys.o(.text)
    INTX_ENABLE                              0x0801006d   Thumb Code     4  sys.o(.text)
    shift_in                                 0x08010071   Thumb Code    90  sys.o(.text)
    shift_out                                0x080100cb   Thumb Code    94  sys.o(.text)
    crc16                                    0x08010129   Thumb Code    48  crc.o(.text)
    crc8                                     0x08010159   Thumb Code    30  crc.o(.text)
    exit_nvic_init                           0x08010185   Thumb Code    38  mcu_exit.o(.text)
    exit_init                                0x080101ab   Thumb Code   604  mcu_exit.o(.text)
    EXTI0_IRQHandler                         0x08010407   Thumb Code    24  mcu_exit.o(.text)
    EXTI1_IRQHandler                         0x0801041f   Thumb Code    24  mcu_exit.o(.text)
    EXTI2_IRQHandler                         0x08010437   Thumb Code    24  mcu_exit.o(.text)
    EXTI3_IRQHandler                         0x0801044f   Thumb Code    24  mcu_exit.o(.text)
    EXTI4_IRQHandler                         0x08010467   Thumb Code    24  mcu_exit.o(.text)
    EXTI9_5_IRQHandler                       0x0801047f   Thumb Code   118  mcu_exit.o(.text)
    EXTI15_10_IRQHandler                     0x080104f5   Thumb Code   236  mcu_exit.o(.text)
    pinMode                                  0x080105e1   Thumb Code   180  mcu_gpio.o(.text)
    pinSet                                   0x08010695   Thumb Code     8  mcu_gpio.o(.text)
    pinReset                                 0x0801069d   Thumb Code     8  mcu_gpio.o(.text)
    pinWrite                                 0x080106a5   Thumb Code    18  mcu_gpio.o(.text)
    pinRead                                  0x080106b7   Thumb Code    20  mcu_gpio.o(.text)
    pinToggle                                0x080106cb   Thumb Code    14  mcu_gpio.o(.text)
    sec_event                                0x080106e1   Thumb Code    90  mcu_rtc.o(.text)
    set_clock                                0x0801073b   Thumb Code    24  mcu_rtc.o(.text)
    Rtc_get_counter                          0x08010753   Thumb Code     8  mcu_rtc.o(.text)
    Rtc_init                                 0x08010841   Thumb Code   126  mcu_rtc.o(.text)
    Rtc_set_counter                          0x080108bf   Thumb Code    20  mcu_rtc.o(.text)
    Rtc_set_alarm                            0x080108d3   Thumb Code    20  mcu_rtc.o(.text)
    Rtc_sec_interrupt                        0x080108e7   Thumb Code    44  mcu_rtc.o(.text)
    Rtc_alarm_interrupt                      0x08010913   Thumb Code    44  mcu_rtc.o(.text)
    Rtc_overflow_interrupt                   0x0801093f   Thumb Code    44  mcu_rtc.o(.text)
    Rtc_interrupt_en                         0x0801096b   Thumb Code    48  mcu_rtc.o(.text)
    RTC_IRQHandler                           0x0801099b   Thumb Code    64  mcu_rtc.o(.text)
    SoftI2c_Init                             0x080109f9   Thumb Code    20  mcu_softi2c.o(.text)
    SoftI2c_start                            0x08010a0d   Thumb Code    48  mcu_softi2c.o(.text)
    SoftI2c_stop                             0x08010a3d   Thumb Code    48  mcu_softi2c.o(.text)
    SoftI2c_wait_ack                         0x08010a6d   Thumb Code    78  mcu_softi2c.o(.text)
    SoftI2c_send_ack                         0x08010abb   Thumb Code    54  mcu_softi2c.o(.text)
    SoftI2c_send_no_ack                      0x08010af1   Thumb Code    54  mcu_softi2c.o(.text)
    SoftI2c_send_byte                        0x08010b27   Thumb Code    80  mcu_softi2c.o(.text)
    SoftI2c_read_byte                        0x08010b77   Thumb Code    92  mcu_softi2c.o(.text)
    SoftI2c_writes                           0x08010bd3   Thumb Code   368  mcu_softi2c.o(.text)
    SoftI2c_reads                            0x08010d43   Thumb Code   404  mcu_softi2c.o(.text)
    SPI_init                                 0x08010ed9   Thumb Code   292  mcu_spi.o(.text)
    Spi_writeByte                            0x08010ffd   Thumb Code    44  mcu_spi.o(.text)
    Spi_writeBytes                           0x08011029   Thumb Code    60  mcu_spi.o(.text)
    Spi_readByte                             0x08011065   Thumb Code    44  mcu_spi.o(.text)
    Spi_readBytes                            0x08011091   Thumb Code    58  mcu_spi.o(.text)
    ReadWriteSPI                             0x080110cb   Thumb Code   102  mcu_spi.o(.text)
    MCP3421StartConvertion                   0x08011179   Thumb Code    38  mcp3421.o(.text)
    MCP3421SetConvertionModeContinuous       0x0801119f   Thumb Code    20  mcp3421.o(.text)
    MCP3421SetConvertionModeOneShot          0x080111b3   Thumb Code    16  mcp3421.o(.text)
    MCP3421SetConvertionRate                 0x080111c3   Thumb Code   108  mcp3421.o(.text)
    MCP3421SetPGAGain                        0x0801122f   Thumb Code   108  mcp3421.o(.text)
    MCP3421GetValue                          0x0801129b   Thumb Code    58  mcp3421.o(.text)
    hc165_init                               0x080112f1   Thumb Code    76  74hc165.o(.text)
    hc165_read                               0x0801133d   Thumb Code    70  74hc165.o(.text)
    hc595_init                               0x08011389   Thumb Code    34  74hc595.o(.text)
    hc595_write                              0x080113ab   Thumb Code    46  74hc595.o(.text)
    hc595_updata                             0x080113d9   Thumb Code    26  74hc595.o(.text)
    w25qxx_init                              0x08011451   Thumb Code    24  w25qxx.o(.text)
    w25qxx_read                              0x080114c1   Thumb Code   110  w25qxx.o(.text)
    w25qxx_fast_read                         0x0801152f   Thumb Code   122  w25qxx.o(.text)
    w25qxx_waitBusy                          0x080115a9   Thumb Code    22  w25qxx.o(.text)
    w25qxx_write_page                        0x080115bf   Thumb Code   120  w25qxx.o(.text)
    w25qxx_write_no_check                    0x08011637   Thumb Code    74  w25qxx.o(.text)
    w25qxx_erase_sector                      0x08011681   Thumb Code    82  w25qxx.o(.text)
    w25qxx_write                             0x080116d3   Thumb Code   188  w25qxx.o(.text)
    w25qxx_erase_chip                        0x0801178f   Thumb Code    34  w25qxx.o(.text)
    w25qxx_powerDown                         0x080117b1   Thumb Code    24  w25qxx.o(.text)
    w25qxx_wakeUP                            0x080117c9   Thumb Code    36  w25qxx.o(.text)
    isl29125_init                            0x080117ed   Thumb Code   158  isl29125.o(.text)
    isl29125_init_int                        0x0801188b   Thumb Code   268  isl29125.o(.text)
    isl29125_read_rgb_lux                    0x08011997   Thumb Code   182  isl29125.o(.text)
    isl29125_read_rgb_color                  0x08011a4d   Thumb Code   100  isl29125.o(.text)
    isl29125_set_mode                        0x08011ab1   Thumb Code    74  isl29125.o(.text)
    isl29125_read_irq_status                 0x08011afb   Thumb Code    42  isl29125.o(.text)
    Ds18b20_reset                            0x08011b39   Thumb Code   110  ds18b20.o(.text)
    Ds18b20_write                            0x08011ba7   Thumb Code    80  ds18b20.o(.text)
    Ds18b20_read                             0x08011bf7   Thumb Code    78  ds18b20.o(.text)
    Ds18b20_get_temp                         0x08011c45   Thumb Code   164  ds18b20.o(.text)
    L6480_Delay                              0x08011ced   Thumb Code    18  l6480.o(.text)
    L6480_Reset_And_Standby                  0x08011cff   Thumb Code    28  l6480.o(.text)
    L6480_Regs_Struct_Reset                  0x08011d1b   Thumb Code    96  l6480.o(.text)
    L6480_Write_Byte                         0x08011d7b   Thumb Code   100  l6480.o(.text)
    L6480_Set_Param                          0x08011ddf   Thumb Code   110  l6480.o(.text)
    L6480_Registers_Set                      0x08011e4d   Thumb Code   208  l6480.o(.text)
    L6480_Registers_Get                      0x08011f1d   Thumb Code     2  l6480.o(.text)
    L6480_Registers_Check                    0x08011f1f   Thumb Code     6  l6480.o(.text)
    L6480_Nop                                0x08011f25   Thumb Code    10  l6480.o(.text)
    L6480_Get_Param                          0x08011f2f   Thumb Code   132  l6480.o(.text)
    L6480_Run                                0x08011fb3   Thumb Code    38  l6480.o(.text)
    L6480_Step_Clock                         0x08011fd9   Thumb Code    14  l6480.o(.text)
    L6480_Move                               0x08011fe7   Thumb Code    38  l6480.o(.text)
    L6480_Go_To                              0x0801200d   Thumb Code    34  l6480.o(.text)
    L6480_Go_To_Dir                          0x0801202f   Thumb Code    38  l6480.o(.text)
    L6480_Go_Until                           0x08012055   Thumb Code    44  l6480.o(.text)
    L6480_Release_SW                         0x08012081   Thumb Code    20  l6480.o(.text)
    L6480_Go_Home                            0x08012095   Thumb Code    10  l6480.o(.text)
    L6480_Go_Mark                            0x0801209f   Thumb Code    10  l6480.o(.text)
    L6480_Reset_Pos                          0x080120a9   Thumb Code    10  l6480.o(.text)
    L6480_Reset_Device                       0x080120b3   Thumb Code    10  l6480.o(.text)
    L6480_Soft_Stop                          0x080120bd   Thumb Code    10  l6480.o(.text)
    L6480_Hard_Stop                          0x080120c7   Thumb Code    10  l6480.o(.text)
    L6480_Soft_HiZ                           0x080120d1   Thumb Code    10  l6480.o(.text)
    L6480_Hard_HiZ                           0x080120db   Thumb Code    66  l6480.o(.text)
    L6480_Get_Status                         0x0801211d   Thumb Code    44  l6480.o(.text)
    L6480_Busy_HW                            0x08012149   Thumb Code    20  l6480.o(.text)
    L6480_Busy_SW                            0x0801215d   Thumb Code    20  l6480.o(.text)
    L6480_getFlag                            0x08012171   Thumb Code    20  l6480.o(.text)
    Calendar_init                            0x08012189   Thumb Code    52  calendar.o(.text)
    sec_to_time                              0x080121bd   Thumb Code    64  calendar.o(.text)
    sec_in_day                               0x080121fd   Thumb Code    32  calendar.o(.text)
    seconds_between_2_time                   0x0801221d   Thumb Code    36  calendar.o(.text)
    is_leap_year                             0x08012241   Thumb Code    58  calendar.o(.text)
    day_in_year                              0x0801227b   Thumb Code    70  calendar.o(.text)
    swap                                     0x080122c1   Thumb Code    10  calendar.o(.text)
    days_between_2_date                      0x080122cb   Thumb Code   296  calendar.o(.text)
    update_cutdown                           0x080123f3   Thumb Code  1406  calendar.o(.text)
    date_to_str                              0x08012971   Thumb Code   138  calendar.o(.text)
    time_to_str                              0x080129fb   Thumb Code   126  calendar.o(.text)
    get_week                                 0x08012a79   Thumb Code    96  calendar.o(.text)
    mon_1_3_5_7_8_10_12_add_one_day          0x08012ad9   Thumb Code    36  calendar.o(.text)
    mon_4_6_9_11_add_one_day                 0x08012afd   Thumb Code    36  calendar.o(.text)
    mon_2_add_one_day                        0x08012b21   Thumb Code    76  calendar.o(.text)
    add_one_day                              0x08012b6d   Thumb Code   118  calendar.o(.text)
    add_one_sec                              0x08012be3   Thumb Code   134  calendar.o(.text)
    timezone_adjust                          0x08012c69   Thumb Code   102  calendar.o(.text)
    Calendar_set_time                        0x08012ccf   Thumb Code    92  calendar.o(.text)
    Calendar_set_date                        0x08012d2b   Thumb Code   110  calendar.o(.text)
    Calendar_sec_process_dev                 0x08012d99   Thumb Code    46  calendar.o(.text)
    Calendar_sec_process                     0x08012dc7   Thumb Code    12  calendar.o(.text)
    Calendar_set                             0x08012dd3   Thumb Code   112  calendar.o(.text)
    dt_changed                               0x08012e43   Thumb Code   112  calendar.o(.text)
    alarm_set                                0x08012eb3   Thumb Code    22  calendar.o(.text)
    alarm_check                              0x08012ec9   Thumb Code    92  calendar.o(.text)
    alarm_check_only_time                    0x08012f25   Thumb Code    56  calendar.o(.text)
    alarm_enable                             0x08012f5d   Thumb Code     8  calendar.o(.text)
    getUSBCurrent                            0x08013031   Thumb Code   126  finsh_adc_1.o(.text)
    eeprom_init                              0x08013247   Thumb Code    34  finsh_eeprom.o(.text)
    at24c256_read                            0x08013269   Thumb Code    94  finsh_eeprom.o(.text)
    at24c256_write                           0x080132c7   Thumb Code    44  finsh_eeprom.o(.text)
    Flash_write                              0x0801334d   Thumb Code    90  finsh_flash_1.o(.text)
    L6480s_init                              0x08013429   Thumb Code   668  finsh_l6480_1.o(.text)
    L6480s_Rotate                            0x080136c5   Thumb Code    36  finsh_l6480_1.o(.text)
    L6480s_Move                              0x080136e9   Thumb Code    36  finsh_l6480_1.o(.text)
    L6480s_Move_To                           0x0801370d   Thumb Code    36  finsh_l6480_1.o(.text)
    L6480s_Stop                              0x08013731   Thumb Code    28  finsh_l6480_1.o(.text)
    L6480s_Set                               0x0801374d   Thumb Code    36  finsh_l6480_1.o(.text)
    L6480s_Get                               0x08013771   Thumb Code    38  finsh_l6480_1.o(.text)
    readPins                                 0x0801390d   Thumb Code   292  finsh_logic.o(.text)
    rgbSensor_init                           0x08013d65   Thumb Code    48  finsh_rgb_sensor_1.o(.text)
    rgbSensor_loop                           0x08013d95   Thumb Code    64  finsh_rgb_sensor_1.o(.text)
    rtc_sec_sendMessage1                     0x08013e59   Thumb Code    20  finsh_rtc_1.o(.text)
    rtc_alarm_sendMessage1                   0x08013e6d   Thumb Code    10  finsh_rtc_1.o(.text)
    rtc_overflow_sendMessage1                0x08013e77   Thumb Code    10  finsh_rtc_1.o(.text)
    rtc_basic                                0x08013e81   Thumb Code    60  finsh_rtc_1.o(.text)
    rtcsecit                                 0x08013ebd   Thumb Code    22  finsh_rtc_1.o(.text)
    rtc_clock                                0x08013ed3   Thumb Code    40  finsh_rtc_1.o(.text)
    rtc_sec_event                            0x08013efb   Thumb Code    86  finsh_rtc_1.o(.text)
    calendar_app                             0x08013f51   Thumb Code    70  finsh_rtc_1.o(.text)
    sendMessage                              0x08014089   Thumb Code    16  finsh_test.o(.text)
    exit_start                               0x08014099   Thumb Code    52  finsh_test.o(.text)
    get_temp                                 0x080140ed   Thumb Code    38  finsh_temp_sensor.o(.text)
    AT24CXX_Init                             0x08014129   Thumb Code    20  at24cxx.o(.text)
    AT24CXX_ReadU8                           0x0801413d   Thumb Code    38  at24cxx.o(.text)
    AT24CXX_WriteU8                          0x08014163   Thumb Code    40  at24cxx.o(.text)
    AT24CXX_ReadU16                          0x0801418b   Thumb Code    38  at24cxx.o(.text)
    AT24CXX_WriteU16                         0x080141b1   Thumb Code    40  at24cxx.o(.text)
    AT24CXX_ReadU32                          0x080141d9   Thumb Code    38  at24cxx.o(.text)
    AT24CXX_WriteU32                         0x080141ff   Thumb Code    40  at24cxx.o(.text)
    AT24CXX_ReadF32                          0x08014227   Thumb Code    38  at24cxx.o(.text)
    AT24CXX_WriteF32                         0x0801424d   Thumb Code    40  at24cxx.o(.text)
    AT24CXX_Reads                            0x08014275   Thumb Code   118  at24cxx.o(.text)
    AT24CXX_Writes                           0x080142eb   Thumb Code   242  at24cxx.o(.text)
    __aeabi_memcpy                           0x080143e5   Thumb Code    36  memcpya.o(.text)
    __aeabi_memcpy4                          0x080143e5   Thumb Code     0  memcpya.o(.text)
    __aeabi_memcpy8                          0x080143e5   Thumb Code     0  memcpya.o(.text)
    __aeabi_memset                           0x08014409   Thumb Code    14  memseta.o(.text)
    __aeabi_memset4                          0x08014409   Thumb Code     0  memseta.o(.text)
    __aeabi_memset8                          0x08014409   Thumb Code     0  memseta.o(.text)
    __aeabi_memclr                           0x08014417   Thumb Code     4  memseta.o(.text)
    __aeabi_memclr4                          0x08014417   Thumb Code     0  memseta.o(.text)
    __aeabi_memclr8                          0x08014417   Thumb Code     0  memseta.o(.text)
    _memset$wrapper                          0x0801441b   Thumb Code    18  memseta.o(.text)
    strncpy                                  0x0801442d   Thumb Code    24  strncpy.o(.text)
    strlen                                   0x08014445   Thumb Code    14  strlen.o(.text)
    strcmp                                   0x08014453   Thumb Code    28  strcmp.o(.text)
    strncmp                                  0x0801446f   Thumb Code    30  strncmp.o(.text)
    atoi                                     0x0801448d   Thumb Code    26  atoi.o(.text)
    __aeabi_fmul                             0x080144a7   Thumb Code   100  fmul.o(.text)
    __aeabi_dadd                             0x0801450b   Thumb Code   322  dadd.o(.text)
    __aeabi_dsub                             0x0801464d   Thumb Code     6  dadd.o(.text)
    __aeabi_drsub                            0x08014653   Thumb Code     6  dadd.o(.text)
    __aeabi_dmul                             0x08014659   Thumb Code   228  dmul.o(.text)
    __aeabi_ddiv                             0x0801473d   Thumb Code   222  ddiv.o(.text)
    __aeabi_ui2f                             0x0801481b   Thumb Code    10  ffltui.o(.text)
    __aeabi_i2d                              0x08014825   Thumb Code    34  dflti.o(.text)
    __aeabi_ui2d                             0x08014847   Thumb Code    26  dfltui.o(.text)
    __aeabi_f2d                              0x08014861   Thumb Code    38  f2d.o(.text)
    __aeabi_d2f                              0x08014887   Thumb Code    56  d2f.o(.text)
    __aeabi_uidiv                            0x080148bf   Thumb Code     0  uidiv.o(.text)
    __aeabi_uidivmod                         0x080148bf   Thumb Code    44  uidiv.o(.text)
    __aeabi_uldivmod                         0x080148eb   Thumb Code    98  uldiv.o(.text)
    __aeabi_llsl                             0x0801494d   Thumb Code    30  llshl.o(.text)
    _ll_shift_l                              0x0801494d   Thumb Code     0  llshl.o(.text)
    __aeabi_llsr                             0x0801496b   Thumb Code    32  llushr.o(.text)
    _ll_ushift_r                             0x0801496b   Thumb Code     0  llushr.o(.text)
    __aeabi_lasr                             0x0801498b   Thumb Code    36  llsshr.o(.text)
    _ll_sshift_r                             0x0801498b   Thumb Code     0  llsshr.o(.text)
    strtol                                   0x080149af   Thumb Code   112  strtol.o(.text)
    __I$use$fp                               0x08014a1f   Thumb Code     0  iusefp.o(.text)
    _float_round                             0x08014a1f   Thumb Code    18  fepilogue.o(.text)
    _float_epilogue                          0x08014a31   Thumb Code    92  fepilogue.o(.text)
    _double_round                            0x08014a8d   Thumb Code    30  depilogue.o(.text)
    _double_epilogue                         0x08014aab   Thumb Code   156  depilogue.o(.text)
    __aeabi_d2ulz                            0x08014b47   Thumb Code    48  dfixul.o(.text)
    __aeabi_cdrcmple                         0x08014b79   Thumb Code    48  cdrcmple.o(.text)
    __scatterload                            0x08014ba9   Thumb Code    28  init.o(.text)
    __scatterload_rt2                        0x08014ba9   Thumb Code     0  init.o(.text)
    __rt_ctype_table                         0x08014bcd   Thumb Code     4  ctype_o.o(.text)
    _strtoul                                 0x08014bd5   Thumb Code   158  _strtoul.o(.text)
    _chval                                   0x08014c73   Thumb Code    28  _chval.o(.text)
    __decompress                             0x08014c8f   Thumb Code     0  __dczerorl2.o(.text)
    __decompress1                            0x08014c8f   Thumb Code    86  __dczerorl2.o(.text)
    __0sprintf                               0x08014ce5   Thumb Code    34  printfa.o(i.__0sprintf)
    __1sprintf                               0x08014ce5   Thumb Code     0  printfa.o(i.__0sprintf)
    __2sprintf                               0x08014ce5   Thumb Code     0  printfa.o(i.__0sprintf)
    __c89sprintf                             0x08014ce5   Thumb Code     0  printfa.o(i.__0sprintf)
    sprintf                                  0x08014ce5   Thumb Code     0  printfa.o(i.__0sprintf)
    __aeabi_errno_addr                       0x08014d0d   Thumb Code     4  errno.o(i.__aeabi_errno_addr)
    __rt_errno_addr                          0x08014d0d   Thumb Code     0  errno.o(i.__aeabi_errno_addr)
    __scatterload_copy                       0x08014d15   Thumb Code    14  handlers.o(i.__scatterload_copy)
    __scatterload_null                       0x08014d23   Thumb Code     2  handlers.o(i.__scatterload_null)
    __scatterload_zeroinit                   0x08014d25   Thumb Code    14  handlers.o(i.__scatterload_zeroinit)
    __lowest_bit_bitmap                      0x080158e1   Data         256  kservice.o(.constdata)
    op_table                                 0x08015f00   Data         196  finsh_ops.o(.constdata)
    crc8_tab                                 0x08016204   Data         256  crc.o(.constdata)
    C24LC01                                  0x08016304   Data          16  at24cxx.o(.constdata)
    C24LC02                                  0x08016314   Data          16  at24cxx.o(.constdata)
    C24LC04                                  0x08016324   Data          16  at24cxx.o(.constdata)
    C24LC08                                  0x08016334   Data          16  at24cxx.o(.constdata)
    C24LC16                                  0x08016344   Data          16  at24cxx.o(.constdata)
    C24LC32                                  0x08016354   Data          16  at24cxx.o(.constdata)
    C24LC64                                  0x08016364   Data          16  at24cxx.o(.constdata)
    C24LC128                                 0x08016374   Data          16  at24cxx.o(.constdata)
    C24LC256                                 0x08016384   Data          16  at24cxx.o(.constdata)
    C24LC512                                 0x08016394   Data          16  at24cxx.o(.constdata)
    __ctype_table                            0x080163a4   Data         129  ctype_o.o(.constdata)
    __fsym_list_mem_name                     0x08016cee   Data           9  mem.o(.rodata.name)
    __fsym_list_mem_desc                     0x08016cf7   Data          30  mem.o(.rodata.name)
    __fsym___cmd_canstat_name                0x08016d15   Data          14  can.o(.rodata.name)
    __fsym___cmd_canstat_desc                0x08016d23   Data          24  can.o(.rodata.name)
    __fsym_hello_name                        0x08016d3b   Data           6  cmd.o(.rodata.name)
    __fsym_hello_desc                        0x08016d41   Data          16  cmd.o(.rodata.name)
    __fsym_version_name                      0x08016d51   Data           8  cmd.o(.rodata.name)
    __fsym_version_desc                      0x08016d59   Data          35  cmd.o(.rodata.name)
    __fsym_list_thread_name                  0x08016d7c   Data          12  cmd.o(.rodata.name)
    __fsym_list_thread_desc                  0x08016d88   Data          12  cmd.o(.rodata.name)
    __fsym_list_sem_name                     0x08016d94   Data           9  cmd.o(.rodata.name)
    __fsym_list_sem_desc                     0x08016d9d   Data          25  cmd.o(.rodata.name)
    __fsym_list_event_name                   0x08016db6   Data          11  cmd.o(.rodata.name)
    __fsym_list_event_desc                   0x08016dc1   Data          21  cmd.o(.rodata.name)
    __fsym_list_mutex_name                   0x08016dd6   Data          11  cmd.o(.rodata.name)
    __fsym_list_mutex_desc                   0x08016de1   Data          21  cmd.o(.rodata.name)
    __fsym_list_mailbox_name                 0x08016df6   Data          13  cmd.o(.rodata.name)
    __fsym_list_mailbox_desc                 0x08016e03   Data          24  cmd.o(.rodata.name)
    __fsym_list_msgqueue_name                0x08016e1b   Data          14  cmd.o(.rodata.name)
    __fsym_list_msgqueue_desc                0x08016e29   Data          29  cmd.o(.rodata.name)
    __fsym_list_mempool_name                 0x08016e46   Data          13  cmd.o(.rodata.name)
    __fsym_list_mempool_desc                 0x08016e53   Data          27  cmd.o(.rodata.name)
    __fsym_list_timer_name                   0x08016e6e   Data          11  cmd.o(.rodata.name)
    __fsym_list_timer_desc                   0x08016e79   Data          21  cmd.o(.rodata.name)
    __fsym_list_device_name                  0x08016e8e   Data          12  cmd.o(.rodata.name)
    __fsym_list_device_desc                  0x08016e9a   Data          22  cmd.o(.rodata.name)
    __fsym_list_name                         0x08016eb0   Data           5  cmd.o(.rodata.name)
    __fsym_list_desc                         0x08016eb5   Data          26  cmd.o(.rodata.name)
    __vsym_dummy_name                        0x08016ecf   Data           6  cmd.o(.rodata.name)
    __vsym_dummy_desc                        0x08016ed5   Data          25  cmd.o(.rodata.name)
    __fsym_set_led_name                      0x08016eee   Data           8  led.o(.rodata.name)
    __fsym_set_led_desc                      0x08016ef6   Data          25  led.o(.rodata.name)
    __fsym_getUSBCurrent_name                0x08016f0f   Data          14  finsh_adc_1.o(.rodata.name)
    __fsym_getUSBCurrent_desc                0x08016f1d   Data          17  finsh_adc_1.o(.rodata.name)
    __fsym_eeprom_init_name                  0x08016f2e   Data          12  finsh_eeprom.o(.rodata.name)
    __fsym_eeprom_init_desc                  0x08016f3a   Data          12  finsh_eeprom.o(.rodata.name)
    __fsym_at24c256_read_name                0x08016f46   Data          14  finsh_eeprom.o(.rodata.name)
    __fsym_at24c256_read_desc                0x08016f54   Data          14  finsh_eeprom.o(.rodata.name)
    __fsym_at24c256_write_name               0x08016f62   Data          15  finsh_eeprom.o(.rodata.name)
    __fsym_at24c256_write_desc               0x08016f71   Data          15  finsh_eeprom.o(.rodata.name)
    __fsym_save_name                         0x08016f80   Data           5  finsh_flash_1.o(.rodata.name)
    __fsym_save_desc                         0x08016f85   Data          35  finsh_flash_1.o(.rodata.name)
    __fsym_read_name                         0x08016fa8   Data           5  finsh_flash_1.o(.rodata.name)
    __fsym_read_desc                         0x08016fad   Data          35  finsh_flash_1.o(.rodata.name)
    __fsym_init_name                         0x08016fd0   Data           5  finsh_l6480_1.o(.rodata.name)
    __fsym_init_desc                         0x08016fd5   Data           2  finsh_l6480_1.o(.rodata.name)
    __fsym_rotate_name                       0x08016fd7   Data           7  finsh_l6480_1.o(.rodata.name)
    __fsym_rotate_desc                       0x08016fde   Data           2  finsh_l6480_1.o(.rodata.name)
    __fsym_move_name                         0x08016fe0   Data           5  finsh_l6480_1.o(.rodata.name)
    __fsym_move_desc                         0x08016fe5   Data           2  finsh_l6480_1.o(.rodata.name)
    __fsym_go_name                           0x08016fe7   Data           3  finsh_l6480_1.o(.rodata.name)
    __fsym_go_desc                           0x08016fea   Data           2  finsh_l6480_1.o(.rodata.name)
    __fsym_stop_name                         0x08016fec   Data           5  finsh_l6480_1.o(.rodata.name)
    __fsym_stop_desc                         0x08016ff1   Data           2  finsh_l6480_1.o(.rodata.name)
    __fsym_set_name                          0x08016ff3   Data           4  finsh_l6480_1.o(.rodata.name)
    __fsym_set_desc                          0x08016ff7   Data           2  finsh_l6480_1.o(.rodata.name)
    __fsym_get_name                          0x08016ff9   Data           4  finsh_l6480_1.o(.rodata.name)
    __fsym_get_desc                          0x08016ffd   Data           2  finsh_l6480_1.o(.rodata.name)
    __fsym_readPin_name                      0x08016fff   Data           8  finsh_logic.o(.rodata.name)
    __fsym_readPin_desc                      0x08017007   Data          36  finsh_logic.o(.rodata.name)
    __fsym_readPins_name                     0x0801702b   Data           9  finsh_logic.o(.rodata.name)
    __fsym_readPins_desc                     0x08017034   Data          33  finsh_logic.o(.rodata.name)
    __fsym_writePin_name                     0x08017055   Data           9  finsh_logic.o(.rodata.name)
    __fsym_writePin_desc                     0x0801705e   Data          38  finsh_logic.o(.rodata.name)
    __fsym_writePins_name                    0x08017084   Data          10  finsh_logic.o(.rodata.name)
    __fsym_writePins_desc                    0x0801708e   Data          35  finsh_logic.o(.rodata.name)
    __fsym_rgbSensor_init_name               0x080170b1   Data          15  finsh_rgb_sensor_1.o(.rodata.name)
    __fsym_rgbSensor_init_desc               0x080170c0   Data           2  finsh_rgb_sensor_1.o(.rodata.name)
    __fsym_rgbSensor_loop_name               0x080170c2   Data          15  finsh_rgb_sensor_1.o(.rodata.name)
    __fsym_rgbSensor_loop_desc               0x080170d1   Data           2  finsh_rgb_sensor_1.o(.rodata.name)
    __fsym_rtc_basic_name                    0x080170d3   Data          10  finsh_rtc_1.o(.rodata.name)
    __fsym_rtc_basic_desc                    0x080170dd   Data           2  finsh_rtc_1.o(.rodata.name)
    __fsym_rtc_clock_name                    0x080170df   Data          10  finsh_rtc_1.o(.rodata.name)
    __fsym_rtc_clock_desc                    0x080170e9   Data           2  finsh_rtc_1.o(.rodata.name)
    __fsym_calendar_app_name                 0x080170eb   Data          13  finsh_rtc_1.o(.rodata.name)
    __fsym_calendar_app_desc                 0x080170f8   Data           2  finsh_rtc_1.o(.rodata.name)
    __fsym_exit_start_name                   0x080170fa   Data          11  finsh_test.o(.rodata.name)
    __fsym_exit_start_desc                   0x08017105   Data           2  finsh_test.o(.rodata.name)
    __fsym_get_temp_name                     0x08017107   Data           9  finsh_temp_sensor.o(.rodata.name)
    __fsym_get_temp_desc                     0x08017110   Data           2  finsh_temp_sensor.o(.rodata.name)
    __rt_init_rti_start                      0x08017114   Data           4  components.o(.rti_fn.0)
    __rt_init_rti_board_start                0x08017118   Data           4  components.o(.rti_fn.0.end)
    __rt_init_rti_board_end                  0x0801711c   Data           4  components.o(.rti_fn.1.end)
    __rt_init_finsh_system_init              0x08017120   Data           4  shell.o(.rti_fn.3)
    __rt_init_rti_end                        0x08017124   Data           4  components.o(.rti_fn.6.end)
    FSymTab$$Base                            0x08017128   Number         0  mem.o(FSymTab)
    __fsym_list_mem                          0x08017128   Data          12  mem.o(FSymTab)
    __fsym___cmd_canstat                     0x08017134   Data          12  can.o(FSymTab)
    __fsym_hello                             0x08017140   Data          12  cmd.o(FSymTab)
    __fsym_version                           0x0801714c   Data          12  cmd.o(FSymTab)
    __fsym_list_thread                       0x08017158   Data          12  cmd.o(FSymTab)
    __fsym_list_sem                          0x08017164   Data          12  cmd.o(FSymTab)
    __fsym_list_event                        0x08017170   Data          12  cmd.o(FSymTab)
    __fsym_list_mutex                        0x0801717c   Data          12  cmd.o(FSymTab)
    __fsym_list_mailbox                      0x08017188   Data          12  cmd.o(FSymTab)
    __fsym_list_msgqueue                     0x08017194   Data          12  cmd.o(FSymTab)
    __fsym_list_mempool                      0x080171a0   Data          12  cmd.o(FSymTab)
    __fsym_list_timer                        0x080171ac   Data          12  cmd.o(FSymTab)
    __fsym_list_device                       0x080171b8   Data          12  cmd.o(FSymTab)
    __fsym_list                              0x080171c4   Data          12  cmd.o(FSymTab)
    __fsym_set_led                           0x080171d0   Data          12  led.o(FSymTab)
    __fsym_getUSBCurrent                     0x080171dc   Data          12  finsh_adc_1.o(FSymTab)
    __fsym_eeprom_init                       0x080171e8   Data          12  finsh_eeprom.o(FSymTab)
    __fsym_at24c256_read                     0x080171f4   Data          12  finsh_eeprom.o(FSymTab)
    __fsym_at24c256_write                    0x08017200   Data          12  finsh_eeprom.o(FSymTab)
    __fsym_save                              0x0801720c   Data          12  finsh_flash_1.o(FSymTab)
    __fsym_read                              0x08017218   Data          12  finsh_flash_1.o(FSymTab)
    __fsym_init                              0x08017224   Data          12  finsh_l6480_1.o(FSymTab)
    __fsym_rotate                            0x08017230   Data          12  finsh_l6480_1.o(FSymTab)
    __fsym_move                              0x0801723c   Data          12  finsh_l6480_1.o(FSymTab)
    __fsym_go                                0x08017248   Data          12  finsh_l6480_1.o(FSymTab)
    __fsym_stop                              0x08017254   Data          12  finsh_l6480_1.o(FSymTab)
    __fsym_set                               0x08017260   Data          12  finsh_l6480_1.o(FSymTab)
    __fsym_get                               0x0801726c   Data          12  finsh_l6480_1.o(FSymTab)
    __fsym_readPin                           0x08017278   Data          12  finsh_logic.o(FSymTab)
    __fsym_readPins                          0x08017284   Data          12  finsh_logic.o(FSymTab)
    __fsym_writePin                          0x08017290   Data          12  finsh_logic.o(FSymTab)
    __fsym_writePins                         0x0801729c   Data          12  finsh_logic.o(FSymTab)
    __fsym_rgbSensor_init                    0x080172a8   Data          12  finsh_rgb_sensor_1.o(FSymTab)
    __fsym_rgbSensor_loop                    0x080172b4   Data          12  finsh_rgb_sensor_1.o(FSymTab)
    __fsym_rtc_basic                         0x080172c0   Data          12  finsh_rtc_1.o(FSymTab)
    __fsym_rtc_clock                         0x080172cc   Data          12  finsh_rtc_1.o(FSymTab)
    __fsym_calendar_app                      0x080172d8   Data          12  finsh_rtc_1.o(FSymTab)
    __fsym_exit_start                        0x080172e4   Data          12  finsh_test.o(FSymTab)
    __fsym_get_temp                          0x080172f0   Data          12  finsh_temp_sensor.o(FSymTab)
    FSymTab$$Limit                           0x080172fc   Number         0  finsh_temp_sensor.o(FSymTab)
    Region$$Table$$Base                      0x080172fc   Number         0  anon$$obj.o(Region$$Table)
    Region$$Table$$Limit                     0x0801731c   Number         0  anon$$obj.o(Region$$Table)
    VSymTab$$Base                            0x0801731c   Number         0  cmd.o(VSymTab)
    __vsym_dummy                             0x0801731c   Data          16  cmd.o(VSymTab)
    VSymTab$$Limit                           0x0801732c   Number         0  cmd.o(VSymTab)
    uart1                                    0x20000000   Data          24  usart.o(.data)
    SystemCoreClock                          0x20000018   Data           4  system_stm32f10x.o(.data)
    AHBPrescTable                            0x2000001c   Data          16  system_stm32f10x.o(.data)
    rt_interrupt_nest                        0x20000050   Data           1  irq.o(.data)
    rt_assert_hook                           0x2000005c   Data           4  kservice.o(.data)
    rt_object_container                      0x20000080   Data         144  object.o(.data)
    rt_object_trytake_hook                   0x20000118   Data           4  object.o(.data)
    rt_object_take_hook                      0x2000011c   Data           4  object.o(.data)
    rt_object_put_hook                       0x20000120   Data           4  object.o(.data)
    rt_current_thread                        0x20000128   Data           4  scheduler.o(.data)
    rt_current_priority                      0x2000012c   Data           1  scheduler.o(.data)
    rt_thread_ready_priority_group           0x20000130   Data           4  scheduler.o(.data)
    rt_thread_defunct                        0x20000134   Data           8  scheduler.o(.data)
    rt_interrupt_from_thread                 0x2000015c   Data           4  cpuport.o(.data)
    rt_interrupt_to_thread                   0x20000160   Data           4  cpuport.o(.data)
    rt_thread_switch_interrupt_flag          0x20000164   Data           4  cpuport.o(.data)
    shell                                    0x2000017c   Data           4  shell.o(.data)
    _syscall_table_begin                     0x20000180   Data           4  symbol.o(.data)
    _syscall_table_end                       0x20000184   Data           4  symbol.o(.data)
    _sysvar_table_begin                      0x20000188   Data           4  symbol.o(.data)
    _sysvar_table_end                        0x2000018c   Data           4  symbol.o(.data)
    finsh_compile_sp                         0x20000194   Data           4  finsh_compiler.o(.data)
    finsh_compile_pc                         0x20000198   Data           4  finsh_compiler.o(.data)
    global_errno                             0x2000019c   Data           1  finsh_error.o(.data)
    global_sysvar_list                       0x200001e4   Data           4  finsh_var.o(.data)
    finsh_sp                                 0x200001e8   Data           4  finsh_vm.o(.data)
    finsh_pc                                 0x200001ec   Data           4  finsh_vm.o(.data)
    global_syscall_list                      0x200001f0   Data           4  finsh_vm.o(.data)
    dev                                      0x20000204   Data           4  mcu_exit.o(.data)
    exit0_handler                            0x20000208   Data           4  mcu_exit.o(.data)
    exit1_handler                            0x2000020c   Data           4  mcu_exit.o(.data)
    exit2_handler                            0x20000210   Data           4  mcu_exit.o(.data)
    exit3_handler                            0x20000214   Data           4  mcu_exit.o(.data)
    exit4_handler                            0x20000218   Data           4  mcu_exit.o(.data)
    exit5_handler                            0x2000021c   Data           4  mcu_exit.o(.data)
    exit6_handler                            0x20000220   Data           4  mcu_exit.o(.data)
    exit7_handler                            0x20000224   Data           4  mcu_exit.o(.data)
    exit8_handler                            0x20000228   Data           4  mcu_exit.o(.data)
    exit9_handler                            0x2000022c   Data           4  mcu_exit.o(.data)
    exit10_handler                           0x20000230   Data           4  mcu_exit.o(.data)
    exit11_handler                           0x20000234   Data           4  mcu_exit.o(.data)
    exit12_handler                           0x20000238   Data           4  mcu_exit.o(.data)
    exit13_handler                           0x2000023c   Data           4  mcu_exit.o(.data)
    exit14_handler                           0x20000240   Data           4  mcu_exit.o(.data)
    exit15_handler                           0x20000244   Data           4  mcu_exit.o(.data)
    PA0                                      0x20000248   Data           8  mcu_gpio.o(.data)
    PA1                                      0x20000250   Data           8  mcu_gpio.o(.data)
    PA2                                      0x20000258   Data           8  mcu_gpio.o(.data)
    PA3                                      0x20000260   Data           8  mcu_gpio.o(.data)
    PA4                                      0x20000268   Data           8  mcu_gpio.o(.data)
    PA5                                      0x20000270   Data           8  mcu_gpio.o(.data)
    PA6                                      0x20000278   Data           8  mcu_gpio.o(.data)
    PA7                                      0x20000280   Data           8  mcu_gpio.o(.data)
    PA8                                      0x20000288   Data           8  mcu_gpio.o(.data)
    PA9                                      0x20000290   Data           8  mcu_gpio.o(.data)
    PA10                                     0x20000298   Data           8  mcu_gpio.o(.data)
    PA11                                     0x200002a0   Data           8  mcu_gpio.o(.data)
    PA12                                     0x200002a8   Data           8  mcu_gpio.o(.data)
    PA13                                     0x200002b0   Data           8  mcu_gpio.o(.data)
    PA14                                     0x200002b8   Data           8  mcu_gpio.o(.data)
    PA15                                     0x200002c0   Data           8  mcu_gpio.o(.data)
    PB0                                      0x200002c8   Data           8  mcu_gpio.o(.data)
    PB1                                      0x200002d0   Data           8  mcu_gpio.o(.data)
    PB2                                      0x200002d8   Data           8  mcu_gpio.o(.data)
    PB3                                      0x200002e0   Data           8  mcu_gpio.o(.data)
    PB4                                      0x200002e8   Data           8  mcu_gpio.o(.data)
    PB5                                      0x200002f0   Data           8  mcu_gpio.o(.data)
    PB6                                      0x200002f8   Data           8  mcu_gpio.o(.data)
    PB7                                      0x20000300   Data           8  mcu_gpio.o(.data)
    PB8                                      0x20000308   Data           8  mcu_gpio.o(.data)
    PB9                                      0x20000310   Data           8  mcu_gpio.o(.data)
    PB10                                     0x20000318   Data           8  mcu_gpio.o(.data)
    PB11                                     0x20000320   Data           8  mcu_gpio.o(.data)
    PB12                                     0x20000328   Data           8  mcu_gpio.o(.data)
    PB13                                     0x20000330   Data           8  mcu_gpio.o(.data)
    PB14                                     0x20000338   Data           8  mcu_gpio.o(.data)
    PB15                                     0x20000340   Data           8  mcu_gpio.o(.data)
    PC0                                      0x20000348   Data           8  mcu_gpio.o(.data)
    PC1                                      0x20000350   Data           8  mcu_gpio.o(.data)
    PC2                                      0x20000358   Data           8  mcu_gpio.o(.data)
    PC3                                      0x20000360   Data           8  mcu_gpio.o(.data)
    PC4                                      0x20000368   Data           8  mcu_gpio.o(.data)
    PC5                                      0x20000370   Data           8  mcu_gpio.o(.data)
    PC6                                      0x20000378   Data           8  mcu_gpio.o(.data)
    PC7                                      0x20000380   Data           8  mcu_gpio.o(.data)
    PC8                                      0x20000388   Data           8  mcu_gpio.o(.data)
    PC9                                      0x20000390   Data           8  mcu_gpio.o(.data)
    PC10                                     0x20000398   Data           8  mcu_gpio.o(.data)
    PC11                                     0x200003a0   Data           8  mcu_gpio.o(.data)
    PC12                                     0x200003a8   Data           8  mcu_gpio.o(.data)
    PC13                                     0x200003b0   Data           8  mcu_gpio.o(.data)
    PC14                                     0x200003b8   Data           8  mcu_gpio.o(.data)
    PC15                                     0x200003c0   Data           8  mcu_gpio.o(.data)
    PD0                                      0x200003c8   Data           8  mcu_gpio.o(.data)
    PD1                                      0x200003d0   Data           8  mcu_gpio.o(.data)
    PD2                                      0x200003d8   Data           8  mcu_gpio.o(.data)
    PD3                                      0x200003e0   Data           8  mcu_gpio.o(.data)
    PD4                                      0x200003e8   Data           8  mcu_gpio.o(.data)
    PD5                                      0x200003f0   Data           8  mcu_gpio.o(.data)
    PD6                                      0x200003f8   Data           8  mcu_gpio.o(.data)
    PD7                                      0x20000400   Data           8  mcu_gpio.o(.data)
    PD8                                      0x20000408   Data           8  mcu_gpio.o(.data)
    PD9                                      0x20000410   Data           8  mcu_gpio.o(.data)
    PD10                                     0x20000418   Data           8  mcu_gpio.o(.data)
    PD11                                     0x20000420   Data           8  mcu_gpio.o(.data)
    PD12                                     0x20000428   Data           8  mcu_gpio.o(.data)
    PD13                                     0x20000430   Data           8  mcu_gpio.o(.data)
    PD14                                     0x20000438   Data           8  mcu_gpio.o(.data)
    PD15                                     0x20000440   Data           8  mcu_gpio.o(.data)
    PE0                                      0x20000448   Data           8  mcu_gpio.o(.data)
    PE1                                      0x20000450   Data           8  mcu_gpio.o(.data)
    PE2                                      0x20000458   Data           8  mcu_gpio.o(.data)
    PE3                                      0x20000460   Data           8  mcu_gpio.o(.data)
    PE4                                      0x20000468   Data           8  mcu_gpio.o(.data)
    PE5                                      0x20000470   Data           8  mcu_gpio.o(.data)
    PE6                                      0x20000478   Data           8  mcu_gpio.o(.data)
    PE7                                      0x20000480   Data           8  mcu_gpio.o(.data)
    PE8                                      0x20000488   Data           8  mcu_gpio.o(.data)
    PE9                                      0x20000490   Data           8  mcu_gpio.o(.data)
    PE10                                     0x20000498   Data           8  mcu_gpio.o(.data)
    PE11                                     0x200004a0   Data           8  mcu_gpio.o(.data)
    PE12                                     0x200004a8   Data           8  mcu_gpio.o(.data)
    PE13                                     0x200004b0   Data           8  mcu_gpio.o(.data)
    PE14                                     0x200004b8   Data           8  mcu_gpio.o(.data)
    PE15                                     0x200004c0   Data           8  mcu_gpio.o(.data)
    PF0                                      0x200004c8   Data           8  mcu_gpio.o(.data)
    PF1                                      0x200004d0   Data           8  mcu_gpio.o(.data)
    PF2                                      0x200004d8   Data           8  mcu_gpio.o(.data)
    PF3                                      0x200004e0   Data           8  mcu_gpio.o(.data)
    PF4                                      0x200004e8   Data           8  mcu_gpio.o(.data)
    PF5                                      0x200004f0   Data           8  mcu_gpio.o(.data)
    PF6                                      0x200004f8   Data           8  mcu_gpio.o(.data)
    PF7                                      0x20000500   Data           8  mcu_gpio.o(.data)
    PF8                                      0x20000508   Data           8  mcu_gpio.o(.data)
    PF9                                      0x20000510   Data           8  mcu_gpio.o(.data)
    PF10                                     0x20000518   Data           8  mcu_gpio.o(.data)
    PF11                                     0x20000520   Data           8  mcu_gpio.o(.data)
    PF12                                     0x20000528   Data           8  mcu_gpio.o(.data)
    PF13                                     0x20000530   Data           8  mcu_gpio.o(.data)
    PF14                                     0x20000538   Data           8  mcu_gpio.o(.data)
    PF15                                     0x20000540   Data           8  mcu_gpio.o(.data)
    PG0                                      0x20000548   Data           8  mcu_gpio.o(.data)
    PG1                                      0x20000550   Data           8  mcu_gpio.o(.data)
    PG2                                      0x20000558   Data           8  mcu_gpio.o(.data)
    PG3                                      0x20000560   Data           8  mcu_gpio.o(.data)
    PG4                                      0x20000568   Data           8  mcu_gpio.o(.data)
    PG5                                      0x20000570   Data           8  mcu_gpio.o(.data)
    PG6                                      0x20000578   Data           8  mcu_gpio.o(.data)
    PG7                                      0x20000580   Data           8  mcu_gpio.o(.data)
    PG8                                      0x20000588   Data           8  mcu_gpio.o(.data)
    PG9                                      0x20000590   Data           8  mcu_gpio.o(.data)
    PG10                                     0x20000598   Data           8  mcu_gpio.o(.data)
    PG11                                     0x200005a0   Data           8  mcu_gpio.o(.data)
    PG12                                     0x200005a8   Data           8  mcu_gpio.o(.data)
    PG13                                     0x200005b0   Data           8  mcu_gpio.o(.data)
    PG14                                     0x200005b8   Data           8  mcu_gpio.o(.data)
    PG15                                     0x200005c0   Data           8  mcu_gpio.o(.data)
    irq_Sec_Irq_handler                      0x200005c8   Data           4  mcu_rtc.o(.data)
    irq_Alr_Irq_handler                      0x200005cc   Data           4  mcu_rtc.o(.data)
    irq_Ow_Irq_handler                       0x200005d0   Data           4  mcu_rtc.o(.data)
    SoftI2c                                  0x200005d4   Data          12  mcu_softi2c.o(.data)
    spi                                      0x200005e0   Data           8  mcu_spi.o(.data)
    lsb                                      0x200005e8   Data           4  mcp3421.o(.data)
    gain                                     0x200005ec   Data           1  mcp3421.o(.data)
    hc165                                    0x200005f0   Data          28  74hc165.o(.data)
    hc595                                    0x2000060c   Data          28  74hc595.o(.data)
    w25qxx                                   0x20000628   Data          40  w25qxx.o(.data)
    adc1                                     0x20000650   Data          12  finsh_adc_1.o(.data)
    at2404_pin                               0x20000660   Data           8  finsh_eeprom.o(.data)
    at24c256                                 0x2000066c   Data          28  finsh_eeprom.o(.data)
    w25q32_spi_config                        0x20000688   Data          16  finsh_flash_1.o(.data)
    L6480s                                   0x2000069c   Data          32  finsh_l6480_1.o(.data)
    hc165_in                                 0x200006bc   Data           1  finsh_logic.o(.data)
    rgbSensor1                               0x200006c0   Data          24  finsh_rgb_sensor_1.o(.data)
    data8bit                                 0x200006d8   Data           3  finsh_rgb_sensor_1.o(.data)
    rtc                                      0x200006dc   Data          40  finsh_rtc_1.o(.data)
    SensorIt1                                0x20000704   Data          16  finsh_test.o(.data)
    dataTemp_EE                              0x20000714   Data           8  at24cxx.o(.data)
    at24cxx                                  0x2000071c   Data          12  at24cxx.o(.data)
    serial1                                  0x200009ac   Data          84  usart.o(.bss)
    rt_thread_priority_table                 0x20000c20   Data         256  scheduler.o(.bss)
    finsh_heap                               0x200015a0   Data         128  finsh_heap.o(.bss)
    global_node_table                        0x20001620   Data         320  finsh_node.o(.bss)
    global_variable                          0x20001760   Data         192  finsh_var.o(.bss)
    finsh_vm_stack                           0x20001820   Data         256  finsh_vm.o(.bss)
    text_segment                             0x20001920   Data         128  finsh_vm.o(.bss)
    W25QXX_BUFFER                            0x200019a0   Data        4096  w25qxx.o(.bss)
    calendar                                 0x200029a0   Data          53  calendar.o(.bss)
    currentDat                               0x200029d6   Data          20  finsh_adc_1.o(.bss)
    MotorConfig                              0x200029ec   Data         156  finsh_l6480_1.o(.bss)
    data_in                                  0x20002a88   Data          16  finsh_logic.o(.bss)
    data                                     0x20002a98   Data          12  finsh_rgb_sensor_1.o(.bss)
    Image$$RW_IRAM1$$ZI$$Limit               0x20002ea8   Number         0  anon$$obj.o ABSOLUTE
    __initial_sp                             0x20002ea8   Data           0  startup_stm32f10x_hd.o(STACK)



==============================================================================

Memory Map of the image

  Image Entry point : 0x08000131

  Load Region LR_IROM1 (Base: 0x08000000, Size: 0x00017a58, Max: 0x00080000, ABSOLUTE, COMPRESSED[0x000176c0])

    Execution Region ER_IROM1 (Base: 0x08000000, Size: 0x0001732c, Max: 0x00080000, ABSOLUTE)

    Base Addr    Size         Type   Attr      Idx    E Section Name        Object

    0x08000000   0x00000130   Data   RO          253    RESET               startup_stm32f10x_hd.o
    0x08000130   0x00000000   Code   RO         2005  * .ARM.Collect$$$$00000000  mc_w.l(entry.o)
    0x08000130   0x00000004   Code   RO         2332    .ARM.Collect$$$$00000001  mc_w.l(entry2.o)
    0x08000134   0x00000004   Code   RO         2335    .ARM.Collect$$$$00000004  mc_w.l(entry5.o)
    0x08000138   0x00000000   Code   RO         2337    .ARM.Collect$$$$00000008  mc_w.l(entry7b.o)
    0x08000138   0x00000000   Code   RO         2339    .ARM.Collect$$$$0000000A  mc_w.l(entry8b.o)
    0x08000138   0x00000008   Code   RO         2340    .ARM.Collect$$$$0000000B  mc_w.l(entry9a.o)
    0x08000140   0x00000000   Code   RO         2342    .ARM.Collect$$$$0000000D  mc_w.l(entry10a.o)
    0x08000140   0x00000000   Code   RO         2344    .ARM.Collect$$$$0000000F  mc_w.l(entry11a.o)
    0x08000140   0x00000004   Code   RO         2333    .ARM.Collect$$$$00002712  mc_w.l(entry2.o)
    0x08000144   0x00000094   Code   RO            1    .text               application.o
    0x080001d8   0x000000b0   Code   RO          150    .text               startup.o
    0x08000288   0x00000098   Code   RO          166    .text               board.o
    0x08000320   0x00000012   Code   RO          185    .text               stm32f10x_it.o
    0x08000332   0x00000002   PAD
    0x08000334   0x00000490   Code   RO          200    .text               usart.o
    0x080007c4   0x000001e8   Code   RO          233    .text               system_stm32f10x.o
    0x080009ac   0x00000024   Code   RO          254    .text               startup_stm32f10x_hd.o
    0x080009d0   0x000001b8   Code   RO          259    .text               misc.o
    0x08000b88   0x0000029c   Code   RO          360    .text               stm32f10x_bkp.o
    0x08000e24   0x000008f8   Code   RO          446    .text               stm32f10x_dma.o
    0x0800171c   0x000002ac   Code   RO          462    .text               stm32f10x_exti.o
    0x080019c8   0x00000a28   Code   RO          510    .text               stm32f10x_gpio.o
    0x080023f0   0x0000018c   Code   RO          555    .text               stm32f10x_pwr.o
    0x0800257c   0x000007f4   Code   RO          568    .text               stm32f10x_rcc.o
    0x08002d70   0x000001f8   Code   RO          586    .text               stm32f10x_rtc.o
    0x08002f68   0x0000091c   Code   RO          615    .text               stm32f10x_spi.o
    0x08003884   0x00000d34   Code   RO          647    .text               stm32f10x_usart.o
    0x080045b8   0x00000064   Code   RO          676    .text               clock.o
    0x0800461c   0x00000324   Code   RO          690    .text               device.o
    0x08004940   0x00000138   Code   RO          704    .text               idle.o
    0x08004a78   0x00001654   Code   RO          724    .text               ipc.o
    0x080060cc   0x0000007c   Code   RO          741    .text               irq.o
    0x08006148   0x00000ac4   Code   RO          756    .text               kservice.o
    0x08006c0c   0x00000874   Code   RO          776    .text               mem.o
    0x08007480   0x000002dc   Code   RO          814    .text               object.o
    0x0800775c   0x000002e8   Code   RO          833    .text               scheduler.o
    0x08007a44   0x00000604   Code   RO          854    .text               thread.o
    0x08008048   0x0000045c   Code   RO          873    .text               timer.o
    0x080084a4   0x000005d4   Code   RO          892    .text               cpuport.o
    0x08008a78   0x000000ec   Code   RO          908    .text               context_rvds.o
    0x08008b64   0x00000c00   Code   RO          946    .text               serial.o
    0x08009764   0x000001c8   Code   RO          959    .text               completion.o
    0x0800992c   0x00000424   Code   RO          975    .text               dataqueue.o
    0x08009d50   0x000010e0   Code   RO         1073    .text               can.o
    0x0800ae30   0x000009ac   Code   RO         1095    .text               shell.o
    0x0800b7dc   0x00000d8c   Code   RO         1127    .text               cmd.o
    0x0800c568   0x00001818   Code   RO         1151    .text               finsh_compiler.o
    0x0800dd80   0x0000002c   Code   RO         1188    .text               finsh_error.o
    0x0800ddac   0x00000210   Code   RO         1204    .text               finsh_heap.o
    0x0800dfbc   0x00000058   Code   RO         1220    .text               finsh_init.o
    0x0800e014   0x00000184   Code   RO         1238    .text               finsh_node.o
    0x0800e198   0x00000ad8   Code   RO         1253    .text               finsh_ops.o
    0x0800ec70   0x0000097c   Code   RO         1271    .text               finsh_parser.o
    0x0800f5ec   0x0000019c   Code   RO         1286    .text               finsh_var.o
    0x0800f788   0x000000e4   Code   RO         1309    .text               finsh_vm.o
    0x0800f86c   0x00000680   Code   RO         1336    .text               finsh_token.o
    0x0800feec   0x00000060   Code   RO         1351    .text               components.o
    0x0800ff4c   0x00000090   Code   RO         1369    .text               led.o
    0x0800ffdc   0x00000088   Code   RO         1397    .text               delay.o
    0x08010064   0x000000c4   Code   RO         1412    .text               sys.o
    0x08010128   0x0000005c   Code   RO         1424    .text               crc.o
    0x08010184   0x0000045c   Code   RO         1442    .text               mcu_exit.o
    0x080105e0   0x00000100   Code   RO         1460    .text               mcu_gpio.o
    0x080106e0   0x00000318   Code   RO         1478    .text               mcu_rtc.o
    0x080109f8   0x000004de   Code   RO         1497    .text               mcu_softi2c.o
    0x08010ed6   0x00000002   PAD
    0x08010ed8   0x00000280   Code   RO         1534    .text               mcu_spi.o
    0x08011158   0x00000198   Code   RO         1572    .text               mcp3421.o
    0x080112f0   0x00000098   Code   RO         1594    .text               74hc165.o
    0x08011388   0x00000070   Code   RO         1612    .text               74hc595.o
    0x080113f8   0x000003f4   Code   RO         1630    .text               w25qxx.o
    0x080117ec   0x0000034c   Code   RO         1653    .text               isl29125.o
    0x08011b38   0x000001b4   Code   RO         1671    .text               ds18b20.o
    0x08011cec   0x0000049c   Code   RO         1686    .text               l6480.o
    0x08012188   0x00000de0   Code   RO         1719    .text               calendar.o
    0x08012f68   0x00000174   Code   RO         1737    .text               finsh_adc_1.o
    0x080130dc   0x00000270   Code   RO         1759    .text               finsh_eeprom.o
    0x0801334c   0x000000dc   Code   RO         1784    .text               finsh_flash_1.o
    0x08013428   0x000003b4   Code   RO         1805    .text               finsh_l6480_1.o
    0x080137dc   0x00000588   Code   RO         1826    .text               finsh_logic.o
    0x08013d64   0x000000f4   Code   RO         1854    .text               finsh_rgb_sensor_1.o
    0x08013e58   0x00000230   Code   RO         1872    .text               finsh_rtc_1.o
    0x08014088   0x00000064   Code   RO         1896    .text               finsh_test.o
    0x080140ec   0x0000003c   Code   RO         1913    .text               finsh_temp_sensor.o
    0x08014128   0x000002bc   Code   RO         1976    .text               at24cxx.o
    0x080143e4   0x00000024   Code   RO         2008    .text               mc_w.l(memcpya.o)
    0x08014408   0x00000024   Code   RO         2010    .text               mc_w.l(memseta.o)
    0x0801442c   0x00000018   Code   RO         2012    .text               mc_w.l(strncpy.o)
    0x08014444   0x0000000e   Code   RO         2014    .text               mc_w.l(strlen.o)
    0x08014452   0x0000001c   Code   RO         2016    .text               mc_w.l(strcmp.o)
    0x0801446e   0x0000001e   Code   RO         2018    .text               mc_w.l(strncmp.o)
    0x0801448c   0x0000001a   Code   RO         2283    .text               mc_w.l(atoi.o)
    0x080144a6   0x00000064   Code   RO         2285    .text               mf_w.l(fmul.o)
    0x0801450a   0x0000014e   Code   RO         2287    .text               mf_w.l(dadd.o)
    0x08014658   0x000000e4   Code   RO         2289    .text               mf_w.l(dmul.o)
    0x0801473c   0x000000de   Code   RO         2291    .text               mf_w.l(ddiv.o)
    0x0801481a   0x0000000a   Code   RO         2293    .text               mf_w.l(ffltui.o)
    0x08014824   0x00000022   Code   RO         2295    .text               mf_w.l(dflti.o)
    0x08014846   0x0000001a   Code   RO         2297    .text               mf_w.l(dfltui.o)
    0x08014860   0x00000026   Code   RO         2301    .text               mf_w.l(f2d.o)
    0x08014886   0x00000038   Code   RO         2303    .text               mf_w.l(d2f.o)
    0x080148be   0x0000002c   Code   RO         2349    .text               mc_w.l(uidiv.o)
    0x080148ea   0x00000062   Code   RO         2351    .text               mc_w.l(uldiv.o)
    0x0801494c   0x0000001e   Code   RO         2353    .text               mc_w.l(llshl.o)
    0x0801496a   0x00000020   Code   RO         2355    .text               mc_w.l(llushr.o)
    0x0801498a   0x00000024   Code   RO         2357    .text               mc_w.l(llsshr.o)
    0x080149ae   0x00000070   Code   RO         2366    .text               mc_w.l(strtol.o)
    0x08014a1e   0x00000000   Code   RO         2368    .text               mc_w.l(iusefp.o)
    0x08014a1e   0x0000006e   Code   RO         2369    .text               mf_w.l(fepilogue.o)
    0x08014a8c   0x000000ba   Code   RO         2371    .text               mf_w.l(depilogue.o)
    0x08014b46   0x00000030   Code   RO         2375    .text               mf_w.l(dfixul.o)
    0x08014b76   0x00000002   PAD
    0x08014b78   0x00000030   Code   RO         2377    .text               mf_w.l(cdrcmple.o)
    0x08014ba8   0x00000024   Code   RO         2379    .text               mc_w.l(init.o)
    0x08014bcc   0x00000008   Code   RO         2382    .text               mc_w.l(ctype_o.o)
    0x08014bd4   0x0000009e   Code   RO         2410    .text               mc_w.l(_strtoul.o)
    0x08014c72   0x0000001c   Code   RO         2417    .text               mc_w.l(_chval.o)
    0x08014c8e   0x00000056   Code   RO         2427    .text               mc_w.l(__dczerorl2.o)
    0x08014ce4   0x00000028   Code   RO         2257    i.__0sprintf        mc_w.l(printfa.o)
    0x08014d0c   0x00000008   Code   RO         2359    i.__aeabi_errno_addr  mc_w.l(errno.o)
    0x08014d14   0x0000000e   Code   RO         2421    i.__scatterload_copy  mc_w.l(handlers.o)
    0x08014d22   0x00000002   Code   RO         2422    i.__scatterload_null  mc_w.l(handlers.o)
    0x08014d24   0x0000000e   Code   RO         2423    i.__scatterload_zeroinit  mc_w.l(handlers.o)
    0x08014d32   0x00000002   PAD
    0x08014d34   0x00000184   Code   RO         2262    i._fp_digits        mc_w.l(printfa.o)
    0x08014eb8   0x000006dc   Code   RO         2263    i._printf_core      mc_w.l(printfa.o)
    0x08015594   0x00000024   Code   RO         2264    i._printf_post_padding  mc_w.l(printfa.o)
    0x080155b8   0x0000002e   Code   RO         2265    i._printf_pre_padding  mc_w.l(printfa.o)
    0x080155e6   0x0000000a   Code   RO         2267    i._sputc            mc_w.l(printfa.o)
    0x080155f0   0x0000005c   Data   RO          202    .constdata          usart.o
    0x0801564c   0x000000a8   Data   RO          691    .constdata          device.o
    0x080156f4   0x00000016   Data   RO          706    .constdata          idle.o
    0x0801570a   0x000001d7   Data   RO          725    .constdata          ipc.o
    0x080158e1   0x00000122   Data   RO          758    .constdata          kservice.o
    0x08015a03   0x00000046   Data   RO          778    .constdata          mem.o
    0x08015a49   0x0000005e   Data   RO          815    .constdata          object.o
    0x08015aa7   0x0000004e   Data   RO          835    .constdata          scheduler.o
    0x08015af5   0x000000aa   Data   RO          855    .constdata          thread.o
    0x08015b9f   0x0000005c   Data   RO          874    .constdata          timer.o
    0x08015bfb   0x00000013   Data   RO          893    .constdata          cpuport.o
    0x08015c0e   0x00000124   Data   RO          947    .constdata          serial.o
    0x08015d32   0x00000039   Data   RO          960    .constdata          completion.o
    0x08015d6b   0x0000004b   Data   RO          976    .constdata          dataqueue.o
    0x08015db6   0x00000097   Data   RO         1074    .constdata          can.o
    0x08015e4d   0x00000060   Data   RO         1097    .constdata          shell.o
    0x08015ead   0x00000003   PAD
    0x08015eb0   0x00000050   Data   RO         1128    .constdata          cmd.o
    0x08015f00   0x000000c4   Data   RO         1254    .constdata          finsh_ops.o
    0x08015fc4   0x00000040   Data   RO         1337    .constdata          finsh_token.o
    0x08016004   0x00000300   Data   RO         1425    .constdata          crc.o
    0x08016304   0x000000a0   Data   RO         1977    .constdata          at24cxx.o
    0x080163a4   0x00000081   Data   RO         2383    .constdata          mc_w.l(ctype_o.o)
    0x08016425   0x00000003   PAD
    0x08016428   0x00000004   Data   RO         2384    .constdata          mc_w.l(ctype_o.o)
    0x0801642c   0x0000004d   Data   RO          260    .conststring        misc.o
    0x08016479   0x00000003   PAD
    0x0801647c   0x00000056   Data   RO          361    .conststring        stm32f10x_bkp.o
    0x080164d2   0x00000002   PAD
    0x080164d4   0x00000056   Data   RO          447    .conststring        stm32f10x_dma.o
    0x0801652a   0x00000002   PAD
    0x0801652c   0x00000057   Data   RO          463    .conststring        stm32f10x_exti.o
    0x08016583   0x00000001   PAD
    0x08016584   0x00000057   Data   RO          511    .conststring        stm32f10x_gpio.o
    0x080165db   0x00000001   PAD
    0x080165dc   0x00000056   Data   RO          556    .conststring        stm32f10x_pwr.o
    0x08016632   0x00000002   PAD
    0x08016634   0x00000056   Data   RO          569    .conststring        stm32f10x_rcc.o
    0x0801668a   0x00000002   PAD
    0x0801668c   0x00000056   Data   RO          587    .conststring        stm32f10x_rtc.o
    0x080166e2   0x00000002   PAD
    0x080166e4   0x00000056   Data   RO          616    .conststring        stm32f10x_spi.o
    0x0801673a   0x00000002   PAD
    0x0801673c   0x00000058   Data   RO          648    .conststring        stm32f10x_usart.o
    0x08016794   0x000000ed   Data   RO          779    .conststring        mem.o
    0x08016881   0x00000003   PAD
    0x08016884   0x000001d6   Data   RO         1075    .conststring        can.o
    0x08016a5a   0x00000002   PAD
    0x08016a5c   0x0000015d   Data   RO         1129    .conststring        cmd.o
    0x08016bb9   0x00000003   PAD
    0x08016bbc   0x000000f3   Data   RO         1189    .conststring        finsh_error.o
    0x08016caf   0x00000001   PAD
    0x08016cb0   0x0000003e   Data   RO         1338    .conststring        finsh_token.o
    0x08016cee   0x00000027   Data   RO          781    .rodata.name        mem.o
    0x08016d15   0x00000026   Data   RO         1077    .rodata.name        can.o
    0x08016d3b   0x000001b3   Data   RO         1131    .rodata.name        cmd.o
    0x08016eee   0x00000021   Data   RO         1371    .rodata.name        led.o
    0x08016f0f   0x0000001f   Data   RO         1740    .rodata.name        finsh_adc_1.o
    0x08016f2e   0x00000052   Data   RO         1761    .rodata.name        finsh_eeprom.o
    0x08016f80   0x00000050   Data   RO         1786    .rodata.name        finsh_flash_1.o
    0x08016fd0   0x0000002f   Data   RO         1808    .rodata.name        finsh_l6480_1.o
    0x08016fff   0x000000b2   Data   RO         1829    .rodata.name        finsh_logic.o
    0x080170b1   0x00000022   Data   RO         1857    .rodata.name        finsh_rgb_sensor_1.o
    0x080170d3   0x00000027   Data   RO         1874    .rodata.name        finsh_rtc_1.o
    0x080170fa   0x0000000d   Data   RO         1898    .rodata.name        finsh_test.o
    0x08017107   0x0000000b   Data   RO         1914    .rodata.name        finsh_temp_sensor.o
    0x08017112   0x00000002   PAD
    0x08017114   0x00000004   Data   RO         1352    .rti_fn.0           components.o
    0x08017118   0x00000004   Data   RO         1353    .rti_fn.0.end       components.o
    0x0801711c   0x00000004   Data   RO         1354    .rti_fn.1.end       components.o
    0x08017120   0x00000004   Data   RO         1099    .rti_fn.3           shell.o
    0x08017124   0x00000004   Data   RO         1355    .rti_fn.6.end       components.o
    0x08017128   0x0000000c   Data   RO          782    FSymTab             mem.o
    0x08017134   0x0000000c   Data   RO         1078    FSymTab             can.o
    0x08017140   0x00000090   Data   RO         1132    FSymTab             cmd.o
    0x080171d0   0x0000000c   Data   RO         1372    FSymTab             led.o
    0x080171dc   0x0000000c   Data   RO         1741    FSymTab             finsh_adc_1.o
    0x080171e8   0x00000024   Data   RO         1762    FSymTab             finsh_eeprom.o
    0x0801720c   0x00000018   Data   RO         1787    FSymTab             finsh_flash_1.o
    0x08017224   0x00000054   Data   RO         1809    FSymTab             finsh_l6480_1.o
    0x08017278   0x00000030   Data   RO         1830    FSymTab             finsh_logic.o
    0x080172a8   0x00000018   Data   RO         1858    FSymTab             finsh_rgb_sensor_1.o
    0x080172c0   0x00000024   Data   RO         1875    FSymTab             finsh_rtc_1.o
    0x080172e4   0x0000000c   Data   RO         1899    FSymTab             finsh_test.o
    0x080172f0   0x0000000c   Data   RO         1915    FSymTab             finsh_temp_sensor.o
    0x080172fc   0x00000020   Data   RO         2419    Region$$Table       anon$$obj.o
    0x0801731c   0x00000010   Data   RO         1133    VSymTab             cmd.o


    Execution Region RW_IRAM1 (Base: 0x20000000, Size: 0x00002ea8, Max: 0x00010000, ABSOLUTE, COMPRESSED[0x00000394])

    Base Addr    Size         Type   Attr      Idx    E Section Name        Object

    0x20000000   0x00000018   Data   RW          203    .data               usart.o
    0x20000018   0x00000014   Data   RW          234    .data               system_stm32f10x.o
    0x2000002c   0x00000014   Data   RW          570    .data               stm32f10x_rcc.o
    0x20000040   0x00000004   Data   RW          677    .data               clock.o
    0x20000044   0x00000004   Data   RW          707    .data               idle.o
    0x20000048   0x00000009   Data   RW          742    .data               irq.o
    0x20000051   0x00000003   PAD
    0x20000054   0x0000000c   Data   RW          759    .data               kservice.o
    0x20000060   0x00000020   Data   RW          780    .data               mem.o
    0x20000080   0x000000a4   Data   RW          816    .data               object.o
    0x20000124   0x0000001c   Data   RW          836    .data               scheduler.o
    0x20000140   0x0000000c   Data   RW          856    .data               thread.o
    0x2000014c   0x00000010   Data   RW          875    .data               timer.o
    0x2000015c   0x00000010   Data   RW          894    .data               cpuport.o
    0x2000016c   0x00000010   Data   RW         1076    .data               can.o
    0x2000017c   0x00000004   Data   RW         1098    .data               shell.o
    0x20000180   0x00000010   Data   RW         1114    .data               symbol.o
    0x20000190   0x00000004   Data   RW         1130    .data               cmd.o
    0x20000194   0x00000008   Data   RW         1152    .data               finsh_compiler.o
    0x2000019c   0x00000040   Data   RW         1190    .data               finsh_error.o
    0x200001dc   0x00000008   Data   RW         1206    .data               finsh_heap.o
    0x200001e4   0x00000004   Data   RW         1288    .data               finsh_var.o
    0x200001e8   0x0000000c   Data   RW         1311    .data               finsh_vm.o
    0x200001f4   0x00000001   Data   RW         1370    .data               led.o
    0x200001f5   0x00000003   PAD
    0x200001f8   0x00000050   Data   RW         1443    .data               mcu_exit.o
    0x20000248   0x00000380   Data   RW         1461    .data               mcu_gpio.o
    0x200005c8   0x0000000c   Data   RW         1479    .data               mcu_rtc.o
    0x200005d4   0x0000000c   Data   RW         1498    .data               mcu_softi2c.o
    0x200005e0   0x00000008   Data   RW         1535    .data               mcu_spi.o
    0x200005e8   0x00000005   Data   RW         1573    .data               mcp3421.o
    0x200005ed   0x00000003   PAD
    0x200005f0   0x0000001c   Data   RW         1595    .data               74hc165.o
    0x2000060c   0x0000001c   Data   RW         1613    .data               74hc595.o
    0x20000628   0x00000028   Data   RW         1632    .data               w25qxx.o
    0x20000650   0x0000000d   Data   RW         1739    .data               finsh_adc_1.o
    0x2000065d   0x00000003   PAD
    0x20000660   0x00000028   Data   RW         1760    .data               finsh_eeprom.o
    0x20000688   0x00000011   Data   RW         1785    .data               finsh_flash_1.o
    0x20000699   0x00000003   PAD
    0x2000069c   0x00000020   Data   RW         1807    .data               finsh_l6480_1.o
    0x200006bc   0x00000003   Data   RW         1828    .data               finsh_logic.o
    0x200006bf   0x00000001   PAD
    0x200006c0   0x0000001b   Data   RW         1856    .data               finsh_rgb_sensor_1.o
    0x200006db   0x00000001   PAD
    0x200006dc   0x00000028   Data   RW         1873    .data               finsh_rtc_1.o
    0x20000704   0x00000010   Data   RW         1897    .data               finsh_test.o
    0x20000714   0x00000014   Data   RW         1978    .data               at24cxx.o
    0x20000728   0x00000004   Data   RW         2362    .data               mc_w.l(errno.o)
    0x2000072c   0x00000280   Zero   RW            2    .bss                application.o
    0x200009ac   0x00000054   Zero   RW          201    .bss                usart.o
    0x20000a00   0x00000180   Zero   RW          705    .bss                idle.o
    0x20000b80   0x00000080   Zero   RW          757    .bss                kservice.o
    0x20000c00   0x00000020   Zero   RW          777    .bss                mem.o
    0x20000c20   0x00000100   Zero   RW          834    .bss                scheduler.o
    0x20000d20   0x00000880   Zero   RW         1096    .bss                shell.o
    0x200015a0   0x00000080   Zero   RW         1205    .bss                finsh_heap.o
    0x20001620   0x00000140   Zero   RW         1239    .bss                finsh_node.o
    0x20001760   0x000000c0   Zero   RW         1287    .bss                finsh_var.o
    0x20001820   0x00000180   Zero   RW         1310    .bss                finsh_vm.o
    0x200019a0   0x00001000   Zero   RW         1631    .bss                w25qxx.o
    0x200029a0   0x00000035   Zero   RW         1720    .bss                calendar.o
    0x200029d5   0x00000001   PAD
    0x200029d6   0x00000014   Zero   RW         1738    .bss                finsh_adc_1.o
    0x200029ea   0x00000002   PAD
    0x200029ec   0x0000009c   Zero   RW         1806    .bss                finsh_l6480_1.o
    0x20002a88   0x00000010   Zero   RW         1827    .bss                finsh_logic.o
    0x20002a98   0x0000000c   Zero   RW         1855    .bss                finsh_rgb_sensor_1.o
    0x20002aa4   0x00000004   PAD
    0x20002aa8   0x00000400   Zero   RW          251    STACK               startup_stm32f10x_hd.o


==============================================================================

Image component sizes


      Code (inc. data)   RO Data    RW Data    ZI Data      Debug   Object Name

       152          6          0         28          0       1936   74hc165.o
       112          6          0         28          0       2050   74hc595.o
       148         26          0          0        640     260526   application.o
       700          8        160         20          0       5347   at24cxx.o
       152         22          0          0          0      16081   board.o
      3552         52          0          0         53       8761   calendar.o
      4320        528        671         16          0      10634   can.o
       100          6          0          4          0       1420   clock.o
      3468       1302       1024          4          0      11747   cmd.o
       456        124         57          0          0       3119   completion.o
        96         34         16          0          0       1788   components.o
       236         24          0          0          0        756   context_rvds.o
      1492        718         19         16          0       3859   cpuport.o
        92         14        768          0          0       1592   crc.o
      1060        114         75          0          0       6177   dataqueue.o
       136          8          0          0          0        971   delay.o
       804        132        168          0          0       4853   device.o
       436          4          0          0          0       2392   ds18b20.o
       372         46         43         13         20       2375   finsh_adc_1.o
      6168        154          0          8          0      10910   finsh_compiler.o
       624         90        118         40          0       5352   finsh_eeprom.o
        44         10        243         64          0       1629   finsh_error.o
       220         26        104         17          0       2042   finsh_flash_1.o
       528         18          0          8        128       3407   finsh_heap.o
        88          6          0          0          0       1584   finsh_init.o
       948         70        131         32        156      13010   finsh_l6480_1.o
      1416        184        226          3         16       3418   finsh_logic.o
       388          4          0          0        320       3328   finsh_node.o
      2776         36        196          0          0       8692   finsh_ops.o
      2428         32          0          0          0       9749   finsh_parser.o
       244        132         58         27         12       2011   finsh_rgb_sensor_1.o
       560        242         75         40          0       3378   finsh_rtc_1.o
        60         22         23          0          0       1319   finsh_temp_sensor.o
       100         32         25         16          0       1393   finsh_test.o
      1664         16        126          0          0       6228   finsh_token.o
       412         18          0          4        192       7409   finsh_var.o
       228         34          0         12        384       7026   finsh_vm.o
       312         74         22          4        384       3333   idle.o
      5716        422        471          0          0      20275   ipc.o
       124         14          0          9          0       1804   irq.o
       844         20          0          0          0       5631   isl29125.o
      2756        242        290         12        128      12196   kservice.o
      1180         74          0          0          0      19145   l6480.o
       144         14         45          1          0       6441   led.o
       408         28          0          5          0       4192   mcp3421.o
      1116        106          0         80          0       4348   mcu_exit.o
       256          8          0        896          0       5317   mcu_gpio.o
       792         30          0         12          0       4319   mcu_rtc.o
      1246          0          0         12          0       4555   mcu_softi2c.o
       640         40          0          8          0       4333   mcu_spi.o
      2164        560        358         32         32       5359   mem.o
       440         28         77          0          0      12937   misc.o
       732        150         94        164          0       5920   object.o
       744        150         78         28        256       4897   scheduler.o
      3072        434        292          0          0       9301   serial.o
      2476        250        100          4       2176       5143   shell.o
       176         88          0          0          0       1231   startup.o
        36          8        304          0       1024        880   startup_stm32f10x_hd.o
       668         14         86          0          0       4200   stm32f10x_bkp.o
      2296        118         86          0          0      15826   stm32f10x_dma.o
       684         14         87          0          0       5223   stm32f10x_exti.o
      2600        162         87          0          0      16085   stm32f10x_gpio.o
        18          0          0          0          0        905   stm32f10x_it.o
       396         16         86          0          0       2299   stm32f10x_pwr.o
      2036         68         86         20          0      19488   stm32f10x_rcc.o
       504          8         86          0          0       3074   stm32f10x_rtc.o
      2332         54         86          0          0      15462   stm32f10x_spi.o
      3380        102         88          0          0      17120   stm32f10x_usart.o
         0          0          0         16          0       4325   symbol.o
       196          0          0          0          0       1742   sys.o
       488         46          0         20          0       1951   system_stm32f10x.o
      1540        222        170         12          0       8673   thread.o
      1116        100         92         16          0       7039   timer.o
      1168        108         92         24         84      28997   usart.o
      1012         12          0         40       4096       7835   w25qxx.o

    ----------------------------------------------------------------------
     82592       8084       7652       1832      10108     740070   Object Totals
         0          0         32          0          0          0   (incl. Generated)
         4          0         31         17          7          0   (incl. Padding)

    ----------------------------------------------------------------------

      Code (inc. data)   RO Data    RW Data    ZI Data      Debug   Library Member Name

        86          0          0          0          0          0   __dczerorl2.o
        28          0          0          0          0         68   _chval.o
       158          0          0          0          0         92   _strtoul.o
        26          0          0          0          0         80   atoi.o
         8          4        133          0          0         68   ctype_o.o
         0          0          0          0          0          0   entry.o
         0          0          0          0          0          0   entry10a.o
         0          0          0          0          0          0   entry11a.o
         8          4          0          0          0          0   entry2.o
         4          0          0          0          0          0   entry5.o
         0          0          0          0          0          0   entry7b.o
         0          0          0          0          0          0   entry8b.o
         8          4          0          0          0          0   entry9a.o
         8          4          0          4          0         68   errno.o
        30          0          0          0          0          0   handlers.o
        36          8          0          0          0         68   init.o
         0          0          0          0          0          0   iusefp.o
        30          0          0          0          0         68   llshl.o
        36          0          0          0          0         68   llsshr.o
        32          0          0          0          0         68   llushr.o
        36          0          0          0          0         68   memcpya.o
        36          0          0          0          0        108   memseta.o
      2276         86          0          0          0        520   printfa.o
        28          0          0          0          0         76   strcmp.o
        14          0          0          0          0         68   strlen.o
        30          0          0          0          0         80   strncmp.o
        24          0          0          0          0         76   strncpy.o
       112          0          0          0          0         88   strtol.o
        44          0          0          0          0         80   uidiv.o
        98          0          0          0          0         92   uldiv.o
        48          0          0          0          0         68   cdrcmple.o
        56          0          0          0          0         88   d2f.o
       334          0          0          0          0        148   dadd.o
       222          0          0          0          0        100   ddiv.o
       186          0          0          0          0        176   depilogue.o
        48          0          0          0          0         68   dfixul.o
        34          0          0          0          0         76   dflti.o
        26          0          0          0          0         76   dfltui.o
       228          0          0          0          0         96   dmul.o
        38          0          0          0          0         68   f2d.o
       110          0          0          0          0        168   fepilogue.o
        10          0          0          0          0         68   ffltui.o
       100          0          0          0          0         76   fmul.o

    ----------------------------------------------------------------------
      4640        110        136          4          0       3180   Library Totals
         4          0          3          0          0          0   (incl. Padding)

    ----------------------------------------------------------------------

      Code (inc. data)   RO Data    RW Data    ZI Data      Debug   Library Name

      3196        110        133          4          0       1904   mc_w.l
      1440          0          0          0          0       1276   mf_w.l

    ----------------------------------------------------------------------
      4640        110        136          4          0       3180   Library Totals

    ----------------------------------------------------------------------

==============================================================================


      Code (inc. data)   RO Data    RW Data    ZI Data      Debug   

     87232       8194       7788       1836      10108     735630   Grand Totals
     87232       8194       7788        916      10108     735630   ELF Image Totals (compressed)
     87232       8194       7788        916          0          0   ROM Totals

==============================================================================

    Total RO  Size (Code + RO Data)                95020 (  92.79kB)
    Total RW  Size (RW Data + ZI Data)             11944 (  11.66kB)
    Total ROM Size (Code + RO Data + RW Data)      95936 (  93.69kB)

==============================================================================

