<html>
<body>
<pre>
<h1>µVision Build Log</h1>
<h2>Tool Versions:</h2>
IDE-Version: ¦ÌVision V5.23.0.0
Copyright (C) 2017 ARM Ltd and ARM Germany GmbH. All rights reserved.
License Information: 1111 1111, 1111, LIC=LJWBS-LHPYS-66JQS-LCJE3-0UQXX-6F4US
 
Tool Versions:
Toolchain:       MDK-ARM Professional  Version: 5.23
Toolchain Path:  D:\Keil\MDK\ARM\ARMCC\Bin
C Compiler:      Armcc.exe V5.06 update 4 (build 422)
Assembler:       Armasm.exe V5.06 update 4 (build 422)
Linker/Locator:  ArmLink.exe V5.06 update 4 (build 422)
Library Manager: ArmAr.exe V5.06 update 4 (build 422)
Hex Converter:   FromElf.exe V5.06 update 4 (build 422)
CPU DLL:         SARMCM3.DLL V5.23
Dialog DLL:      DCM.DLL V1.15.0.0
Target DLL:      UL2CM3.DLL V1.159.7.0
Dialog DLL:      TCM.DLL V1.27.0.0
 
<h2>Project:</h2>
E:\MyCode\stm32f10x_std3.5_mdk\rt-thread\bsp\stm32f10x\project.uvprojx
Project File Date:  09/21/2017

<h2>Output:</h2>
*** Using Compiler 'V5.06 update 4 (build 422)', folder: 'D:\Keil\MDK\ARM\ARMCC\Bin'
Build target 'rtthread-stm32'
compiling at24cxx.c...
compiling finsh_eeprom.c...
..\..\myRTT\finsh_eeprom.c(114): warning:  #1-D: last line of file ends without a newline
  //
..\..\myRTT\finsh_eeprom.c(18): warning:  #177-D: function "at24lc04_reads"  was declared but never referenced
  static uint8_t at24lc04_reads(uint16_t address)
..\..\myRTT\finsh_eeprom.c(46): warning:  #177-D: function "at24lc04_writes"  was declared but never referenced
  static uint8_t at24lc04_writes(uint8_t address,char *data)
..\..\myRTT\finsh_eeprom.c: 3 warnings, 0 errors
linking...
Program Size: Code=87232 RO-data=7788 RW-data=1836 ZI-data=10108  
FromELF: creating hex file...
After Build - User command #1: fromelf --bin .\build\rtt_inc.axf --output rtthread.bin
".\build\rtt_inc.axf" - 0 Error(s), 3 Warning(s).

<h2>Collection of Component include folders:</h2>
  .\RTE\_rtthread-stm32
  D:\Keil\MDK\ARM\PACK\Keil\STM32F1xx_DFP\2.2.0\Device\Include

<h2>Collection of Component Files used:</h2>
Build Time Elapsed:  00:00:07
</pre>
</body>
</html>
