Component: ARM Compiler 5.06 update 4 (build 422) Tool: armlink [4d35d2]

==============================================================================

Section Cross References

    application.o(.text) refers to led.o(.text) for rt_hw_led_init
    application.o(.text) refers to thread.o(.text) for rt_thread_delay
    application.o(.text) refers to components.o(.text) for rt_components_init
    application.o(.text) refers to application.o(.bss) for led_stack
    startup.o(.text) refers to kservice.o(.text) for rt_kprintf
    startup.o(.text) refers to board.o(.text) for rt_hw_board_init
    startup.o(.text) refers to mem.o(.text) for rt_system_heap_init
    startup.o(.text) refers to scheduler.o(.text) for rt_system_scheduler_init
    startup.o(.text) refers to timer.o(.text) for rt_system_timer_init
    startup.o(.text) refers to application.o(.text) for rt_application_init
    startup.o(.text) refers to idle.o(.text) for rt_thread_idle_init
    startup.o(.text) refers to context_rvds.o(.text) for rt_hw_interrupt_disable
    board.o(.text) refers to misc.o(.text) for NVIC_SetVectorTable
    board.o(.text) refers to irq.o(.text) for rt_interrupt_enter
    board.o(.text) refers to clock.o(.text) for rt_tick_increase
    board.o(.text) refers to usart.o(.text) for rt_hw_usart_init
    board.o(.text) refers to kservice.o(.text) for rt_console_set_device
    board.o(.text) refers to components.o(.text) for rt_components_board_init
    board.o(.text) refers to system_stm32f10x.o(.data) for SystemCoreClock
    usart.o(.text) refers to kservice.o(.text) for rt_assert_handler
    usart.o(.text) refers to stm32f10x_usart.o(.text) for USART_Init
    usart.o(.text) refers to stm32f10x_rcc.o(.text) for RCC_AHBPeriphClockCmd
    usart.o(.text) refers to stm32f10x_dma.o(.text) for DMA_DeInit
    usart.o(.text) refers to misc.o(.text) for NVIC_Init
    usart.o(.text) refers to serial.o(.text) for rt_hw_serial_isr
    usart.o(.text) refers to irq.o(.text) for rt_interrupt_enter
    usart.o(.text) refers to stm32f10x_gpio.o(.text) for GPIO_Init
    usart.o(.text) refers to usart.o(.constdata) for __FUNCTION__
    usart.o(.text) refers to usart.o(.bss) for serial1
    usart.o(.text) refers to usart.o(.data) for uart1
    usart.o(.constdata) refers to usart.o(.text) for stm32_configure
    system_stm32f10x.o(.text) refers to system_stm32f10x.o(.data) for SystemCoreClock
    stm32f10x_rcc.o(.text) refers to startup.o(.text) for assert_failed
    stm32f10x_rcc.o(.text) refers to stm32f10x_rcc.o(.data) for APBAHBPrescTable
    stm32f10x_wwdg.o(.text) refers to stm32f10x_rcc.o(.text) for RCC_APB1PeriphResetCmd
    stm32f10x_wwdg.o(.text) refers to startup.o(.text) for assert_failed
    stm32f10x_pwr.o(.text) refers to stm32f10x_rcc.o(.text) for RCC_APB1PeriphResetCmd
    stm32f10x_pwr.o(.text) refers to startup.o(.text) for assert_failed
    stm32f10x_exti.o(.text) refers to startup.o(.text) for assert_failed
    stm32f10x_bkp.o(.text) refers to stm32f10x_rcc.o(.text) for RCC_BackupResetCmd
    stm32f10x_bkp.o(.text) refers to startup.o(.text) for assert_failed
    stm32f10x_i2c.o(.text) refers to startup.o(.text) for assert_failed
    stm32f10x_i2c.o(.text) refers to stm32f10x_rcc.o(.text) for RCC_APB1PeriphResetCmd
    stm32f10x_adc.o(.text) refers to startup.o(.text) for assert_failed
    stm32f10x_adc.o(.text) refers to stm32f10x_rcc.o(.text) for RCC_APB2PeriphResetCmd
    stm32f10x_dac.o(.text) refers to stm32f10x_rcc.o(.text) for RCC_APB1PeriphResetCmd
    stm32f10x_dac.o(.text) refers to startup.o(.text) for assert_failed
    stm32f10x_rtc.o(.text) refers to startup.o(.text) for assert_failed
    stm32f10x_fsmc.o(.text) refers to startup.o(.text) for assert_failed
    stm32f10x_tim.o(.text) refers to startup.o(.text) for assert_failed
    stm32f10x_tim.o(.text) refers to stm32f10x_rcc.o(.text) for RCC_APB2PeriphResetCmd
    stm32f10x_iwdg.o(.text) refers to startup.o(.text) for assert_failed
    stm32f10x_spi.o(.text) refers to startup.o(.text) for assert_failed
    stm32f10x_spi.o(.text) refers to stm32f10x_rcc.o(.text) for RCC_APB2PeriphResetCmd
    stm32f10x_flash.o(.text) refers to startup.o(.text) for assert_failed
    stm32f10x_sdio.o(.text) refers to startup.o(.text) for assert_failed
    stm32f10x_gpio.o(.text) refers to startup.o(.text) for assert_failed
    stm32f10x_gpio.o(.text) refers to stm32f10x_rcc.o(.text) for RCC_APB2PeriphResetCmd
    stm32f10x_usart.o(.text) refers to startup.o(.text) for assert_failed
    stm32f10x_usart.o(.text) refers to stm32f10x_rcc.o(.text) for RCC_APB2PeriphResetCmd
    stm32f10x_dbgmcu.o(.text) refers to startup.o(.text) for assert_failed
    stm32f10x_dma.o(.text) refers to startup.o(.text) for assert_failed
    stm32f10x_can.o(.text) refers to startup.o(.text) for assert_failed
    stm32f10x_can.o(.text) refers to stm32f10x_rcc.o(.text) for RCC_APB1PeriphResetCmd
    stm32f10x_cec.o(.text) refers to stm32f10x_rcc.o(.text) for RCC_APB1PeriphResetCmd
[...]
    _printf_l                                0x00000000   Number         0  stubs.o ABSOLUTE
    _printf_lc                               0x00000000   Number         0  stubs.o ABSOLUTE
    _printf_ll                               0x00000000   Number         0  stubs.o ABSOLUTE
    _printf_lld                              0x00000000   Number         0  stubs.o ABSOLUTE
    _printf_lli                              0x00000000   Number         0  stubs.o ABSOLUTE
    _printf_llo                              0x00000000   Number         0  stubs.o ABSOLUTE
    _printf_llu                              0x00000000   Number         0  stubs.o ABSOLUTE
    _printf_llx                              0x00000000   Number         0  stubs.o ABSOLUTE
    _printf_longlong_dec                     0x00000000   Number         0  stubs.o ABSOLUTE
    _printf_longlong_hex                     0x00000000   Number         0  stubs.o ABSOLUTE
    _printf_longlong_oct                     0x00000000   Number         0  stubs.o ABSOLUTE
    _printf_ls                               0x00000000   Number         0  stubs.o ABSOLUTE
    _printf_mbtowc                           0x00000000   Number         0  stubs.o ABSOLUTE
    _printf_n                                0x00000000   Number         0  stubs.o ABSOLUTE
    _printf_o                                0x00000000   Number         0  stubs.o ABSOLUTE
    _printf_p                                0x00000000   Number         0  stubs.o ABSOLUTE
    _printf_percent                          0x00000000   Number         0  stubs.o ABSOLUTE
    _printf_pre_padding                      0x00000000   Number         0  stubs.o ABSOLUTE
    _printf_return_value                     0x00000000   Number         0  stubs.o ABSOLUTE
    _printf_s                                0x00000000   Number         0  stubs.o ABSOLUTE
    _printf_sizespec                         0x00000000   Number         0  stubs.o ABSOLUTE
    _printf_str                              0x00000000   Number         0  stubs.o ABSOLUTE
    _printf_truncate_signed                  0x00000000   Number         0  stubs.o ABSOLUTE
    _printf_truncate_unsigned                0x00000000   Number         0  stubs.o ABSOLUTE
    _printf_u                                0x00000000   Number         0  stubs.o ABSOLUTE
    _printf_wc                               0x00000000   Number         0  stubs.o ABSOLUTE
    _printf_wctomb                           0x00000000   Number         0  stubs.o ABSOLUTE
    _printf_widthprec                        0x00000000   Number         0  stubs.o ABSOLUTE
    _printf_x                                0x00000000   Number         0  stubs.o ABSOLUTE
    __cpp_initialize__aeabi_                  - Undefined Weak Reference
    __cxa_finalize                            - Undefined Weak Reference
    _clock_init                               - Undefined Weak Reference
    _microlib_exit                            - Undefined Weak Reference
    __Vectors_Size                           0x00000130   Number         0  startup_stm32f10x_hd.o ABSOLUTE
    __Vectors                                0x08000000   Data           4  startup_stm32f10x_hd.o(RESET)
    __Vectors_End                            0x08000130   Data           0  startup_stm32f10x_hd.o(RESET)
    __main                                   0x08000131   Thumb Code     0  entry.o(.ARM.Collect$$$$00000000)
    _main_stk                                0x08000131   Thumb Code     0  entry2.o(.ARM.Collect$$$$00000001)
    _main_scatterload                        0x08000135   Thumb Code     0  entry5.o(.ARM.Collect$$$$00000004)
    __main_after_scatterload                 0x08000139   Thumb Code     0  entry5.o(.ARM.Collect$$$$00000004)
    _main_clock                              0x08000139   Thumb Code     0  entry7b.o(.ARM.Collect$$$$00000008)
    _main_cpp_init                           0x08000139   Thumb Code     0  entry8b.o(.ARM.Collect$$$$0000000A)
    _main_init                               0x08000139   Thumb Code     0  entry9a.o(.ARM.Collect$$$$0000000B)
    __rt_final_cpp                           0x08000141   Thumb Code     0  entry10a.o(.ARM.Collect$$$$0000000D)
    __rt_final_exit                          0x08000141   Thumb Code     0  entry11a.o(.ARM.Collect$$$$0000000F)
    rt_init_thread_entry                     0x08000165   Thumb Code    10  application.o(.text)
    rt_application_init                      0x0800016f   Thumb Code    80  application.o(.text)
    assert_failed                            0x080001d9   Thumb Code    30  startup.o(.text)
    rtthread_startup                         0x080001f7   Thumb Code    44  startup.o(.text)
    main                                     0x08000223   Thumb Code    14  startup.o(.text)
    NVIC_Configuration                       0x08000289   Thumb Code    14  board.o(.text)
    SysTick_Handler                          0x08000297   Thumb Code    16  board.o(.text)
    rt_hw_board_init                         0x080002a7   Thumb Code    98  board.o(.text)
    NMI_Handler                              0x0800031d   Thumb Code     2  stm32f10x_it.o(.text)
    MemManage_Handler                        0x0800031f   Thumb Code     4  stm32f10x_it.o(.text)
    BusFault_Handler                         0x08000323   Thumb Code     4  stm32f10x_it.o(.text)
    UsageFault_Handler                       0x08000327   Thumb Code     4  stm32f10x_it.o(.text)
    SVC_Handler                              0x0800032b   Thumb Code     2  stm32f10x_it.o(.text)
    DebugMon_Handler                         0x0800032d   Thumb Code     2  stm32f10x_it.o(.text)
    USART1_IRQHandler                        0x08000687   Thumb Code    18  usart.o(.text)
    DMA1_Channel5_IRQHandler                 0x08000699   Thumb Code    18  usart.o(.text)
    rt_hw_usart_init                         0x08000769   Thumb Code    64  usart.o(.text)
    SystemInit                               0x0800089f   Thumb Code    78  system_stm32f10x.o(.text)
    SystemCoreClockUpdate                    0x080008ed   Thumb Code   142  system_stm32f10x.o(.text)
    RCC_DeInit                               0x080009a9   Thumb Code    64  stm32f10x_rcc.o(.text)
    RCC_HSEConfig                            0x080009e9   Thumb Code   100  stm32f10x_rcc.o(.text)
    RCC_GetFlagStatus                        0x08000a4d   Thumb Code   118  stm32f10x_rcc.o(.text)
    RCC_WaitForHSEStartUp                    0x08000ac3   Thumb Code    56  stm32f10x_rcc.o(.text)
    RCC_AdjustHSICalibrationValue            0x08000afb   Thumb Code    38  stm32f10x_rcc.o(.text)
    RCC_HSICmd                               0x08000b21   Thumb Code    28  stm32f10x_rcc.o(.text)
    RCC_PLLConfig                            0x08000b3d   Thumb Code   152  stm32f10x_rcc.o(.text)
    RCC_PLLCmd                               0x08000bd5   Thumb Code    28  stm32f10x_rcc.o(.text)
    RCC_SYSCLKConfig                         0x08000bf1   Thumb Code    42  stm32f10x_rcc.o(.text)
    RCC_GetSYSCLKSource                      0x08000c1b   Thumb Code    10  stm32f10x_rcc.o(.text)
    RCC_HCLKConfig                           0x08000c25   Thumb Code    66  stm32f10x_rcc.o(.text)
    RCC_PCLK1Config                          0x08000c67   Thumb Code    58  stm32f10x_rcc.o(.text)
    RCC_PCLK2Config                          0x08000ca1   Thumb Code    60  stm32f10x_rcc.o(.text)
    RCC_ITConfig                             0x08000cdd   Thumb Code    70  stm32f10x_rcc.o(.text)
    RCC_USBCLKConfig                         0x08000d23   Thumb Code    30  stm32f10x_rcc.o(.text)
    RCC_ADCCLKConfig                         0x08000d41   Thumb Code    52  stm32f10x_rcc.o(.text)
    RCC_LSEConfig                            0x08000d75   Thumb Code   150  stm32f10x_rcc.o(.text)
    RCC_LSICmd                               0x08000e0b   Thumb Code    30  stm32f10x_rcc.o(.text)
    RCC_RTCCLKConfig                         0x08000e29   Thumb Code    52  stm32f10x_rcc.o(.text)
    RCC_RTCCLKCmd                            0x08000e5d   Thumb Code    32  stm32f10x_rcc.o(.text)
    RCC_GetClocksFreq                        0x08000e7d   Thumb Code   208  stm32f10x_rcc.o(.text)
    RCC_AHBPeriphClockCmd                    0x08000f4d   Thumb Code    86  stm32f10x_rcc.o(.text)
    RCC_APB2PeriphClockCmd                   0x08000fa3   Thumb Code    82  stm32f10x_rcc.o(.text)
    RCC_APB1PeriphClockCmd                   0x08000ff5   Thumb Code    82  stm32f10x_rcc.o(.text)
    RCC_APB2PeriphResetCmd                   0x08001047   Thumb Code    82  stm32f10x_rcc.o(.text)
    RCC_APB1PeriphResetCmd                   0x08001099   Thumb Code    82  stm32f10x_rcc.o(.text)
    RCC_BackupResetCmd                       0x080010eb   Thumb Code    32  stm32f10x_rcc.o(.text)
    RCC_ClockSecuritySystemCmd               0x0800110b   Thumb Code    30  stm32f10x_rcc.o(.text)
    RCC_MCOConfig                            0x08001129   Thumb Code    44  stm32f10x_rcc.o(.text)
    RCC_ClearFlag                            0x08001155   Thumb Code    18  stm32f10x_rcc.o(.text)
    RCC_GetITStatus                          0x08001167   Thumb Code    64  stm32f10x_rcc.o(.text)
    RCC_ClearITPendingBit                    0x080011a7   Thumb Code    34  stm32f10x_rcc.o(.text)
    GPIO_DeInit                              0x080011f5   Thumb Code   224  stm32f10x_gpio.o(.text)
    GPIO_AFIODeInit                          0x080012d5   Thumb Code    20  stm32f10x_gpio.o(.text)
    GPIO_Init                                0x080012e9   Thumb Code   378  stm32f10x_gpio.o(.text)
    GPIO_StructInit                          0x08001463   Thumb Code    16  stm32f10x_gpio.o(.text)
    GPIO_ReadInputDataBit                    0x08001473   Thumb Code   170  stm32f10x_gpio.o(.text)
    GPIO_ReadInputData                       0x0800151d   Thumb Code    64  stm32f10x_gpio.o(.text)
    GPIO_ReadOutputDataBit                   0x0800155d   Thumb Code   260  stm32f10x_gpio.o(.text)
    GPIO_ReadOutputData                      0x08001661   Thumb Code    66  stm32f10x_gpio.o(.text)
    GPIO_SetBits                             0x080016a3   Thumb Code    86  stm32f10x_gpio.o(.text)
    GPIO_ResetBits                           0x080016f9   Thumb Code    86  stm32f10x_gpio.o(.text)
    GPIO_WriteBit                            0x0800174f   Thumb Code   188  stm32f10x_gpio.o(.text)
    GPIO_Write                               0x0800180b   Thumb Code    66  stm32f10x_gpio.o(.text)
    GPIO_PinLockConfig                       0x0800184d   Thumb Code   100  stm32f10x_gpio.o(.text)
    GPIO_EventOutputConfig                   0x080018b1   Thumb Code   138  stm32f10x_gpio.o(.text)
    GPIO_EventOutputCmd                      0x0800193b   Thumb Code    30  stm32f10x_gpio.o(.text)
    GPIO_PinRemapConfig                      0x08001959   Thumb Code   552  stm32f10x_gpio.o(.text)
    GPIO_EXTILineConfig                      0x08001b81   Thumb Code   186  stm32f10x_gpio.o(.text)
    GPIO_ETH_MediaInterfaceConfig            0x08001c3b   Thumb Code    30  stm32f10x_gpio.o(.text)
    USART_DeInit                             0x08001c75   Thumb Code   174  stm32f10x_usart.o(.text)
    USART_Init                               0x08001d23   Thumb Code   450  stm32f10x_usart.o(.text)
    USART_StructInit                         0x08001ee5   Thumb Code    24  stm32f10x_usart.o(.text)
    USART_ClockInit                          0x08001efd   Thumb Code   162  stm32f10x_usart.o(.text)
    USART_ClockStructInit                    0x08001f9f   Thumb Code    12  stm32f10x_usart.o(.text)
    USART_Cmd                                0x08001fab   Thumb Code    90  stm32f10x_usart.o(.text)
    USART_ITConfig                           0x08002005   Thumb Code   340  stm32f10x_usart.o(.text)
    USART_DMACmd                             0x08002159   Thumb Code   114  stm32f10x_usart.o(.text)
    USART_SetAddress                         0x080021cb   Thumb Code    86  stm32f10x_usart.o(.text)
    USART_WakeUpConfig                       0x08002221   Thumb Code    90  stm32f10x_usart.o(.text)
    USART_ReceiverWakeUpCmd                  0x0800227b   Thumb Code    94  stm32f10x_usart.o(.text)
    USART_LINBreakDetectLengthConfig         0x080022d9   Thumb Code    88  stm32f10x_usart.o(.text)
    USART_LINCmd                             0x08002331   Thumb Code    94  stm32f10x_usart.o(.text)
    USART_SendData                           0x0800238f   Thumb Code    78  stm32f10x_usart.o(.text)
    USART_ReceiveData                        0x080023dd   Thumb Code    56  stm32f10x_usart.o(.text)
    USART_SendBreak                          0x08002415   Thumb Code    58  stm32f10x_usart.o(.text)
    USART_SetGuardTime                       0x0800244f   Thumb Code    54  stm32f10x_usart.o(.text)
    USART_SetPrescaler                       0x08002485   Thumb Code    66  stm32f10x_usart.o(.text)
    USART_SmartCardCmd                       0x080024c7   Thumb Code   102  stm32f10x_usart.o(.text)
    USART_SmartCardNACKCmd                   0x0800252d   Thumb Code    82  stm32f10x_usart.o(.text)
    USART_HalfDuplexCmd                      0x0800257f   Thumb Code    94  stm32f10x_usart.o(.text)
    USART_OverSampling8Cmd                   0x080025dd   Thumb Code    92  stm32f10x_usart.o(.text)
    USART_OneBitMethodCmd                    0x08002639   Thumb Code    94  stm32f10x_usart.o(.text)
    USART_IrDAConfig                         0x08002697   Thumb Code    88  stm32f10x_usart.o(.text)
    USART_IrDACmd                            0x080026ef   Thumb Code    94  stm32f10x_usart.o(.text)
    USART_GetFlagStatus                      0x0800274d   Thumb Code   164  stm32f10x_usart.o(.text)
    USART_ClearFlag                          0x080027f1   Thumb Code   122  stm32f10x_usart.o(.text)
    USART_GetITStatus                        0x0800286b   Thumb Code   280  stm32f10x_usart.o(.text)
    USART_ClearITPendingBit                  0x08002983   Thumb Code   158  stm32f10x_usart.o(.text)
    DMA_DeInit                               0x08002a35   Thumb Code   430  stm32f10x_dma.o(.text)
    DMA_Init                                 0x08002be3   Thumb Code   388  stm32f10x_dma.o(.text)
    DMA_StructInit                           0x08002d67   Thumb Code    26  stm32f10x_dma.o(.text)
    DMA_Cmd                                  0x08002d81   Thumb Code   220  stm32f10x_dma.o(.text)
    DMA_ITConfig                             0x08002e5d   Thumb Code   174  stm32f10x_dma.o(.text)
    DMA_SetCurrDataCounter                   0x08002f0b   Thumb Code   116  stm32f10x_dma.o(.text)
    DMA_GetCurrDataCounter                   0x08002f7f   Thumb Code   116  stm32f10x_dma.o(.text)
    DMA_GetFlagStatus                        0x08002ff3   Thumb Code   346  stm32f10x_dma.o(.text)
    DMA_ClearFlag                            0x0800314d   Thumb Code    54  stm32f10x_dma.o(.text)
    DMA_GetITStatus                          0x08003183   Thumb Code   396  stm32f10x_dma.o(.text)
    DMA_ClearITPendingBit                    0x0800330f   Thumb Code    52  stm32f10x_dma.o(.text)
    NVIC_PriorityGroupConfig                 0x08003379   Thumb Code    54  misc.o(.text)
    NVIC_Init                                0x080033af   Thumb Code   158  misc.o(.text)
    NVIC_SetVectorTable                      0x0800344d   Thumb Code    60  misc.o(.text)
    NVIC_SystemLPConfig                      0x08003489   Thumb Code    78  misc.o(.text)
    SysTick_CLKSourceConfig                  0x080034d7   Thumb Code    62  misc.o(.text)
    Reset_Handler                            0x0800355d   Thumb Code     8  startup_stm32f10x_hd.o(.text)
    ADC1_2_IRQHandler                        0x08003577   Thumb Code     0  startup_stm32f10x_hd.o(.text)
    ADC3_IRQHandler                          0x08003577   Thumb Code     0  startup_stm32f10x_hd.o(.text)
    CAN1_RX1_IRQHandler                      0x08003577   Thumb Code     0  startup_stm32f10x_hd.o(.text)
    CAN1_SCE_IRQHandler                      0x08003577   Thumb Code     0  startup_stm32f10x_hd.o(.text)
    DMA1_Channel1_IRQHandler                 0x08003577   Thumb Code     0  startup_stm32f10x_hd.o(.text)
    DMA1_Channel2_IRQHandler                 0x08003577   Thumb Code     0  startup_stm32f10x_hd.o(.text)
    DMA1_Channel3_IRQHandler                 0x08003577   Thumb Code     0  startup_stm32f10x_hd.o(.text)
    DMA1_Channel4_IRQHandler                 0x08003577   Thumb Code     0  startup_stm32f10x_hd.o(.text)
    DMA1_Channel6_IRQHandler                 0x08003577   Thumb Code     0  startup_stm32f10x_hd.o(.text)
    DMA1_Channel7_IRQHandler                 0x08003577   Thumb Code     0  startup_stm32f10x_hd.o(.text)
    DMA2_Channel1_IRQHandler                 0x08003577   Thumb Code     0  startup_stm32f10x_hd.o(.text)
    DMA2_Channel2_IRQHandler                 0x08003577   Thumb Code     0  startup_stm32f10x_hd.o(.text)
    DMA2_Channel3_IRQHandler                 0x08003577   Thumb Code     0  startup_stm32f10x_hd.o(.text)
    DMA2_Channel4_5_IRQHandler               0x08003577   Thumb Code     0  startup_stm32f10x_hd.o(.text)
    EXTI0_IRQHandler                         0x08003577   Thumb Code     0  startup_stm32f10x_hd.o(.text)
    EXTI15_10_IRQHandler                     0x08003577   Thumb Code     0  startup_stm32f10x_hd.o(.text)
    EXTI1_IRQHandler                         0x08003577   Thumb Code     0  startup_stm32f10x_hd.o(.text)
    EXTI2_IRQHandler                         0x08003577   Thumb Code     0  startup_stm32f10x_hd.o(.text)
    EXTI3_IRQHandler                         0x08003577   Thumb Code     0  startup_stm32f10x_hd.o(.text)
    EXTI4_IRQHandler                         0x08003577   Thumb Code     0  startup_stm32f10x_hd.o(.text)
    EXTI9_5_IRQHandler                       0x08003577   Thumb Code     0  startup_stm32f10x_hd.o(.text)
    FLASH_IRQHandler                         0x08003577   Thumb Code     0  startup_stm32f10x_hd.o(.text)
    FSMC_IRQHandler                          0x08003577   Thumb Code     0  startup_stm32f10x_hd.o(.text)
    I2C1_ER_IRQHandler                       0x08003577   Thumb Code     0  startup_stm32f10x_hd.o(.text)
    I2C1_EV_IRQHandler                       0x08003577   Thumb Code     0  startup_stm32f10x_hd.o(.text)
    I2C2_ER_IRQHandler                       0x08003577   Thumb Code     0  startup_stm32f10x_hd.o(.text)
    I2C2_EV_IRQHandler                       0x08003577   Thumb Code     0  startup_stm32f10x_hd.o(.text)
    PVD_IRQHandler                           0x08003577   Thumb Code     0  startup_stm32f10x_hd.o(.text)
    RCC_IRQHandler                           0x08003577   Thumb Code     0  startup_stm32f10x_hd.o(.text)
    RTCAlarm_IRQHandler                      0x08003577   Thumb Code     0  startup_stm32f10x_hd.o(.text)
    RTC_IRQHandler                           0x08003577   Thumb Code     0  startup_stm32f10x_hd.o(.text)
    SDIO_IRQHandler                          0x08003577   Thumb Code     0  startup_stm32f10x_hd.o(.text)
    SPI1_IRQHandler                          0x08003577   Thumb Code     0  startup_stm32f10x_hd.o(.text)
    SPI2_IRQHandler                          0x08003577   Thumb Code     0  startup_stm32f10x_hd.o(.text)
    SPI3_IRQHandler                          0x08003577   Thumb Code     0  startup_stm32f10x_hd.o(.text)
    TAMPER_IRQHandler                        0x08003577   Thumb Code     0  startup_stm32f10x_hd.o(.text)
    TIM1_BRK_IRQHandler                      0x08003577   Thumb Code     0  startup_stm32f10x_hd.o(.text)
    TIM1_CC_IRQHandler                       0x08003577   Thumb Code     0  startup_stm32f10x_hd.o(.text)
    TIM1_TRG_COM_IRQHandler                  0x08003577   Thumb Code     0  startup_stm32f10x_hd.o(.text)
    TIM1_UP_IRQHandler                       0x08003577   Thumb Code     0  startup_stm32f10x_hd.o(.text)
    TIM2_IRQHandler                          0x08003577   Thumb Code     0  startup_stm32f10x_hd.o(.text)
    TIM3_IRQHandler                          0x08003577   Thumb Code     0  startup_stm32f10x_hd.o(.text)
    TIM4_IRQHandler                          0x08003577   Thumb Code     0  startup_stm32f10x_hd.o(.text)
    TIM5_IRQHandler                          0x08003577   Thumb Code     0  startup_stm32f10x_hd.o(.text)
    TIM6_IRQHandler                          0x08003577   Thumb Code     0  startup_stm32f10x_hd.o(.text)
    TIM7_IRQHandler                          0x08003577   Thumb Code     0  startup_stm32f10x_hd.o(.text)
    TIM8_BRK_IRQHandler                      0x08003577   Thumb Code     0  startup_stm32f10x_hd.o(.text)
    TIM8_CC_IRQHandler                       0x08003577   Thumb Code     0  startup_stm32f10x_hd.o(.text)
    TIM8_TRG_COM_IRQHandler                  0x08003577   Thumb Code     0  startup_stm32f10x_hd.o(.text)
    TIM8_UP_IRQHandler                       0x08003577   Thumb Code     0  startup_stm32f10x_hd.o(.text)
    UART4_IRQHandler                         0x08003577   Thumb Code     0  startup_stm32f10x_hd.o(.text)
    UART5_IRQHandler                         0x08003577   Thumb Code     0  startup_stm32f10x_hd.o(.text)
    USART2_IRQHandler                        0x08003577   Thumb Code     0  startup_stm32f10x_hd.o(.text)
    USART3_IRQHandler                        0x08003577   Thumb Code     0  startup_stm32f10x_hd.o(.text)
    USBWakeUp_IRQHandler                     0x08003577   Thumb Code     0  startup_stm32f10x_hd.o(.text)
    USB_HP_CAN1_TX_IRQHandler                0x08003577   Thumb Code     0  startup_stm32f10x_hd.o(.text)
    USB_LP_CAN1_RX0_IRQHandler               0x08003577   Thumb Code     0  startup_stm32f10x_hd.o(.text)
    WWDG_IRQHandler                          0x08003577   Thumb Code     0  startup_stm32f10x_hd.o(.text)
    rt_system_tick_init                      0x08003581   Thumb Code     2  clock.o(.text)
    rt_tick_get                              0x08003583   Thumb Code     6  clock.o(.text)
    rt_tick_set                              0x08003589   Thumb Code    22  clock.o(.text)
    rt_tick_increase                         0x0800359f   Thumb Code    42  clock.o(.text)
    rt_tick_from_millisecond                 0x080035c9   Thumb Code    22  clock.o(.text)
    rt_device_find                           0x080035e5   Thumb Code    76  device.o(.text)
    rt_device_register                       0x08003631   Thumb Code    52  device.o(.text)
    rt_device_unregister                     0x08003665   Thumb Code    26  device.o(.text)
    rt_device_init_all                       0x0800367f   Thumb Code     4  device.o(.text)
    rt_device_init                           0x08003683   Thumb Code    64  device.o(.text)
    rt_device_open                           0x080036c3   Thumb Code   136  device.o(.text)
    rt_device_close                          0x0800374b   Thumb Code    68  device.o(.text)
    rt_device_read                           0x0800378f   Thumb Code    76  device.o(.text)
    rt_device_write                          0x080037db   Thumb Code    76  device.o(.text)
    rt_device_control                        0x08003827   Thumb Code    42  device.o(.text)
    rt_device_set_rx_indicate                0x08003851   Thumb Code    26  device.o(.text)
    rt_device_set_tx_complete                0x0800386b   Thumb Code    26  device.o(.text)
    rt_thread_idle_sethook                   0x08003909   Thumb Code     6  idle.o(.text)
    rt_thread_idle_excute                    0x0800390f   Thumb Code   154  idle.o(.text)
    rt_thread_idle_init                      0x080039bd   Thumb Code    38  idle.o(.text)
    rt_thread_idle_gethandler                0x080039e3   Thumb Code     4  idle.o(.text)
    rt_sem_init                              0x08003aed   Thumb Code    50  ipc.o(.text)
    rt_sem_detach                            0x08003b1f   Thumb Code    34  ipc.o(.text)
    rt_sem_create                            0x08003b41   Thumb Code    84  ipc.o(.text)
    rt_sem_delete                            0x08003b95   Thumb Code    78  ipc.o(.text)
    rt_sem_take                              0x08003be3   Thumb Code   266  ipc.o(.text)
    rt_sem_trytake                           0x08003ced   Thumb Code    14  ipc.o(.text)
    rt_sem_release                           0x08003cfb   Thumb Code    80  ipc.o(.text)
    rt_sem_control                           0x08003d4b   Thumb Code    68  ipc.o(.text)
    rt_mutex_init                            0x08003d8f   Thumb Code    58  ipc.o(.text)
    rt_mutex_detach                          0x08003dc9   Thumb Code    36  ipc.o(.text)
    rt_mutex_create                          0x08003ded   Thumb Code    96  ipc.o(.text)
    rt_mutex_delete                          0x08003e4d   Thumb Code    78  ipc.o(.text)
    rt_mutex_take                            0x08003e9b   Thumb Code   524  ipc.o(.text)
    rt_mutex_release                         0x080040a7   Thumb Code   272  ipc.o(.text)
    rt_mutex_control                         0x080041b7   Thumb Code     8  ipc.o(.text)
    rt_event_init                            0x080041bf   Thumb Code    46  ipc.o(.text)
    rt_event_detach                          0x080041ed   Thumb Code    36  ipc.o(.text)
    rt_event_create                          0x08004211   Thumb Code    88  ipc.o(.text)
    rt_event_delete                          0x08004269   Thumb Code    82  ipc.o(.text)
    rt_event_send                            0x080042bb   Thumb Code   210  ipc.o(.text)
    rt_event_recv                            0x0800438d   Thumb Code   448  ipc.o(.text)
    rt_event_control                         0x0800454d   Thumb Code    70  ipc.o(.text)
    rt_mb_init                               0x08004593   Thumb Code    76  ipc.o(.text)
    rt_mb_detach                             0x080045df   Thumb Code    44  ipc.o(.text)
    rt_mb_create                             0x0800460b   Thumb Code   128  ipc.o(.text)
    rt_mb_delete                             0x0800468b   Thumb Code    96  ipc.o(.text)
    rt_mb_send_wait                          0x080046eb   Thumb Code   436  ipc.o(.text)
    rt_mb_send                               0x0800489f   Thumb Code    18  ipc.o(.text)
    rt_mb_recv                               0x080048b1   Thumb Code   412  ipc.o(.text)
    rt_mb_control                            0x08004a4d   Thumb Code    82  ipc.o(.text)
    rt_mq_init                               0x08004a9f   Thumb Code   118  ipc.o(.text)
    rt_mq_detach                             0x08004b15   Thumb Code    36  ipc.o(.text)
    rt_mq_delete                             0x08004b39   Thumb Code    88  ipc.o(.text)
    rt_mq_create                             0x08004b91   Thumb Code   174  ipc.o(.text)
    rt_mq_send                               0x08004c3f   Thumb Code   290  ipc.o(.text)
    rt_mq_urgent                             0x08004d61   Thumb Code   198  ipc.o(.text)
    rt_mq_recv                               0x08004e27   Thumb Code   438  ipc.o(.text)
    rt_mq_control                            0x08004fdd   Thumb Code    98  ipc.o(.text)
    rt_interrupt_enter_sethook               0x08005095   Thumb Code     6  irq.o(.text)
    rt_interrupt_leave_sethook               0x0800509b   Thumb Code     6  irq.o(.text)
    rt_interrupt_enter                       0x080050a1   Thumb Code    46  irq.o(.text)
    rt_interrupt_leave                       0x080050cf   Thumb Code    46  irq.o(.text)
    rt_interrupt_get_nest                    0x080050fd   Thumb Code     6  irq.o(.text)
    rt_get_errno                             0x08005111   Thumb Code    32  kservice.o(.text)
    rt_set_errno                             0x08005131   Thumb Code    36  kservice.o(.text)
    _rt_errno                                0x08005155   Thumb Code    30  kservice.o(.text)
    rt_memset                                0x08005173   Thumb Code    72  kservice.o(.text)
    rt_memcpy                                0x080051bb   Thumb Code   124  kservice.o(.text)
    rt_memmove                               0x08005237   Thumb Code    66  kservice.o(.text)
    rt_memcmp                                0x08005279   Thumb Code    38  kservice.o(.text)
    rt_strlen                                0x0800529f   Thumb Code    18  kservice.o(.text)
    rt_strstr                                0x080052b1   Thumb Code    58  kservice.o(.text)
    rt_strcasecmp                            0x080052eb   Thumb Code    48  kservice.o(.text)
    rt_strncpy                               0x0800531b   Thumb Code    52  kservice.o(.text)
    rt_strncmp                               0x0800534f   Thumb Code    40  kservice.o(.text)
    rt_strcmp                                0x08005377   Thumb Code    28  kservice.o(.text)
    rt_strnlen                               0x08005393   Thumb Code    24  kservice.o(.text)
    rt_strdup                                0x080053ab   Thumb Code    40  kservice.o(.text)
    rt_hw_console_output                     0x080053d3   Thumb Code     2  kservice.o(.text)
    rt_vsnprintf                             0x0800558b   Thumb Code   800  kservice.o(.text)
    rt_kprintf                               0x080058ab   Thumb Code    96  kservice.o(.text)
    rt_show_version                          0x0800590b   Thumb Code    50  kservice.o(.text)
    rt_snprintf                              0x0800593d   Thumb Code    38  kservice.o(.text)
    rt_vsprintf                              0x08005963   Thumb Code    22  kservice.o(.text)
    rt_sprintf                               0x08005979   Thumb Code    34  kservice.o(.text)
    rt_console_get_device                    0x0800599b   Thumb Code     6  kservice.o(.text)
    rt_console_set_device                    0x080059a1   Thumb Code    48  kservice.o(.text)
    rt_kputs                                 0x080059d1   Thumb Code    72  kservice.o(.text)
    rt_malloc_align                          0x08005a19   Thumb Code    66  kservice.o(.text)
    rt_free_align                            0x08005a5b   Thumb Code    16  kservice.o(.text)
    __rt_ffs                                 0x08005a6b   Thumb Code    70  kservice.o(.text)
    rt_assert_set_hook                       0x08005ab1   Thumb Code     6  kservice.o(.text)
    rt_assert_handler                        0x08005ab7   Thumb Code    56  kservice.o(.text)
    rt_malloc_sethook                        0x08005bd5   Thumb Code     6  mem.o(.text)
    rt_free_sethook                          0x08005bdb   Thumb Code     6  mem.o(.text)
    rt_system_heap_init                      0x08005c81   Thumb Code   204  mem.o(.text)
    rt_malloc                                0x08005d4d   Thumb Code   520  mem.o(.text)
    rt_free                                  0x08005f55   Thumb Code   602  mem.o(.text)
    rt_realloc                               0x080061af   Thumb Code   312  mem.o(.text)
    rt_calloc                                0x080062e7   Thumb Code    84  mem.o(.text)
    rt_memory_info                           0x0800633b   Thumb Code    26  mem.o(.text)
    list_mem                                 0x08006355   Thumb Code    34  mem.o(.text)
    rt_object_attach_sethook                 0x08006469   Thumb Code     6  object.o(.text)
    rt_object_detach_sethook                 0x0800646f   Thumb Code     6  object.o(.text)
    rt_object_trytake_sethook                0x08006475   Thumb Code     6  object.o(.text)
    rt_object_take_sethook                   0x0800647b   Thumb Code     6  object.o(.text)
    rt_object_put_sethook                    0x08006481   Thumb Code     6  object.o(.text)
    rt_system_object_init                    0x08006487   Thumb Code     2  object.o(.text)
    rt_object_get_information                0x08006489   Thumb Code    10  object.o(.text)
    rt_object_init                           0x08006493   Thumb Code    76  object.o(.text)
    rt_object_detach                         0x080064df   Thumb Code    56  object.o(.text)
    rt_object_allocate                       0x08006517   Thumb Code   132  object.o(.text)
    rt_object_delete                         0x0800659b   Thumb Code    84  object.o(.text)
    rt_object_is_systemobject                0x080065ef   Thumb Code    34  object.o(.text)
    rt_object_find                           0x08006611   Thumb Code   126  object.o(.text)
    rt_scheduler_sethook                     0x08006725   Thumb Code     6  scheduler.o(.text)
    rt_system_scheduler_init                 0x08006785   Thumb Code    56  scheduler.o(.text)
    rt_system_scheduler_start                0x080067bd   Thumb Code    36  scheduler.o(.text)
    rt_schedule                              0x080067e1   Thumb Code   134  scheduler.o(.text)
    rt_schedule_insert_thread                0x08006867   Thumb Code    82  scheduler.o(.text)
    rt_schedule_remove_thread                0x080068b9   Thumb Code    94  scheduler.o(.text)
    rt_enter_critical                        0x08006917   Thumb Code    28  scheduler.o(.text)
    rt_exit_critical                         0x08006933   Thumb Code    54  scheduler.o(.text)
    rt_critical_level                        0x08006969   Thumb Code     8  scheduler.o(.text)
    rt_thread_suspend_sethook                0x08006a2d   Thumb Code     6  thread.o(.text)
    rt_thread_resume_sethook                 0x08006a33   Thumb Code     6  thread.o(.text)
    rt_thread_inited_sethook                 0x08006a39   Thumb Code     6  thread.o(.text)
    rt_thread_exit                           0x08006a3f   Thumb Code    76  thread.o(.text)
    rt_thread_timeout                        0x08006a8b   Thumb Code    66  thread.o(.text)
    rt_thread_init                           0x08006b6b   Thumb Code    74  thread.o(.text)
    rt_thread_self                           0x08006bb5   Thumb Code     6  thread.o(.text)
    rt_thread_resume                         0x08006bbb   Thumb Code    96  thread.o(.text)
    rt_thread_startup                        0x08006c1b   Thumb Code    84  thread.o(.text)
    rt_thread_detach                         0x08006c6f   Thumb Code    80  thread.o(.text)
    rt_thread_create                         0x08006cbf   Thumb Code    80  thread.o(.text)
    rt_thread_delete                         0x08006d0f   Thumb Code    70  thread.o(.text)
    rt_thread_yield                          0x08006d55   Thumb Code    88  thread.o(.text)
    rt_thread_suspend                        0x08006dad   Thumb Code   300  thread.o(.text)
    rt_thread_sleep                          0x08006ed9   Thumb Code    78  thread.o(.text)
    rt_thread_delay                          0x08006f27   Thumb Code    12  thread.o(.text)
    rt_thread_control                        0x08006f33   Thumb Code   130  thread.o(.text)
    rt_thread_find                           0x08006fb5   Thumb Code    76  thread.o(.text)
    rt_timer_timeout_sethook                 0x0800701f   Thumb Code     6  timer.o(.text)
    rt_timer_init                            0x080070b1   Thumb Code    58  timer.o(.text)
    rt_timer_detach                          0x080070eb   Thumb Code    44  timer.o(.text)
    rt_timer_create                          0x08007117   Thumb Code    54  timer.o(.text)
    rt_timer_delete                          0x0800714d   Thumb Code    46  timer.o(.text)
    rt_timer_start                           0x0800717b   Thumb Code   292  timer.o(.text)
    rt_timer_stop                            0x0800729f   Thumb Code    80  timer.o(.text)
    rt_timer_control                         0x080072ef   Thumb Code    76  timer.o(.text)
    rt_timer_check                           0x0800733b   Thumb Code   148  timer.o(.text)
    rt_timer_next_timeout_tick               0x080073cf   Thumb Code    10  timer.o(.text)
    rt_system_timer_init                     0x080073d9   Thumb Code    24  timer.o(.text)
    rt_system_timer_thread_init              0x080073f1   Thumb Code     2  timer.o(.text)
    rt_hw_stack_init                         0x0800746d   Thumb Code    70  cpuport.o(.text)
    rt_hw_exception_install                  0x080074b3   Thumb Code     6  cpuport.o(.text)
    rt_hw_hard_fault_exception               0x08007697   Thumb Code   198  cpuport.o(.text)
    rt_hw_cpu_shutdown                       0x0800775d   Thumb Code    22  cpuport.o(.text)
    rt_hw_interrupt_disable                  0x08007a41   Thumb Code     8  context_rvds.o(.text)
    rt_hw_interrupt_enable                   0x08007a49   Thumb Code     6  context_rvds.o(.text)
    rt_hw_context_switch                     0x08007a4f   Thumb Code    32  context_rvds.o(.text)
    rt_hw_context_switch_interrupt           0x08007a4f   Thumb Code     0  context_rvds.o(.text)
    PendSV_Handler                           0x08007a6f   Thumb Code    60  context_rvds.o(.text)
    rt_hw_context_switch_to                  0x08007aab   Thumb Code    56  context_rvds.o(.text)
    rt_hw_interrupt_thread_switch            0x08007ae3   Thumb Code     2  context_rvds.o(.text)
    HardFault_Handler                        0x08007ae5   Thumb Code    48  context_rvds.o(.text)
    rt_hw_serial_register                    0x080082bf   Thumb Code    76  serial.o(.text)
    rt_hw_serial_isr                         0x0800830b   Thumb Code   498  serial.o(.text)
    rt_completion_init                       0x0800872d   Thumb Code    42  completion.o(.text)
    rt_completion_wait                       0x08008757   Thumb Code   198  completion.o(.text)
    rt_completion_done                       0x0800881d   Thumb Code    76  completion.o(.text)
    rt_data_queue_init                       0x08008903   Thumb Code    76  dataqueue.o(.text)
    rt_data_queue_push                       0x0800894f   Thumb Code   282  dataqueue.o(.text)
    rt_data_queue_pop                        0x08008a69   Thumb Code   342  dataqueue.o(.text)
    rt_data_queue_peak                       0x08008bbf   Thumb Code   104  dataqueue.o(.text)
    rt_data_queue_reset                      0x08008c27   Thumb Code   106  dataqueue.o(.text)
    rt_device_pin_register                   0x08008dc9   Thumb Code    56  pin.o(.text)
    rt_pin_attach_irq                        0x08008e01   Thumb Code    60  pin.o(.text)
    rt_pin_dettach_irq                       0x08008e3d   Thumb Code    46  pin.o(.text)
    pin_irq_enable                           0x08008e6b   Thumb Code    50  pin.o(.text)
    rt_pin_mode                              0x08008e9d   Thumb Code    38  pin.o(.text)
    rt_pin_write                             0x08008ec3   Thumb Code    38  pin.o(.text)
    rt_pin_read                              0x08008ee9   Thumb Code    34  pin.o(.text)
    rt_hw_can_register                       0x08009abf   Thumb Code   160  can.o(.text)
    rt_hw_can_isr                            0x08009b5f   Thumb Code   690  can.o(.text)
    cmd_canstat                              0x08009e11   Thumb Code   516  can.o(.text)
    finsh_set_device                         0x0800a06b   Thumb Code   156  shell.o(.text)
    finsh_get_device                         0x0800a107   Thumb Code    28  shell.o(.text)
    finsh_set_echo                           0x0800a123   Thumb Code    30  shell.o(.text)
    finsh_get_echo                           0x0800a141   Thumb Code    32  shell.o(.text)
    finsh_run_line                           0x0800a17d   Thumb Code    90  shell.o(.text)
    finsh_thread_entry                       0x0800a2af   Thumb Code  1634  shell.o(.text)
    finsh_system_function_init               0x0800a911   Thumb Code    10  shell.o(.text)
    finsh_system_var_init                    0x0800a91b   Thumb Code    10  shell.o(.text)
    finsh_system_init                        0x0800a925   Thumb Code   122  shell.o(.text)
    hello                                    0x0800aa09   Thumb Code    12  cmd.o(.text)
    version                                  0x0800aa15   Thumb Code    10  cmd.o(.text)
    list_thread                              0x0800ab1d   Thumb Code    10  cmd.o(.text)
    list_sem                                 0x0800abdf   Thumb Code    12  cmd.o(.text)
    list_event                               0x0800ac69   Thumb Code    12  cmd.o(.text)
    list_mutex                               0x0800acd1   Thumb Code    12  cmd.o(.text)
    list_mailbox                             0x0800ad81   Thumb Code    12  cmd.o(.text)
    list_msgqueue                            0x0800b0f7   Thumb Code    10  cmd.o(.text)
    list_mempool                             0x0800b187   Thumb Code    12  cmd.o(.text)
    list_timer                               0x0800b203   Thumb Code    12  cmd.o(.text)
    list_device                              0x0800b28b   Thumb Code    12  cmd.o(.text)
    list                                     0x0800b297   Thumb Code   126  cmd.o(.text)
    list_prefix                              0x0800b357   Thumb Code  1014  cmd.o(.text)
    finsh_compiler_run                       0x0800cf2f   Thumb Code    88  finsh_compiler.o(.text)
    finsh_error_init                         0x0800cf99   Thumb Code     8  finsh_error.o(.text)
    finsh_error_set                          0x0800cfa1   Thumb Code    10  finsh_error.o(.text)
    finsh_errno                              0x0800cfab   Thumb Code     6  finsh_error.o(.text)
    finsh_error_string                       0x0800cfb1   Thumb Code    10  finsh_error.o(.text)
    finsh_heap_init                          0x0800cfc5   Thumb Code    36  finsh_heap.o(.text)
    finsh_heap_free                          0x0800d0e9   Thumb Code    34  finsh_heap.o(.text)
    finsh_heap_allocate                      0x0800d159   Thumb Code   106  finsh_heap.o(.text)
    finsh_init                               0x0800d1d5   Thumb Code    30  finsh_init.o(.text)
    finsh_stack_bottom                       0x0800d1f3   Thumb Code     6  finsh_init.o(.text)
    finsh_flush                              0x0800d1f9   Thumb Code    22  finsh_init.o(.text)
    finsh_reset                              0x0800d20f   Thumb Code    24  finsh_init.o(.text)
    finsh_node_init                          0x0800d22d   Thumb Code    16  finsh_node.o(.text)
    finsh_node_allocate                      0x0800d23d   Thumb Code    56  finsh_node.o(.text)
    finsh_node_new_id                        0x0800d275   Thumb Code   118  finsh_node.o(.text)
    finsh_node_new_char                      0x0800d2eb   Thumb Code    30  finsh_node.o(.text)
    finsh_node_new_int                       0x0800d309   Thumb Code    30  finsh_node.o(.text)
    finsh_node_new_long                      0x0800d327   Thumb Code    30  finsh_node.o(.text)
    finsh_node_new_string                    0x0800d345   Thumb Code    74  finsh_node.o(.text)
    finsh_node_new_ptr                       0x0800d38f   Thumb Code    30  finsh_node.o(.text)
    OP_no_op                                 0x0800d3b1   Thumb Code     2  finsh_ops.o(.text)
    OP_add_byte                              0x0800d3b3   Thumb Code    42  finsh_ops.o(.text)
    OP_add_word                              0x0800d3dd   Thumb Code    44  finsh_ops.o(.text)
    OP_add_dword                             0x0800d409   Thumb Code    42  finsh_ops.o(.text)
    OP_sub_byte                              0x0800d433   Thumb Code    42  finsh_ops.o(.text)
    OP_sub_word                              0x0800d45d   Thumb Code    44  finsh_ops.o(.text)
    OP_sub_dword                             0x0800d489   Thumb Code    42  finsh_ops.o(.text)
    OP_div_byte                              0x0800d4b3   Thumb Code    44  finsh_ops.o(.text)
    OP_div_word                              0x0800d4df   Thumb Code    46  finsh_ops.o(.text)
    OP_div_dword                             0x0800d50d   Thumb Code    44  finsh_ops.o(.text)
    OP_mod_byte                              0x0800d539   Thumb Code    48  finsh_ops.o(.text)
    OP_mod_word                              0x0800d569   Thumb Code    48  finsh_ops.o(.text)
    OP_mod_dword                             0x0800d599   Thumb Code    48  finsh_ops.o(.text)
    OP_mul_byte                              0x0800d5c9   Thumb Code    42  finsh_ops.o(.text)
    OP_mul_word                              0x0800d5f3   Thumb Code    44  finsh_ops.o(.text)
    OP_mul_dword                             0x0800d61f   Thumb Code    42  finsh_ops.o(.text)
    OP_and_byte                              0x0800d649   Thumb Code    42  finsh_ops.o(.text)
    OP_and_word                              0x0800d673   Thumb Code    42  finsh_ops.o(.text)
    OP_and_dword                             0x0800d69d   Thumb Code    42  finsh_ops.o(.text)
    OP_or_byte                               0x0800d6c7   Thumb Code    42  finsh_ops.o(.text)
    OP_or_word                               0x0800d6f1   Thumb Code    42  finsh_ops.o(.text)
    OP_or_dword                              0x0800d71b   Thumb Code    42  finsh_ops.o(.text)
    OP_xor_byte                              0x0800d745   Thumb Code    42  finsh_ops.o(.text)
    OP_xor_word                              0x0800d76f   Thumb Code    46  finsh_ops.o(.text)
    OP_xor_dword                             0x0800d79d   Thumb Code    42  finsh_ops.o(.text)
    OP_bw_byte                               0x0800d7c7   Thumb Code    20  finsh_ops.o(.text)
    OP_bw_word                               0x0800d7db   Thumb Code    20  finsh_ops.o(.text)
    OP_bw_dword                              0x0800d7ef   Thumb Code    20  finsh_ops.o(.text)
    OP_shl_byte                              0x0800d803   Thumb Code    42  finsh_ops.o(.text)
    OP_shl_word                              0x0800d82d   Thumb Code    44  finsh_ops.o(.text)
    OP_shl_dword                             0x0800d859   Thumb Code    42  finsh_ops.o(.text)
    OP_shr_byte                              0x0800d883   Thumb Code    42  finsh_ops.o(.text)
    OP_shr_word                              0x0800d8ad   Thumb Code    42  finsh_ops.o(.text)
    OP_shr_dword                             0x0800d8d7   Thumb Code    42  finsh_ops.o(.text)
    OP_ld_byte                               0x0800d901   Thumb Code    34  finsh_ops.o(.text)
    OP_ld_word                               0x0800d923   Thumb Code    46  finsh_ops.o(.text)
    OP_ld_dword                              0x0800d951   Thumb Code    64  finsh_ops.o(.text)
    OP_ld_value_byte                         0x0800d991   Thumb Code    66  finsh_ops.o(.text)
    OP_ld_value_byte_stack                   0x0800d9d3   Thumb Code    20  finsh_ops.o(.text)
    OP_ld_value_word                         0x0800d9e7   Thumb Code    66  finsh_ops.o(.text)
    OP_ld_value_word_stack                   0x0800da29   Thumb Code    20  finsh_ops.o(.text)
    OP_ld_value_dword                        0x0800da3d   Thumb Code    66  finsh_ops.o(.text)
    OP_ld_value_dword_stack                  0x0800da7f   Thumb Code    20  finsh_ops.o(.text)
    OP_st_byte                               0x0800da93   Thumb Code    30  finsh_ops.o(.text)
    OP_st_word                               0x0800dab1   Thumb Code    30  finsh_ops.o(.text)
    OP_st_dword                              0x0800dacf   Thumb Code    30  finsh_ops.o(.text)
    OP_pop                                   0x0800daed   Thumb Code    12  finsh_ops.o(.text)
    OP_call                                  0x0800daf9   Thumb Code   906  finsh_ops.o(.text)
    finsh_parser_run                         0x0800e719   Thumb Code   220  finsh_parser.o(.text)
    finsh_parser_init                        0x0800e7f5   Thumb Code    16  finsh_parser.o(.text)
    finsh_var_init                           0x0800e805   Thumb Code    14  finsh_var.o(.text)
    finsh_var_insert                         0x0800e813   Thumb Code   114  finsh_var.o(.text)
    finsh_var_delete                         0x0800e885   Thumb Code    68  finsh_var.o(.text)
    finsh_var_lookup                         0x0800e8c9   Thumb Code    58  finsh_var.o(.text)
    finsh_sysvar_append                      0x0800e903   Thumb Code    62  finsh_var.o(.text)
    finsh_sysvar_lookup                      0x0800e941   Thumb Code    78  finsh_var.o(.text)
    finsh_vm_run                             0x0800e9a1   Thumb Code    62  finsh_vm.o(.text)
    finsh_syscall_append                     0x0800e9df   Thumb Code    54  finsh_vm.o(.text)
    finsh_syscall_lookup                     0x0800ea15   Thumb Code    78  finsh_vm.o(.text)
    finsh_token_init                         0x0800ea85   Thumb Code    20  finsh_token.o(.text)
    token_get_string                         0x0800ee9d   Thumb Code   120  finsh_token.o(.text)
    finsh_token_token                        0x0800f0d5   Thumb Code    24  finsh_token.o(.text)
    finsh_token_get_token                    0x0800f0ed   Thumb Code    20  finsh_token.o(.text)
    rt_components_board_init                 0x0800f115   Thumb Code    20  components.o(.text)
    rt_components_init                       0x0800f129   Thumb Code    26  components.o(.text)
    rt_hw_led_init                           0x0800f165   Thumb Code    38  led.o(.text)
    rt_hw_led_on                             0x0800f18b   Thumb Code    12  led.o(.text)
    rt_hw_led_off                            0x0800f197   Thumb Code    12  led.o(.text)
    INCWriteLed                              0x0800f1a3   Thumb Code    46  led.o(.text)
    Get_Adc_Average                          0x0800f1d9   Thumb Code    64  finsh_adc.o(.text)
    getUSBCurrent                            0x0800f219   Thumb Code    88  finsh_adc.o(.text)
    MCP3421InitiateConvertion                0x0800f2a7   Thumb Code    24  mcp3421.o(.text)
    MCP3421SetConvertionModeContinuous       0x0800f2bf   Thumb Code    24  mcp3421.o(.text)
    MCP3421SetConvertionModeOneShot          0x0800f2d7   Thumb Code    22  mcp3421.o(.text)
    MCP3421SetConvertionRate                 0x0800f2ed   Thumb Code    82  mcp3421.o(.text)
    MCP3421SetPGAGain                        0x0800f33f   Thumb Code    82  mcp3421.o(.text)
    MCP3421GetValue                          0x0800f391   Thumb Code   118  mcp3421.o(.text)
    delay_us                                 0x0800f425   Thumb Code    72  delay_1.o(.text)
    delay_ms                                 0x0800f46d   Thumb Code    18  delay_1.o(.text)
    IIC1_Init                                0x0800f489   Thumb Code    68  soft_i2c1.o(.text)
    IIC1_Start                               0x0800f4cd   Thumb Code    64  soft_i2c1.o(.text)
    IIC1_Stop                                0x0800f50d   Thumb Code    64  soft_i2c1.o(.text)
    IIC1_Wait_Ack                            0x0800f54d   Thumb Code    78  soft_i2c1.o(.text)
    IIC1_Ack                                 0x0800f59b   Thumb Code    66  soft_i2c1.o(.text)
    IIC1_NAck                                0x0800f5dd   Thumb Code    66  soft_i2c1.o(.text)
    IIC1_Send_Byte                           0x0800f61f   Thumb Code   100  soft_i2c1.o(.text)
    IIC1_Read_Byte                           0x0800f683   Thumb Code    98  soft_i2c1.o(.text)
    IIC1_DeviceReadBytes                     0x0800f6e5   Thumb Code   242  soft_i2c1.o(.text)
    IIC1_DeviceWriteBytes                    0x0800f7d7   Thumb Code   248  soft_i2c1.o(.text)
    __aeabi_memcpy                           0x0800f8cf   Thumb Code    36  memcpya.o(.text)
    __aeabi_memcpy4                          0x0800f8cf   Thumb Code     0  memcpya.o(.text)
    __aeabi_memcpy8                          0x0800f8cf   Thumb Code     0  memcpya.o(.text)
    __aeabi_memset                           0x0800f8f3   Thumb Code    14  memseta.o(.text)
    __aeabi_memset4                          0x0800f8f3   Thumb Code     0  memseta.o(.text)
    __aeabi_memset8                          0x0800f8f3   Thumb Code     0  memseta.o(.text)
    __aeabi_memclr                           0x0800f901   Thumb Code     4  memseta.o(.text)
    __aeabi_memclr4                          0x0800f901   Thumb Code     0  memseta.o(.text)
    __aeabi_memclr8                          0x0800f901   Thumb Code     0  memseta.o(.text)
    _memset$wrapper                          0x0800f905   Thumb Code    18  memseta.o(.text)
    strncpy                                  0x0800f917   Thumb Code    24  strncpy.o(.text)
    strlen                                   0x0800f92f   Thumb Code    14  strlen.o(.text)
    strcmp                                   0x0800f93d   Thumb Code    28  strcmp.o(.text)
    strncmp                                  0x0800f959   Thumb Code    30  strncmp.o(.text)
    atoi                                     0x0800f977   Thumb Code    26  atoi.o(.text)
    __aeabi_fadd                             0x0800f991   Thumb Code   164  fadd.o(.text)
    __aeabi_fsub                             0x0800fa35   Thumb Code     6  fadd.o(.text)
    __aeabi_frsub                            0x0800fa3b   Thumb Code     6  fadd.o(.text)
    __aeabi_fmul                             0x0800fa41   Thumb Code   100  fmul.o(.text)
    __aeabi_fdiv                             0x0800faa5   Thumb Code   124  fdiv.o(.text)
    __aeabi_i2f                              0x0800fb21   Thumb Code    18  fflti.o(.text)
    __aeabi_ui2f                             0x0800fb33   Thumb Code    10  ffltui.o(.text)
    __aeabi_f2d                              0x0800fb3d   Thumb Code    38  f2d.o(.text)
    __aeabi_uidiv                            0x0800fb63   Thumb Code     0  uidiv.o(.text)
    __aeabi_uidivmod                         0x0800fb63   Thumb Code    44  uidiv.o(.text)
    __aeabi_uldivmod                         0x0800fb8f   Thumb Code    98  uldiv.o(.text)
    strtol                                   0x0800fbf1   Thumb Code   112  strtol.o(.text)
    __I$use$fp                               0x0800fc61   Thumb Code     0  iusefp.o(.text)
    _float_round                             0x0800fc61   Thumb Code    18  fepilogue.o(.text)
    _float_epilogue                          0x0800fc73   Thumb Code    92  fepilogue.o(.text)
    __aeabi_dadd                             0x0800fccf   Thumb Code   322  dadd.o(.text)
    __aeabi_dsub                             0x0800fe11   Thumb Code     6  dadd.o(.text)
    __aeabi_drsub                            0x0800fe17   Thumb Code     6  dadd.o(.text)
    __aeabi_dmul                             0x0800fe1d   Thumb Code   228  dmul.o(.text)
    __aeabi_ddiv                             0x0800ff01   Thumb Code   222  ddiv.o(.text)
    __aeabi_d2ulz                            0x0800ffdf   Thumb Code    48  dfixul.o(.text)
    __aeabi_cdrcmple                         0x08010011   Thumb Code    48  cdrcmple.o(.text)
    __scatterload                            0x08010041   Thumb Code    28  init.o(.text)
    __scatterload_rt2                        0x08010041   Thumb Code     0  init.o(.text)
    __aeabi_llsl                             0x08010065   Thumb Code    30  llshl.o(.text)
    _ll_shift_l                              0x08010065   Thumb Code     0  llshl.o(.text)
    __aeabi_llsr                             0x08010083   Thumb Code    32  llushr.o(.text)
    _ll_ushift_r                             0x08010083   Thumb Code     0  llushr.o(.text)
    __aeabi_lasr                             0x080100a3   Thumb Code    36  llsshr.o(.text)
    _ll_sshift_r                             0x080100a3   Thumb Code     0  llsshr.o(.text)
    __rt_ctype_table                         0x080100c9   Thumb Code     4  ctype_o.o(.text)
    _strtoul                                 0x080100d1   Thumb Code   158  _strtoul.o(.text)
    _double_round                            0x0801016f   Thumb Code    30  depilogue.o(.text)
    _double_epilogue                         0x0801018d   Thumb Code   156  depilogue.o(.text)
    _chval                                   0x08010229   Thumb Code    28  _chval.o(.text)
    __decompress                             0x08010245   Thumb Code     0  __dczerorl2.o(.text)
    __decompress1                            0x08010245   Thumb Code    86  __dczerorl2.o(.text)
    __0sprintf                               0x0801029d   Thumb Code    34  printfa.o(i.__0sprintf)
    __1sprintf                               0x0801029d   Thumb Code     0  printfa.o(i.__0sprintf)
    __2sprintf                               0x0801029d   Thumb Code     0  printfa.o(i.__0sprintf)
    __c89sprintf                             0x0801029d   Thumb Code     0  printfa.o(i.__0sprintf)
    sprintf                                  0x0801029d   Thumb Code     0  printfa.o(i.__0sprintf)
    __aeabi_errno_addr                       0x080102c5   Thumb Code     4  errno.o(i.__aeabi_errno_addr)
    __rt_errno_addr                          0x080102c5   Thumb Code     0  errno.o(i.__aeabi_errno_addr)
    __scatterload_copy                       0x080102cd   Thumb Code    14  handlers.o(i.__scatterload_copy)
    __scatterload_null                       0x080102db   Thumb Code     2  handlers.o(i.__scatterload_null)
    __scatterload_zeroinit                   0x080102dd   Thumb Code    14  handlers.o(i.__scatterload_zeroinit)
    __lowest_bit_bitmap                      0x08010e99   Data         256  kservice.o(.constdata)
    op_table                                 0x08011530   Data         196  finsh_ops.o(.constdata)
    __ctype_table                            0x08011634   Data         129  ctype_o.o(.constdata)
    __fsym_list_mem_name                     0x08011c16   Data           9  mem.o(.rodata.name)
    __fsym_list_mem_desc                     0x08011c1f   Data          30  mem.o(.rodata.name)
    __fsym_pinMode_name                      0x08011c3d   Data           8  pin.o(.rodata.name)
    __fsym_pinMode_desc                      0x08011c45   Data          22  pin.o(.rodata.name)
    __fsym_pinWrite_name                     0x08011c5b   Data           9  pin.o(.rodata.name)
    __fsym_pinWrite_desc                     0x08011c64   Data          28  pin.o(.rodata.name)
    __fsym_pinRead_name                      0x08011c80   Data           8  pin.o(.rodata.name)
    __fsym_pinRead_desc                      0x08011c88   Data          30  pin.o(.rodata.name)
    __fsym___cmd_canstat_name                0x08011ca6   Data          14  can.o(.rodata.name)
    __fsym___cmd_canstat_desc                0x08011cb4   Data          24  can.o(.rodata.name)
    __fsym_hello_name                        0x08011ccc   Data           6  cmd.o(.rodata.name)
    __fsym_hello_desc                        0x08011cd2   Data          16  cmd.o(.rodata.name)
    __fsym_version_name                      0x08011ce2   Data           8  cmd.o(.rodata.name)
    __fsym_version_desc                      0x08011cea   Data          35  cmd.o(.rodata.name)
    __fsym_list_thread_name                  0x08011d0d   Data          12  cmd.o(.rodata.name)
    __fsym_list_thread_desc                  0x08011d19   Data          12  cmd.o(.rodata.name)
    __fsym_list_sem_name                     0x08011d25   Data           9  cmd.o(.rodata.name)
    __fsym_list_sem_desc                     0x08011d2e   Data          25  cmd.o(.rodata.name)
    __fsym_list_event_name                   0x08011d47   Data          11  cmd.o(.rodata.name)
    __fsym_list_event_desc                   0x08011d52   Data          21  cmd.o(.rodata.name)
    __fsym_list_mutex_name                   0x08011d67   Data          11  cmd.o(.rodata.name)
    __fsym_list_mutex_desc                   0x08011d72   Data          21  cmd.o(.rodata.name)
    __fsym_list_mailbox_name                 0x08011d87   Data          13  cmd.o(.rodata.name)
    __fsym_list_mailbox_desc                 0x08011d94   Data          24  cmd.o(.rodata.name)
    __fsym_list_msgqueue_name                0x08011dac   Data          14  cmd.o(.rodata.name)
    __fsym_list_msgqueue_desc                0x08011dba   Data          29  cmd.o(.rodata.name)
    __fsym_list_mempool_name                 0x08011dd7   Data          13  cmd.o(.rodata.name)
    __fsym_list_mempool_desc                 0x08011de4   Data          27  cmd.o(.rodata.name)
    __fsym_list_timer_name                   0x08011dff   Data          11  cmd.o(.rodata.name)
    __fsym_list_timer_desc                   0x08011e0a   Data          21  cmd.o(.rodata.name)
    __fsym_list_device_name                  0x08011e1f   Data          12  cmd.o(.rodata.name)
    __fsym_list_device_desc                  0x08011e2b   Data          22  cmd.o(.rodata.name)
    __fsym_list_name                         0x08011e41   Data           5  cmd.o(.rodata.name)
    __fsym_list_desc                         0x08011e46   Data          26  cmd.o(.rodata.name)
    __vsym_dummy_name                        0x08011e60   Data           6  cmd.o(.rodata.name)
    __vsym_dummy_desc                        0x08011e66   Data          25  cmd.o(.rodata.name)
    __fsym_INCWriteLed_name                  0x08011e7f   Data          12  led.o(.rodata.name)
    __fsym_INCWriteLed_desc                  0x08011e8b   Data          25  led.o(.rodata.name)
    __fsym_getUSBCurrent_name                0x08011ea4   Data          14  finsh_adc.o(.rodata.name)
    __fsym_getUSBCurrent_desc                0x08011eb2   Data          17  finsh_adc.o(.rodata.name)
    __rt_init_rti_start                      0x08011ec4   Data           4  components.o(.rti_fn.0)
    __rt_init_rti_board_start                0x08011ec8   Data           4  components.o(.rti_fn.0.end)
    __rt_init_rti_board_end                  0x08011ecc   Data           4  components.o(.rti_fn.1.end)
    __rt_init_finsh_system_init              0x08011ed0   Data           4  shell.o(.rti_fn.3)
    __rt_init_rti_end                        0x08011ed4   Data           4  components.o(.rti_fn.6.end)
    FSymTab$$Base                            0x08011ed8   Number         0  mem.o(FSymTab)
    __fsym_list_mem                          0x08011ed8   Data          12  mem.o(FSymTab)
    __fsym_pinMode                           0x08011ee4   Data          12  pin.o(FSymTab)
    __fsym_pinWrite                          0x08011ef0   Data          12  pin.o(FSymTab)
    __fsym_pinRead                           0x08011efc   Data          12  pin.o(FSymTab)
    __fsym___cmd_canstat                     0x08011f08   Data          12  can.o(FSymTab)
    __fsym_hello                             0x08011f14   Data          12  cmd.o(FSymTab)
    __fsym_version                           0x08011f20   Data          12  cmd.o(FSymTab)
    __fsym_list_thread                       0x08011f2c   Data          12  cmd.o(FSymTab)
    __fsym_list_sem                          0x08011f38   Data          12  cmd.o(FSymTab)
    __fsym_list_event                        0x08011f44   Data          12  cmd.o(FSymTab)
    __fsym_list_mutex                        0x08011f50   Data          12  cmd.o(FSymTab)
    __fsym_list_mailbox                      0x08011f5c   Data          12  cmd.o(FSymTab)
    __fsym_list_msgqueue                     0x08011f68   Data          12  cmd.o(FSymTab)
    __fsym_list_mempool                      0x08011f74   Data          12  cmd.o(FSymTab)
    __fsym_list_timer                        0x08011f80   Data          12  cmd.o(FSymTab)
    __fsym_list_device                       0x08011f8c   Data          12  cmd.o(FSymTab)
    __fsym_list                              0x08011f98   Data          12  cmd.o(FSymTab)
    __fsym_INCWriteLed                       0x08011fa4   Data          12  led.o(FSymTab)
    __fsym_getUSBCurrent                     0x08011fb0   Data          12  finsh_adc.o(FSymTab)
    FSymTab$$Limit                           0x08011fbc   Number         0  finsh_adc.o(FSymTab)
    Region$$Table$$Base                      0x08011fbc   Number         0  anon$$obj.o(Region$$Table)
    Region$$Table$$Limit                     0x08011fdc   Number         0  anon$$obj.o(Region$$Table)
    VSymTab$$Base                            0x08011fdc   Number         0  cmd.o(VSymTab)
    __vsym_dummy                             0x08011fdc   Data          16  cmd.o(VSymTab)
    VSymTab$$Limit                           0x08011fec   Number         0  cmd.o(VSymTab)
    uart1                                    0x20000000   Data          24  usart.o(.data)
    SystemCoreClock                          0x20000018   Data           4  system_stm32f10x.o(.data)
    AHBPrescTable                            0x2000001c   Data          16  system_stm32f10x.o(.data)
    rt_interrupt_nest                        0x20000050   Data           1  irq.o(.data)
    rt_assert_hook                           0x2000005c   Data           4  kservice.o(.data)
    rt_object_container                      0x20000080   Data         144  object.o(.data)
    rt_object_trytake_hook                   0x20000118   Data           4  object.o(.data)
    rt_object_take_hook                      0x2000011c   Data           4  object.o(.data)
    rt_object_put_hook                       0x20000120   Data           4  object.o(.data)
    rt_current_thread                        0x20000128   Data           4  scheduler.o(.data)
    rt_current_priority                      0x2000012c   Data           1  scheduler.o(.data)
    rt_thread_ready_priority_group           0x20000130   Data           4  scheduler.o(.data)
    rt_thread_defunct                        0x20000134   Data           8  scheduler.o(.data)
    rt_interrupt_from_thread                 0x2000015c   Data           4  cpuport.o(.data)
    rt_interrupt_to_thread                   0x20000160   Data           4  cpuport.o(.data)
    rt_thread_switch_interrupt_flag          0x20000164   Data           4  cpuport.o(.data)
    shell                                    0x2000017c   Data           4  shell.o(.data)
    _syscall_table_begin                     0x20000180   Data           4  symbol.o(.data)
    _syscall_table_end                       0x20000184   Data           4  symbol.o(.data)
    _sysvar_table_begin                      0x20000188   Data           4  symbol.o(.data)
    _sysvar_table_end                        0x2000018c   Data           4  symbol.o(.data)
    finsh_compile_sp                         0x20000194   Data           4  finsh_compiler.o(.data)
    finsh_compile_pc                         0x20000198   Data           4  finsh_compiler.o(.data)
    global_errno                             0x2000019c   Data           1  finsh_error.o(.data)
    global_sysvar_list                       0x200001e4   Data           4  finsh_var.o(.data)
    finsh_sp                                 0x200001e8   Data           4  finsh_vm.o(.data)
    finsh_pc                                 0x200001ec   Data           4  finsh_vm.o(.data)
    global_syscall_list                      0x200001f0   Data           4  finsh_vm.o(.data)
    lsb                                      0x200001f8   Data           4  mcp3421.o(.data)
    gain                                     0x200001fc   Data           1  mcp3421.o(.data)
    configuration                            0x200001fd   Data           1  mcp3421.o(.data)
    serial1                                  0x20000484   Data          84  usart.o(.bss)
    rt_thread_priority_table                 0x200006f8   Data         256  scheduler.o(.bss)
    finsh_heap                               0x200010bc   Data         128  finsh_heap.o(.bss)
    global_node_table                        0x2000113c   Data         320  finsh_node.o(.bss)
    global_variable                          0x2000127c   Data         192  finsh_var.o(.bss)
    finsh_vm_stack                           0x2000133c   Data         256  finsh_vm.o(.bss)
    text_segment                             0x2000143c   Data         128  finsh_vm.o(.bss)
    Image$$RW_IRAM1$$ZI$$Limit               0x200018c0   Number         0  anon$$obj.o ABSOLUTE
    __initial_sp                             0x200018c0   Data           0  startup_stm32f10x_hd.o(STACK)



==============================================================================

Memory Map of the image

  Image Entry point : 0x08000131

  Load Region LR_IROM1 (Base: 0x08000000, Size: 0x000121f0, Max: 0x00080000, ABSOLUTE, COMPRESSED[0x000120ac])

    Execution Region ER_IROM1 (Base: 0x08000000, Size: 0x00011fec, Max: 0x00080000, ABSOLUTE)

    Base Addr    Size         Type   Attr      Idx    E Section Name        Object

    0x08000000   0x00000130   Data   RO          780    RESET               startup_stm32f10x_hd.o
    0x08000130   0x00000000   Code   RO         1684  * .ARM.Collect$$$$00000000  mc_w.l(entry.o)
    0x08000130   0x00000004   Code   RO         1976    .ARM.Collect$$$$00000001  mc_w.l(entry2.o)
    0x08000134   0x00000004   Code   RO         1979    .ARM.Collect$$$$00000004  mc_w.l(entry5.o)
    0x08000138   0x00000000   Code   RO         1981    .ARM.Collect$$$$00000008  mc_w.l(entry7b.o)
    0x08000138   0x00000000   Code   RO         1983    .ARM.Collect$$$$0000000A  mc_w.l(entry8b.o)
    0x08000138   0x00000008   Code   RO         1984    .ARM.Collect$$$$0000000B  mc_w.l(entry9a.o)
    0x08000140   0x00000000   Code   RO         1986    .ARM.Collect$$$$0000000D  mc_w.l(entry10a.o)
    0x08000140   0x00000000   Code   RO         1988    .ARM.Collect$$$$0000000F  mc_w.l(entry11a.o)
    0x08000140   0x00000004   Code   RO         1977    .ARM.Collect$$$$00002712  mc_w.l(entry2.o)
    0x08000144   0x00000094   Code   RO            3    .text               application.o
    0x080001d8   0x000000b0   Code   RO          168    .text               startup.o
    0x08000288   0x00000094   Code   RO          192    .text               board.o
    0x0800031c   0x00000012   Code   RO          219    .text               stm32f10x_it.o
    0x0800032e   0x00000002   PAD
    0x08000330   0x00000490   Code   RO          242    .text               usart.o
    0x080007c0   0x000001e8   Code   RO          292    .text               system_stm32f10x.o
    0x080009a8   0x0000084c   Code   RO          338    .text               stm32f10x_rcc.o
    0x080011f4   0x00000a80   Code   RO          640    .text               stm32f10x_gpio.o
    0x08001c74   0x00000dc0   Code   RO          660    .text               stm32f10x_usart.o
    0x08002a34   0x00000944   Code   RO          700    .text               stm32f10x_dma.o
    0x08003378   0x000001e4   Code   RO          760    .text               misc.o
    0x0800355c   0x00000024   Code   RO          781    .text               startup_stm32f10x_hd.o
    0x08003580   0x00000064   Code   RO          785    .text               clock.o
    0x080035e4   0x00000324   Code   RO          799    .text               device.o
    0x08003908   0x00000138   Code   RO          813    .text               idle.o
    0x08003a40   0x00001654   Code   RO          833    .text               ipc.o
    0x08005094   0x0000007c   Code   RO          850    .text               irq.o
    0x08005110   0x00000ac4   Code   RO          865    .text               kservice.o
    0x08005bd4   0x00000874   Code   RO          885    .text               mem.o
    0x08006448   0x000002dc   Code   RO          923    .text               object.o
    0x08006724   0x000002e8   Code   RO          942    .text               scheduler.o
    0x08006a0c   0x00000604   Code   RO          963    .text               thread.o
    0x08007010   0x0000045c   Code   RO          982    .text               timer.o
    0x0800746c   0x000005d4   Code   RO         1001    .text               cpuport.o
    0x08007a40   0x000000ec   Code   RO         1017    .text               context_rvds.o
    0x08007b2c   0x00000c00   Code   RO         1055    .text               serial.o
    0x0800872c   0x000001c8   Code   RO         1068    .text               completion.o
    0x080088f4   0x00000424   Code   RO         1084    .text               dataqueue.o
    0x08008d18   0x00000250   Code   RO         1182    .text               pin.o
    0x08008f68   0x000010e0   Code   RO         1200    .text               can.o
    0x0800a048   0x000009ac   Code   RO         1222    .text               shell.o
    0x0800a9f4   0x00000d8c   Code   RO         1254    .text               cmd.o
    0x0800b780   0x00001818   Code   RO         1278    .text               finsh_compiler.o
    0x0800cf98   0x0000002c   Code   RO         1315    .text               finsh_error.o
    0x0800cfc4   0x00000210   Code   RO         1331    .text               finsh_heap.o
    0x0800d1d4   0x00000058   Code   RO         1347    .text               finsh_init.o
    0x0800d22c   0x00000184   Code   RO         1365    .text               finsh_node.o
    0x0800d3b0   0x00000ad8   Code   RO         1380    .text               finsh_ops.o
    0x0800de88   0x0000097c   Code   RO         1398    .text               finsh_parser.o
    0x0800e804   0x0000019c   Code   RO         1413    .text               finsh_var.o
    0x0800e9a0   0x000000e4   Code   RO         1436    .text               finsh_vm.o
    0x0800ea84   0x00000680   Code   RO         1463    .text               finsh_token.o
    0x0800f104   0x00000060   Code   RO         1478    .text               components.o
    0x0800f164   0x00000074   Code   RO         1498    .text               led.o
    0x0800f1d8   0x000000ac   Code   RO         1523    .text               finsh_adc.o
    0x0800f284   0x000001a0   Code   RO         1586    .text               mcp3421.o
    0x0800f424   0x00000064   Code   RO         1615    .text               delay_1.o
    0x0800f488   0x00000446   Code   RO         1666    .text               soft_i2c1.o
    0x0800f8ce   0x00000024   Code   RO         1687    .text               mc_w.l(memcpya.o)
    0x0800f8f2   0x00000024   Code   RO         1689    .text               mc_w.l(memseta.o)
    0x0800f916   0x00000018   Code   RO         1691    .text               mc_w.l(strncpy.o)
    0x0800f92e   0x0000000e   Code   RO         1693    .text               mc_w.l(strlen.o)
    0x0800f93c   0x0000001c   Code   RO         1695    .text               mc_w.l(strcmp.o)
    0x0800f958   0x0000001e   Code   RO         1697    .text               mc_w.l(strncmp.o)
    0x0800f976   0x0000001a   Code   RO         1962    .text               mc_w.l(atoi.o)
    0x0800f990   0x000000b0   Code   RO         1964    .text               mf_w.l(fadd.o)
    0x0800fa40   0x00000064   Code   RO         1966    .text               mf_w.l(fmul.o)
    0x0800faa4   0x0000007c   Code   RO         1968    .text               mf_w.l(fdiv.o)
    0x0800fb20   0x00000012   Code   RO         1970    .text               mf_w.l(fflti.o)
    0x0800fb32   0x0000000a   Code   RO         1972    .text               mf_w.l(ffltui.o)
    0x0800fb3c   0x00000026   Code   RO         1974    .text               mf_w.l(f2d.o)
    0x0800fb62   0x0000002c   Code   RO         1993    .text               mc_w.l(uidiv.o)
    0x0800fb8e   0x00000062   Code   RO         1995    .text               mc_w.l(uldiv.o)
    0x0800fbf0   0x00000070   Code   RO         2004    .text               mc_w.l(strtol.o)
    0x0800fc60   0x00000000   Code   RO         2006    .text               mc_w.l(iusefp.o)
    0x0800fc60   0x0000006e   Code   RO         2007    .text               mf_w.l(fepilogue.o)
    0x0800fcce   0x0000014e   Code   RO         2009    .text               mf_w.l(dadd.o)
    0x0800fe1c   0x000000e4   Code   RO         2011    .text               mf_w.l(dmul.o)
    0x0800ff00   0x000000de   Code   RO         2013    .text               mf_w.l(ddiv.o)
    0x0800ffde   0x00000030   Code   RO         2015    .text               mf_w.l(dfixul.o)
    0x0801000e   0x00000002   PAD
    0x08010010   0x00000030   Code   RO         2017    .text               mf_w.l(cdrcmple.o)
    0x08010040   0x00000024   Code   RO         2019    .text               mc_w.l(init.o)
    0x08010064   0x0000001e   Code   RO         2022    .text               mc_w.l(llshl.o)
    0x08010082   0x00000020   Code   RO         2024    .text               mc_w.l(llushr.o)
    0x080100a2   0x00000024   Code   RO         2026    .text               mc_w.l(llsshr.o)
    0x080100c6   0x00000002   PAD
    0x080100c8   0x00000008   Code   RO         2028    .text               mc_w.l(ctype_o.o)
    0x080100d0   0x0000009e   Code   RO         2056    .text               mc_w.l(_strtoul.o)
    0x0801016e   0x000000ba   Code   RO         2059    .text               mf_w.l(depilogue.o)
    0x08010228   0x0000001c   Code   RO         2061    .text               mc_w.l(_chval.o)
    0x08010244   0x00000056   Code   RO         2071    .text               mc_w.l(__dczerorl2.o)
    0x0801029a   0x00000002   PAD
    0x0801029c   0x00000028   Code   RO         1936    i.__0sprintf        mc_w.l(printfa.o)
    0x080102c4   0x00000008   Code   RO         1997    i.__aeabi_errno_addr  mc_w.l(errno.o)
    0x080102cc   0x0000000e   Code   RO         2065    i.__scatterload_copy  mc_w.l(handlers.o)
    0x080102da   0x00000002   Code   RO         2066    i.__scatterload_null  mc_w.l(handlers.o)
    0x080102dc   0x0000000e   Code   RO         2067    i.__scatterload_zeroinit  mc_w.l(handlers.o)
    0x080102ea   0x00000002   PAD
    0x080102ec   0x00000184   Code   RO         1941    i._fp_digits        mc_w.l(printfa.o)
    0x08010470   0x000006dc   Code   RO         1942    i._printf_core      mc_w.l(printfa.o)
    0x08010b4c   0x00000024   Code   RO         1943    i._printf_post_padding  mc_w.l(printfa.o)
    0x08010b70   0x0000002e   Code   RO         1944    i._printf_pre_padding  mc_w.l(printfa.o)
    0x08010b9e   0x0000000a   Code   RO         1946    i._sputc            mc_w.l(printfa.o)
    0x08010ba8   0x0000005c   Data   RO          244    .constdata          usart.o
    0x08010c04   0x000000a8   Data   RO          800    .constdata          device.o
    0x08010cac   0x00000016   Data   RO          815    .constdata          idle.o
    0x08010cc2   0x000001d7   Data   RO          834    .constdata          ipc.o
    0x08010e99   0x00000122   Data   RO          867    .constdata          kservice.o
    0x08010fbb   0x00000046   Data   RO          887    .constdata          mem.o
    0x08011001   0x0000005e   Data   RO          924    .constdata          object.o
    0x0801105f   0x0000004e   Data   RO          944    .constdata          scheduler.o
    0x080110ad   0x000000aa   Data   RO          964    .constdata          thread.o
    0x08011157   0x0000005c   Data   RO          983    .constdata          timer.o
    0x080111b3   0x00000013   Data   RO         1002    .constdata          cpuport.o
    0x080111c6   0x00000124   Data   RO         1056    .constdata          serial.o
    0x080112ea   0x00000039   Data   RO         1069    .constdata          completion.o
    0x08011323   0x0000004b   Data   RO         1085    .constdata          dataqueue.o
    0x0801136e   0x0000007b   Data   RO         1184    .constdata          pin.o
    0x080113e9   0x00000097   Data   RO         1201    .constdata          can.o
    0x08011480   0x00000060   Data   RO         1224    .constdata          shell.o
    0x080114e0   0x00000050   Data   RO         1255    .constdata          cmd.o
    0x08011530   0x000000c4   Data   RO         1381    .constdata          finsh_ops.o
    0x080115f4   0x00000040   Data   RO         1464    .constdata          finsh_token.o
    0x08011634   0x00000081   Data   RO         2029    .constdata          mc_w.l(ctype_o.o)
    0x080116b5   0x00000003   PAD
    0x080116b8   0x00000004   Data   RO         2030    .constdata          mc_w.l(ctype_o.o)
    0x080116bc   0x000000ed   Data   RO          888    .conststring        mem.o
    0x080117a9   0x00000003   PAD
    0x080117ac   0x000001d6   Data   RO         1202    .conststring        can.o
    0x08011982   0x00000002   PAD
    0x08011984   0x0000015d   Data   RO         1256    .conststring        cmd.o
    0x08011ae1   0x00000003   PAD
    0x08011ae4   0x000000f3   Data   RO         1316    .conststring        finsh_error.o
    0x08011bd7   0x00000001   PAD
    0x08011bd8   0x0000003e   Data   RO         1465    .conststring        finsh_token.o
    0x08011c16   0x00000027   Data   RO          890    .rodata.name        mem.o
    0x08011c3d   0x00000069   Data   RO         1185    .rodata.name        pin.o
    0x08011ca6   0x00000026   Data   RO         1204    .rodata.name        can.o
    0x08011ccc   0x000001b3   Data   RO         1258    .rodata.name        cmd.o
    0x08011e7f   0x00000025   Data   RO         1500    .rodata.name        led.o
    0x08011ea4   0x0000001f   Data   RO         1525    .rodata.name        finsh_adc.o
    0x08011ec3   0x00000001   PAD
    0x08011ec4   0x00000004   Data   RO         1479    .rti_fn.0           components.o
    0x08011ec8   0x00000004   Data   RO         1480    .rti_fn.0.end       components.o
    0x08011ecc   0x00000004   Data   RO         1481    .rti_fn.1.end       components.o
    0x08011ed0   0x00000004   Data   RO         1226    .rti_fn.3           shell.o
    0x08011ed4   0x00000004   Data   RO         1482    .rti_fn.6.end       components.o
    0x08011ed8   0x0000000c   Data   RO          891    FSymTab             mem.o
    0x08011ee4   0x00000024   Data   RO         1186    FSymTab             pin.o
    0x08011f08   0x0000000c   Data   RO         1205    FSymTab             can.o
    0x08011f14   0x00000090   Data   RO         1259    FSymTab             cmd.o
    0x08011fa4   0x0000000c   Data   RO         1501    FSymTab             led.o
    0x08011fb0   0x0000000c   Data   RO         1526    FSymTab             finsh_adc.o
    0x08011fbc   0x00000020   Data   RO         2063    Region$$Table       anon$$obj.o
    0x08011fdc   0x00000010   Data   RO         1260    VSymTab             cmd.o


    Execution Region RW_IRAM1 (Base: 0x20000000, Size: 0x000018c0, Max: 0x00010000, ABSOLUTE, COMPRESSED[0x000000c0])

    Base Addr    Size         Type   Attr      Idx    E Section Name        Object

    0x20000000   0x00000018   Data   RW          245    .data               usart.o
    0x20000018   0x00000014   Data   RW          293    .data               system_stm32f10x.o
    0x2000002c   0x00000014   Data   RW          339    .data               stm32f10x_rcc.o
    0x20000040   0x00000004   Data   RW          786    .data               clock.o
    0x20000044   0x00000004   Data   RW          816    .data               idle.o
    0x20000048   0x00000009   Data   RW          851    .data               irq.o
    0x20000051   0x00000003   PAD
    0x20000054   0x0000000c   Data   RW          868    .data               kservice.o
    0x20000060   0x00000020   Data   RW          889    .data               mem.o
    0x20000080   0x000000a4   Data   RW          925    .data               object.o
    0x20000124   0x0000001c   Data   RW          945    .data               scheduler.o
    0x20000140   0x0000000c   Data   RW          965    .data               thread.o
    0x2000014c   0x00000010   Data   RW          984    .data               timer.o
    0x2000015c   0x00000010   Data   RW         1003    .data               cpuport.o
    0x2000016c   0x00000010   Data   RW         1203    .data               can.o
    0x2000017c   0x00000004   Data   RW         1225    .data               shell.o
    0x20000180   0x00000010   Data   RW         1241    .data               symbol.o
    0x20000190   0x00000004   Data   RW         1257    .data               cmd.o
    0x20000194   0x00000008   Data   RW         1279    .data               finsh_compiler.o
    0x2000019c   0x00000040   Data   RW         1317    .data               finsh_error.o
    0x200001dc   0x00000008   Data   RW         1333    .data               finsh_heap.o
    0x200001e4   0x00000004   Data   RW         1415    .data               finsh_var.o
    0x200001e8   0x0000000c   Data   RW         1438    .data               finsh_vm.o
    0x200001f4   0x00000001   Data   RW         1499    .data               led.o
    0x200001f5   0x00000001   Data   RW         1524    .data               finsh_adc.o
    0x200001f6   0x00000002   PAD
    0x200001f8   0x00000006   Data   RW         1587    .data               mcp3421.o
    0x200001fe   0x00000002   PAD
    0x20000200   0x00000004   Data   RW         2000    .data               mc_w.l(errno.o)
    0x20000204   0x00000280   Zero   RW            4    .bss                application.o
    0x20000484   0x00000054   Zero   RW          243    .bss                usart.o
    0x200004d8   0x00000180   Zero   RW          814    .bss                idle.o
    0x20000658   0x00000080   Zero   RW          866    .bss                kservice.o
    0x200006d8   0x00000020   Zero   RW          886    .bss                mem.o
    0x200006f8   0x00000100   Zero   RW          943    .bss                scheduler.o
    0x200007f8   0x00000044   Zero   RW         1183    .bss                pin.o
    0x2000083c   0x00000880   Zero   RW         1223    .bss                shell.o
    0x200010bc   0x00000080   Zero   RW         1332    .bss                finsh_heap.o
    0x2000113c   0x00000140   Zero   RW         1366    .bss                finsh_node.o
    0x2000127c   0x000000c0   Zero   RW         1414    .bss                finsh_var.o
    0x2000133c   0x00000180   Zero   RW         1437    .bss                finsh_vm.o
    0x200014bc   0x00000004   PAD
    0x200014c0   0x00000400   Zero   RW          778    STACK               startup_stm32f10x_hd.o


==============================================================================

Image component sizes


      Code (inc. data)   RO Data    RW Data    ZI Data      Debug   Object Name

       148         26          0          0        640     259702   application.o
       148         20          0          0          0      22945   board.o
      4320        528        671         16          0      10570   can.o
       100          6          0          4          0       1392   clock.o
      3468       1302       1024          4          0      11683   cmd.o
       456        124         57          0          0       3079   completion.o
        96         34         16          0          0       1744   components.o
       236         24          0          0          0        740   context_rvds.o
      1492        718         19         16          0       3819   cpuport.o
      1060        114         75          0          0       6217   dataqueue.o
       100         10          0          0          0       1552   delay_1.o
       804        132        168          0          0       4821   device.o
       172         20         43          1          0       2699   finsh_adc.o
      6168        154          0          8          0      10818   finsh_compiler.o
        44         10        243         64          0       1589   finsh_error.o
       528         18          0          8        128       3363   finsh_heap.o
        88          6          0          0          0       1556   finsh_init.o
       388          4          0          0        320       3288   finsh_node.o
      2776         36        196          0          0       8632   finsh_ops.o
      2428         32          0          0          0       9709   finsh_parser.o
      1664         16        126          0          0       6188   finsh_token.o
       412         18          0          4        192       7341   finsh_var.o
       228         34          0         12        384       6946   finsh_vm.o
       312         74         22          4        384       3277   idle.o
      5716        422        471          0          0      20231   ipc.o
       124         14          0          9          0       1764   irq.o
      2756        242        290         12        128      12152   kservice.o
       116          8         49          1          0       1709   led.o
       416         30          0          6          0       4163   mcp3421.o
      2164        560        358         32         32       5311   mem.o
       484         72          0          0          0       2089   misc.o
       732        150         94        164          0       5868   object.o
       592         94        264          0         68       4964   pin.o
       744        150         78         28        256       4833   scheduler.o
      3072        434        292          0          0       9277   serial.o
      2476        250        100          4       2176       5103   shell.o
      1094         24          0          0          0       3403   soft_i2c1.o
       176         88          0          0          0       1203   startup.o
        36          8        304          0       1024        876   startup_stm32f10x_hd.o
      2372        176          0          0          0       5654   stm32f10x_dma.o
      2688        210          0          0          0       7373   stm32f10x_gpio.o
        18          0          0          0          0        893   stm32f10x_it.o
      2124        120          0         20          0      10360   stm32f10x_rcc.o
      3520        146          0          0          0      10736   stm32f10x_usart.o
         0          0          0         16          0       4301   symbol.o
       488         46          0         20          0       1955   system_stm32f10x.o
      1540        222        170         12          0       8613   thread.o
      1116        100         92         16          0       6987   timer.o
      1168        108         92         24         84      37045   usart.o

    ----------------------------------------------------------------------
     63370       7134       5356        512       5820     570533   Object Totals
         0          0         32          0          0          0   (incl. Generated)
         2          0         10          7          4          0   (incl. Padding)

    ----------------------------------------------------------------------

      Code (inc. data)   RO Data    RW Data    ZI Data      Debug   Library Member Name

        86          0          0          0          0          0   __dczerorl2.o
        28          0          0          0          0         68   _chval.o
       158          0          0          0          0         92   _strtoul.o
        26          0          0          0          0         80   atoi.o
         8          4        133          0          0         68   ctype_o.o
         0          0          0          0          0          0   entry.o
         0          0          0          0          0          0   entry10a.o
         0          0          0          0          0          0   entry11a.o
         8          4          0          0          0          0   entry2.o
         4          0          0          0          0          0   entry5.o
         0          0          0          0          0          0   entry7b.o
         0          0          0          0          0          0   entry8b.o
         8          4          0          0          0          0   entry9a.o
         8          4          0          4          0         68   errno.o
        30          0          0          0          0          0   handlers.o
        36          8          0          0          0         68   init.o
         0          0          0          0          0          0   iusefp.o
        30          0          0          0          0         68   llshl.o
        36          0          0          0          0         68   llsshr.o
        32          0          0          0          0         68   llushr.o
        36          0          0          0          0         68   memcpya.o
        36          0          0          0          0        108   memseta.o
      2276         86          0          0          0        520   printfa.o
        28          0          0          0          0         76   strcmp.o
        14          0          0          0          0         68   strlen.o
        30          0          0          0          0         80   strncmp.o
        24          0          0          0          0         76   strncpy.o
       112          0          0          0          0         88   strtol.o
        44          0          0          0          0         80   uidiv.o
        98          0          0          0          0         92   uldiv.o
        48          0          0          0          0         68   cdrcmple.o
       334          0          0          0          0        148   dadd.o
       222          0          0          0          0        100   ddiv.o
       186          0          0          0          0        176   depilogue.o
        48          0          0          0          0         68   dfixul.o
       228          0          0          0          0         96   dmul.o
        38          0          0          0          0         68   f2d.o
       176          0          0          0          0        140   fadd.o
       124          0          0          0          0         88   fdiv.o
       110          0          0          0          0        168   fepilogue.o
        18          0          0          0          0         68   fflti.o
        10          0          0          0          0         68   ffltui.o
       100          0          0          0          0         76   fmul.o

    ----------------------------------------------------------------------
      4846        110        136          4          0       3236   Library Totals
         8          0          3          0          0          0   (incl. Padding)

    ----------------------------------------------------------------------

      Code (inc. data)   RO Data    RW Data    ZI Data      Debug   Library Name

      3196        110        133          4          0       1904   mc_w.l
      1642          0          0          0          0       1332   mf_w.l

    ----------------------------------------------------------------------
      4846        110        136          4          0       3236   Library Totals

    ----------------------------------------------------------------------

==============================================================================


      Code (inc. data)   RO Data    RW Data    ZI Data      Debug   

     68216       7244       5492        516       5820     568385   Grand Totals
     68216       7244       5492        192       5820     568385   ELF Image Totals (compressed)
     68216       7244       5492        192          0          0   ROM Totals

==============================================================================

    Total RO  Size (Code + RO Data)                73708 (  71.98kB)
    Total RW  Size (RW Data + ZI Data)              6336 (   6.19kB)
    Total ROM Size (Code + RO Data + RW Data)      73900 (  72.17kB)

==============================================================================

