<html>
<body>
<pre>
<h1>µVision Build Log</h1>
<h2>Tool Versions:</h2>
IDE-Version: ¦ÌVision V5.23.0.0
Copyright (C) 2017 ARM Ltd and ARM Germany GmbH. All rights reserved.
License Information: 1111 1111, 1111, LIC=LJWBS-LHPYS-66JQS-LCJE3-0UQXX-6F4US
 
Tool Versions:
Toolchain:       MDK-ARM Professional  Version: 5.23
Toolchain Path:  D:\Keil\MDK\ARM\ARMCC\Bin
C Compiler:      Armcc.exe V5.06 update 4 (build 422)
Assembler:       Armasm.exe V5.06 update 4 (build 422)
Linker/Locator:  ArmLink.exe V5.06 update 4 (build 422)
Library Manager: ArmAr.exe V5.06 update 4 (build 422)
Hex Converter:   FromElf.exe V5.06 update 4 (build 422)
CPU DLL:         SARMCM3.DLL V5.23
Dialog DLL:      DARMSTM.DLL V1.68.0.0
Target DLL:      UL2CM3.DLL V1.159.7.0
Dialog DLL:      TARMSTM.DLL V1.66.0.0
 
<h2>Project:</h2>
E:\MyCode\stm32f10x_std3.5_mdk\NoRTOS_cmd_str\user\myStr.uvprojx
Project File Date:  09/16/2017

<h2>Output:</h2>
*** Using Compiler 'V5.06 update 4 (build 422)', folder: 'D:\Keil\MDK\ARM\ARMCC\Bin'
Build target 'myStr'
compiling commands.c...
..\cmd\commands.c(191): warning:  #550-D: variable "DataSet"  was set but never used
  		u8 DataSet;		
..\cmd\commands.c(275): warning:  #940-D: missing return statement at end of non-void function "CMD_int" 
  }
..\cmd\commands.c(361): warning:  #940-D: missing return statement at end of non-void function "CMD_GetInputStatus" 
  }
..\cmd\commands.c(375): warning:  #940-D: missing return statement at end of non-void function "CMD_SetOutputStatus" 
  }
..\cmd\commands.c(628): warning:  #167-D: argument of type "uint8_t *" is incompatible with parameter of type "const char *"
  		if( strcmp(data_iic,"24c04 test")==0 ) printf("24c04 ok\r\n");else {printf("24c04 err\r\n");}
..\cmd\commands.c(629): warning:  #167-D: argument of type "uint8_t *" is incompatible with parameter of type "const char *"
  		if( strcmp(data_flash,"w25q32 test")==0 )	printf("w25q32 ok\r\n");else{printf("w25q32 err\r\n");}
..\cmd\commands.c: 6 warnings, 0 errors
linking...
Program Size: Code=29130 RO-data=930 RW-data=1192 ZI-data=5944  
FromELF: creating hex file...
"..\OBJ\MB1616007_B188.axf" - 0 Error(s), 6 Warning(s).

<h2>Collection of Component include folders:</h2>
  .\RTE\_myStr
  D:\Keil\MDK\ARM\PACK\Keil\STM32F1xx_DFP\2.2.0\Device\Include

<h2>Collection of Component Files used:</h2>
Build Time Elapsed:  00:00:05
</pre>
</body>
</html>
